Archive member included to satisfy reference by file (symbol)

.\CortexM3\ARM_GCC_541\Debug\usb_echo.a(USB.o)
                              .\CortexM3\ARM_GCC_541\Debug\main.o (USB_Start)
.\CortexM3\ARM_GCC_541\Debug\usb_echo.a(USB_drv.o)
                              .\CortexM3\ARM_GCC_541\Debug\usb_echo.a(USB.o) (USB_lastPacketSize)
.\CortexM3\ARM_GCC_541\Debug\usb_echo.a(USB_episr.o)
                              .\CortexM3\ARM_GCC_541\Debug\usb_echo.a(USB.o) (USB_EP_1_ISR)
.\CortexM3\ARM_GCC_541\Debug\usb_echo.a(USB_pm.o)
                              .\CortexM3\ARM_GCC_541\Debug\usb_echo.a(USB.o) (USB_DP_ISR)
.\CortexM3\ARM_GCC_541\Debug\usb_echo.a(USB_std.o)
                              .\CortexM3\ARM_GCC_541\Debug\usb_echo.a(USB_pm.o) (USB_ConfigReg)
.\CortexM3\ARM_GCC_541\Debug\usb_echo.a(USB_vnd.o)
                              .\CortexM3\ARM_GCC_541\Debug\usb_echo.a(USB_drv.o) (USB_HandleVendorRqst)
.\CortexM3\ARM_GCC_541\Debug\usb_echo.a(USB_Dp.o)
                              .\CortexM3\ARM_GCC_541\Debug\usb_echo.a(USB.o) (USB_Dp_ClearInterrupt)
.\CortexM3\ARM_GCC_541\Debug\usb_echo.a(CyLib.o)
                              .\CortexM3\ARM_GCC_541\Debug\Cm3Start.o (CyHalt)
.\CortexM3\ARM_GCC_541\Debug\usb_echo.a(cyPm.o)
                              .\CortexM3\ARM_GCC_541\Debug\usb_echo.a(CyLib.o) (CyPmReadStatus)
.\CortexM3\ARM_GCC_541\Debug\usb_echo.a(LCD.o)
                              .\CortexM3\ARM_GCC_541\Debug\main.o (LCD_PutChar)
.\CortexM3\ARM_GCC_541\Debug\usb_echo.a(UART.o)
                              .\CortexM3\ARM_GCC_541\Debug\main.o (UART_Start)
.\CortexM3\ARM_GCC_541\Debug\usb_echo.a(rx_int.o)
                              .\CortexM3\ARM_GCC_541\Debug\main.o (rx_int_StartEx)
.\CortexM3\ARM_GCC_541\Debug\usb_echo.a(UART_IntClock.o)
                              .\CortexM3\ARM_GCC_541\Debug\usb_echo.a(UART.o) (UART_IntClock_Start)
.\CortexM3\ARM_GCC_541\Debug\usb_echo.a(CyBootAsmGnu.o)
                              .\CortexM3\ARM_GCC_541\Debug\cyfitter_cfg.o (CyDelayCycles)
.\CortexM3\ARM_GCC_541\Debug\usb_echo.a(USB_cls.o)
                              .\CortexM3\ARM_GCC_541\Debug\usb_echo.a(USB_drv.o) (USB_DispatchClassRqst)
.\CortexM3\ARM_GCC_541\Debug\usb_echo.a(USB_descr.o)
                              .\CortexM3\ARM_GCC_541\Debug\usb_echo.a(USB_std.o) (USB_TABLE)
.\CortexM3\ARM_GCC_541\Debug\usb_echo.a(CyFlash.o)
                              .\CortexM3\ARM_GCC_541\Debug\usb_echo.a(cyPm.o) (CyFlash_SetWaitCycles)
.\CortexM3\ARM_GCC_541\Debug\usb_echo.a(CySpc.o)
                              .\CortexM3\ARM_GCC_541\Debug\usb_echo.a(CyFlash.o) (CySpcStart)
c:/program files (x86)/cypress/psoc creator/4.2/psoc creator/import/gnu/arm/5.4.1/bin/../lib/gcc/arm-none-eabi/5.4.1/../../../../arm-none-eabi/lib/armv7-m\libg_nano.a(lib_a-atoi.o)
                              .\CortexM3\ARM_GCC_541\Debug\main.o (atoi)
c:/program files (x86)/cypress/psoc creator/4.2/psoc creator/import/gnu/arm/5.4.1/bin/../lib/gcc/arm-none-eabi/5.4.1/../../../../arm-none-eabi/lib/armv7-m\libg_nano.a(lib_a-errno.o)
                              .\CortexM3\ARM_GCC_541\Debug\Cm3Start.o (__errno)
c:/program files (x86)/cypress/psoc creator/4.2/psoc creator/import/gnu/arm/5.4.1/bin/../lib/gcc/arm-none-eabi/5.4.1/../../../../arm-none-eabi/lib/armv7-m\libg_nano.a(lib_a-exit.o)
                              c:/program files (x86)/cypress/psoc creator/4.2/psoc creator/import/gnu/arm/5.4.1/bin/../lib/gcc/arm-none-eabi/5.4.1/../../../../arm-none-eabi/lib/armv7-m/crt0.o (exit)
c:/program files (x86)/cypress/psoc creator/4.2/psoc creator/import/gnu/arm/5.4.1/bin/../lib/gcc/arm-none-eabi/5.4.1/../../../../arm-none-eabi/lib/armv7-m\libg_nano.a(lib_a-impure.o)
                              c:/program files (x86)/cypress/psoc creator/4.2/psoc creator/import/gnu/arm/5.4.1/bin/../lib/gcc/arm-none-eabi/5.4.1/../../../../arm-none-eabi/lib/armv7-m\libg_nano.a(lib_a-exit.o) (_global_impure_ptr)
c:/program files (x86)/cypress/psoc creator/4.2/psoc creator/import/gnu/arm/5.4.1/bin/../lib/gcc/arm-none-eabi/5.4.1/../../../../arm-none-eabi/lib/armv7-m\libg_nano.a(lib_a-init.o)
                              c:/program files (x86)/cypress/psoc creator/4.2/psoc creator/import/gnu/arm/5.4.1/bin/../lib/gcc/arm-none-eabi/5.4.1/../../../../arm-none-eabi/lib/armv7-m/crt0.o (__libc_init_array)
c:/program files (x86)/cypress/psoc creator/4.2/psoc creator/import/gnu/arm/5.4.1/bin/../lib/gcc/arm-none-eabi/5.4.1/../../../../arm-none-eabi/lib/armv7-m\libg_nano.a(lib_a-memcpy-stub.o)
                              .\CortexM3\ARM_GCC_541\Debug\cyfitter_cfg.o (memcpy)
c:/program files (x86)/cypress/psoc creator/4.2/psoc creator/import/gnu/arm/5.4.1/bin/../lib/gcc/arm-none-eabi/5.4.1/../../../../arm-none-eabi/lib/armv7-m\libg_nano.a(lib_a-memset.o)
                              c:/program files (x86)/cypress/psoc creator/4.2/psoc creator/import/gnu/arm/5.4.1/bin/../lib/gcc/arm-none-eabi/5.4.1/../../../../arm-none-eabi/lib/armv7-m/crt0.o (memset)
[...]
Memory Configuration

Name             Origin             Length             Attributes
rom              0x00000000         0x00040000         xr
ram              0x1fff8000         0x00010000         xrw
*default*        0x00000000         0xffffffff

Linker script and memory map

LOAD c:/program files (x86)/cypress/psoc creator/4.2/psoc creator/import/gnu/arm/5.4.1/bin/../lib/gcc/arm-none-eabi/5.4.1/armv7-m/crti.o
LOAD c:/program files (x86)/cypress/psoc creator/4.2/psoc creator/import/gnu/arm/5.4.1/bin/../lib/gcc/arm-none-eabi/5.4.1/armv7-m/crtbegin.o
LOAD c:/program files (x86)/cypress/psoc creator/4.2/psoc creator/import/gnu/arm/5.4.1/bin/../lib/gcc/arm-none-eabi/5.4.1/../../../../arm-none-eabi/lib/armv7-m/crt0.o
START GROUP
LOAD .\CortexM3\ARM_GCC_541\Debug\main.o
LOAD .\CortexM3\ARM_GCC_541\Debug\cyfitter_cfg.o
LOAD .\CortexM3\ARM_GCC_541\Debug\cymetadata.o
LOAD .\CortexM3\ARM_GCC_541\Debug\Cm3Start.o
LOAD .\CortexM3\ARM_GCC_541\Debug\usb_echo.a
LOAD C:\Program Files (x86)\Cypress\PSoC Creator\4.2\PSoC Creator\psoc\content\cycomponentlibrary\CyComponentLibrary.cylib\CortexM3\ARM_GCC_541\Debug\CyComponentLibrary.a
END GROUP
START GROUP
LOAD c:/program files (x86)/cypress/psoc creator/4.2/psoc creator/import/gnu/arm/5.4.1/bin/../lib/gcc/arm-none-eabi/5.4.1/armv7-m\libgcc.a
LOAD c:/program files (x86)/cypress/psoc creator/4.2/psoc creator/import/gnu/arm/5.4.1/bin/../lib/gcc/arm-none-eabi/5.4.1/../../../../arm-none-eabi/lib/armv7-m\libg_nano.a
LOAD c:/program files (x86)/cypress/psoc creator/4.2/psoc creator/import/gnu/arm/5.4.1/bin/../lib/gcc/arm-none-eabi/5.4.1/../../../../arm-none-eabi/lib/armv7-m\libc_nano.a
END GROUP
START GROUP
LOAD c:/program files (x86)/cypress/psoc creator/4.2/psoc creator/import/gnu/arm/5.4.1/bin/../lib/gcc/arm-none-eabi/5.4.1/armv7-m\libgcc.a
LOAD c:/program files (x86)/cypress/psoc creator/4.2/psoc creator/import/gnu/arm/5.4.1/bin/../lib/gcc/arm-none-eabi/5.4.1/../../../../arm-none-eabi/lib/armv7-m\libc_nano.a
END GROUP
LOAD c:/program files (x86)/cypress/psoc creator/4.2/psoc creator/import/gnu/arm/5.4.1/bin/../lib/gcc/arm-none-eabi/5.4.1/armv7-m/crtend.o
LOAD c:/program files (x86)/cypress/psoc creator/4.2/psoc creator/import/gnu/arm/5.4.1/bin/../lib/gcc/arm-none-eabi/5.4.1/armv7-m/crtn.o
START GROUP
LOAD c:/program files (x86)/cypress/psoc creator/4.2/psoc creator/import/gnu/arm/5.4.1/bin/../lib/gcc/arm-none-eabi/5.4.1/armv7-m\libgcc.a
LOAD c:/program files (x86)/cypress/psoc creator/4.2/psoc creator/import/gnu/arm/5.4.1/bin/../lib/gcc/arm-none-eabi/5.4.1/../../../../arm-none-eabi/lib/armv7-m\libc.a
LOAD c:/program files (x86)/cypress/psoc creator/4.2/psoc creator/import/gnu/arm/5.4.1/bin/../lib/gcc/arm-none-eabi/5.4.1/../../../../arm-none-eabi/lib/armv7-m\libnosys.a
END GROUP
                0x00000000                CY_APPL_ORIGIN = 0x0
                0x00000100                CY_FLASH_ROW_SIZE = 0x100
                0x00000020                CY_ECC_ROW_SIZE = 0x20
                0x00000000                CY_EE_IN_BTLDR = 0x0
                0x00000000                CY_APPL_LOADABLE = 0x0
                0x00000800                CY_EE_SIZE = 0x800
                0x00000001                CY_APPL_NUM = 0x1
                0x00000001                CY_APPL_MAX = 0x1
                0x00000040                CY_METADATA_SIZE = 0x40
                0x00000000                CY_APPL_LOADABLE = 0x0
                0x00000000                CY_CHECKSUM_EXCLUDE_SIZE = ALIGN (0x0, CY_FLASH_ROW_SIZE)
                [!provide]                PROVIDE (__cy_heap_start, _end)
                0x00000001                PROVIDE (__cy_region_num, ((__cy_regions_end - __cy_regions) / 0x10))
                0x20008000                PROVIDE (__cy_stack, (ORIGIN (ram) + LENGTH (ram)))
                [!provide]                PROVIDE (__cy_heap_end, (__cy_stack - 0x800))

.cybootloader   0x00000000        0x0
 *(.cybootloader)
                0x00000000                appl1_start = CY_APPL_ORIGIN?CY_APPL_ORIGIN:ALIGN (CY_FLASH_ROW_SIZE)
                0x0001ff00                appl2_start = (appl1_start + ALIGN ((((LENGTH (rom) - appl1_start) - (0x2 * CY_FLASH_ROW_SIZE)) / 0x2), CY_FLASH_ROW_SIZE))
                0x00000000                appl_start = (CY_APPL_NUM == 0x1)?appl1_start:appl2_start
                0x00000000                ecc_offset = ((appl_start / CY_FLASH_ROW_SIZE) * CY_ECC_ROW_SIZE)
                0x00000000                ee_offset = (CY_APPL_LOADABLE && ! (CY_EE_IN_BTLDR))?((CY_EE_SIZE / CY_APPL_MAX) * (CY_APPL_NUM - 0x1)):0x0
                0x00000800                ee_size = (CY_APPL_LOADABLE && ! (CY_EE_IN_BTLDR))?(CY_EE_SIZE / CY_APPL_MAX):CY_EE_SIZE
                [!provide]                PROVIDE (CY_ECC_OFFSET, ecc_offset)

.text           0x00000000     0x28de
 CREATE_OBJECT_SYMBOLS
                0x00000000                PROVIDE (__cy_interrupt_vector, RomVectors)
 *(.romvectors)
 .romvectors    0x00000000       0x10 .\CortexM3\ARM_GCC_541\Debug\Cm3Start.o
                0x00000000                RomVectors
                0x00000001                ASSERT ((. != __cy_interrupt_vector), No interrupt vector)
                0x00000001                ASSERT (CY_APPL_ORIGIN?(SIZEOF (.cybootloader) <= CY_APPL_ORIGIN):0x1, Wrong image location)
                0x00000010                PROVIDE (__cy_reset, Reset)
 *(.text.Reset)
 .text.Reset    0x00000010       0x18 .\CortexM3\ARM_GCC_541\Debug\Cm3Start.o
                0x00000010                Reset
                0x00000001                ASSERT ((. != __cy_reset), No reset code)
 *(.dma_init)
                0x00000001                ASSERT ((((appl_start + .) <= 0x10000) || 0x1), DMA Init must be within the first 64k of flash)
 *(.text .text.* .gnu.linkonce.t.*)
 .text          0x00000028       0x5c c:/program files (x86)/cypress/psoc creator/4.2/psoc creator/import/gnu/arm/5.4.1/bin/../lib/gcc/arm-none-eabi/5.4.1/armv7-m/crtbegin.o
 .text.RX_INT   0x00000084       0xa0 .\CortexM3\ARM_GCC_541\Debug\main.o
                0x00000084                RX_INT
 .text.main     0x00000124      0x454 .\CortexM3\ARM_GCC_541\Debug\main.o
                0x00000124                main
 .text.CyClockStartupError
                0x00000578        0x4 .\CortexM3\ARM_GCC_541\Debug\cyfitter_cfg.o
 .text.cfg_write_bytes32
                0x0000057c       0x34 .\CortexM3\ARM_GCC_541\Debug\cyfitter_cfg.o
 .text.AnalogSetDefault
                0x000005b0       0x28 .\CortexM3\ARM_GCC_541\Debug\cyfitter_cfg.o
 .text.CYMEMZERO
                0x000005d8        0xc .\CortexM3\ARM_GCC_541\Debug\cyfitter_cfg.o
 .text.ClockSetup
                0x000005e4       0xbc .\CortexM3\ARM_GCC_541\Debug\cyfitter_cfg.o
 .text.CYCONFIGCPY
                0x000006a0        0x8 .\CortexM3\ARM_GCC_541\Debug\cyfitter_cfg.o
 .text.cyfitter_cfg
                0x000006a8      0x13c .\CortexM3\ARM_GCC_541\Debug\cyfitter_cfg.o
                0x000006a8                cyfitter_cfg
 .text.IntDefaultHandler
                0x000007e4       0x10 .\CortexM3\ARM_GCC_541\Debug\Cm3Start.o
                0x000007e4                IntDefaultHandler
 .text._sbrk    0x000007f4       0x30 .\CortexM3\ARM_GCC_541\Debug\Cm3Start.o
                0x000007f4                _sbrk
 .text.Start_c  0x00000824       0x4c .\CortexM3\ARM_GCC_541\Debug\Cm3Start.o
                0x00000824                Start_c
 .text.initialize_psoc
                0x00000870       0x68 .\CortexM3\ARM_GCC_541\Debug\Cm3Start.o
                0x00000870                initialize_psoc
 .text.USB_Init
                0x000008d8      0x118 .\CortexM3\ARM_GCC_541\Debug\usb_echo.a(USB.o)
                0x000008d8                USB_Init
 .text.USB_InitComponent
                0x000009f0       0xb0 .\CortexM3\ARM_GCC_541\Debug\usb_echo.a(USB.o)
                0x000009f0                USB_InitComponent
 .text.USB_Start
                0x00000aa0       0x24 .\CortexM3\ARM_GCC_541\Debug\usb_echo.a(USB.o)
                0x00000aa0                USB_Start
 .text.USB_ReInitComponent
                0x00000ac4       0x4c .\CortexM3\ARM_GCC_541\Debug\usb_echo.a(USB.o)
                0x00000ac4                USB_ReInitComponent
 .text.USB_GetConfiguration
                0x00000b10        0xc .\CortexM3\ARM_GCC_541\Debug\usb_echo.a(USB.o)
                0x00000b10                USB_GetConfiguration
 .text.USB_GetEPState
                0x00000b1c       0x14 .\CortexM3\ARM_GCC_541\Debug\usb_echo.a(USB.o)
                0x00000b1c                USB_GetEPState
 .text.USB_GetEPCount
                0x00000b30       0x28 .\CortexM3\ARM_GCC_541\Debug\usb_echo.a(USB.o)
                0x00000b30                USB_GetEPCount
 .text.USB_LoadInEP
                0x00000b58       0x94 .\CortexM3\ARM_GCC_541\Debug\usb_echo.a(USB.o)
                0x00000b58                USB_LoadInEP
 .text.USB_EnableOutEP
                0x00000bec       0x2c .\CortexM3\ARM_GCC_541\Debug\usb_echo.a(USB.o)
                0x00000bec                USB_EnableOutEP
 .text.USB_ReadOutEP
                0x00000c18       0x50 .\CortexM3\ARM_GCC_541\Debug\usb_echo.a(USB.o)
                0x00000c18                USB_ReadOutEP
 .text.USB_LoadEP0
                0x00000c68       0x98 .\CortexM3\ARM_GCC_541\Debug\usb_echo.a(USB_drv.o)
                0x00000c68                USB_LoadEP0
 .text.USB_InitZeroLengthControlTransfer
                0x00000d00       0x34 .\CortexM3\ARM_GCC_541\Debug\usb_echo.a(USB_drv.o)
                0x00000d00                USB_InitZeroLengthControlTransfer
 .text.USB_ControlReadDataStage
                0x00000d34        0x8 .\CortexM3\ARM_GCC_541\Debug\usb_echo.a(USB_drv.o)
                0x00000d34                USB_ControlReadDataStage
 .text.USB_ControlWriteDataStage
                0x00000d3c       0x84 .\CortexM3\ARM_GCC_541\Debug\usb_echo.a(USB_drv.o)
                0x00000d3c                USB_ControlWriteDataStage
 .text.USB_InitNoDataControlTransfer
                0x00000dc0       0x2c .\CortexM3\ARM_GCC_541\Debug\usb_echo.a(USB_drv.o)
                0x00000dc0                USB_InitNoDataControlTransfer
 .text.USB_UpdateStatusBlock
                0x00000dec       0x24 .\CortexM3\ARM_GCC_541\Debug\usb_echo.a(USB_drv.o)
                0x00000dec                USB_UpdateStatusBlock
 .text.USB_HandleSetup
                0x00000e10       0x5c .\CortexM3\ARM_GCC_541\Debug\usb_echo.a(USB_drv.o)
                0x00000e10                USB_HandleSetup
 .text.USB_ControlReadStatusStage
                0x00000e6c       0x38 .\CortexM3\ARM_GCC_541\Debug\usb_echo.a(USB_drv.o)
                0x00000e6c                USB_ControlReadStatusStage
 .text.USB_HandleOUT
                0x00000ea4       0x38 .\CortexM3\ARM_GCC_541\Debug\usb_echo.a(USB_drv.o)
                0x00000ea4                USB_HandleOUT
 .text.USB_ControlWriteStatusStage
                0x00000edc       0x20 .\CortexM3\ARM_GCC_541\Debug\usb_echo.a(USB_drv.o)
                0x00000edc                USB_ControlWriteStatusStage
 .text.USB_NoDataControlStatusStage
                0x00000efc       0x40 .\CortexM3\ARM_GCC_541\Debug\usb_echo.a(USB_drv.o)
                0x00000efc                USB_NoDataControlStatusStage
 .text.USB_HandleIN
                0x00000f3c       0x2c .\CortexM3\ARM_GCC_541\Debug\usb_echo.a(USB_drv.o)
                0x00000f3c                USB_HandleIN
 .text.USB_EP_0_ISR
                0x00000f68       0xb8 .\CortexM3\ARM_GCC_541\Debug\usb_echo.a(USB_drv.o)
                0x00000f68                USB_EP_0_ISR
 .text.USB_InitializeStatusBlock
                0x00001020       0x24 .\CortexM3\ARM_GCC_541\Debug\usb_echo.a(USB_drv.o)
                0x00001020                USB_InitializeStatusBlock
 .text.USB_InitControlRead
                0x00001044       0x50 .\CortexM3\ARM_GCC_541\Debug\usb_echo.a(USB_drv.o)
                0x00001044                USB_InitControlRead
 .text.USB_EP_1_ISR
                0x00001094       0x30 .\CortexM3\ARM_GCC_541\Debug\usb_echo.a(USB_episr.o)
                0x00001094                USB_EP_1_ISR
 .text.USB_EP_2_ISR
                0x000010c4       0x34 .\CortexM3\ARM_GCC_541\Debug\usb_echo.a(USB_episr.o)
                0x000010c4                USB_EP_2_ISR
 .text.USB_BUS_RESET_ISR
                0x000010f8        0x8 .\CortexM3\ARM_GCC_541\Debug\usb_echo.a(USB_episr.o)
                0x000010f8                USB_BUS_RESET_ISR
 .text.USB_DP_ISR
                0x00001100        0x8 .\CortexM3\ARM_GCC_541\Debug\usb_echo.a(USB_pm.o)
                0x00001100                USB_DP_ISR
 .text.USB_ConfigReg
                0x00001108       0xa4 .\CortexM3\ARM_GCC_541\Debug\usb_echo.a(USB_std.o)
                0x00001108                USB_ConfigReg
 .text.USB_GetConfigTablePtr
                0x000011ac       0x28 .\CortexM3\ARM_GCC_541\Debug\usb_echo.a(USB_std.o)
                0x000011ac                USB_GetConfigTablePtr
 .text.USB_ConfigAltChanged
                0x000011d4      0x11c .\CortexM3\ARM_GCC_541\Debug\usb_echo.a(USB_std.o)
                0x000011d4                USB_ConfigAltChanged
 .text.USB_GetDeviceTablePtr
                0x000012f0       0x18 .\CortexM3\ARM_GCC_541\Debug\usb_echo.a(USB_std.o)
                0x000012f0                USB_GetDeviceTablePtr
 .text.USB_GetInterfaceClassTablePtr
                0x00001308       0x28 .\CortexM3\ARM_GCC_541\Debug\usb_echo.a(USB_std.o)
                0x00001308                USB_GetInterfaceClassTablePtr
 .text.USB_Config
                0x00001330      0x1c4 .\CortexM3\ARM_GCC_541\Debug\usb_echo.a(USB_std.o)
                0x00001330                USB_Config
 .text.USB_SetEndpointHalt
                0x000014f4       0x64 .\CortexM3\ARM_GCC_541\Debug\usb_echo.a(USB_std.o)
                0x000014f4                USB_SetEndpointHalt
 .text.USB_ClearEndpointHalt
                0x00001558       0xac .\CortexM3\ARM_GCC_541\Debug\usb_echo.a(USB_std.o)
                0x00001558                USB_ClearEndpointHalt
 .text.USB_ValidateAlternateSetting
                0x00001604       0x4c .\CortexM3\ARM_GCC_541\Debug\usb_echo.a(USB_std.o)
                0x00001604                USB_ValidateAlternateSetting
 .text.USB_HandleStandardRqst
                0x00001650      0x328 .\CortexM3\ARM_GCC_541\Debug\usb_echo.a(USB_std.o)
                0x00001650                USB_HandleStandardRqst
 .text.USB_HandleVendorRqst
                0x00001978       0x18 .\CortexM3\ARM_GCC_541\Debug\usb_echo.a(USB_vnd.o)
                0x00001978                USB_HandleVendorRqst
 .text.USB_Dp_ClearInterrupt
                0x00001990       0x10 .\CortexM3\ARM_GCC_541\Debug\usb_echo.a(USB_Dp.o)
                0x00001990                USB_Dp_ClearInterrupt
 .text.CyHalt   0x000019a0        0x4 .\CortexM3\ARM_GCC_541\Debug\usb_echo.a(CyLib.o)
                0x000019a0                CyHalt
 .text.CyDelay  0x000019a4       0x2c .\CortexM3\ARM_GCC_541\Debug\usb_echo.a(CyLib.o)
                0x000019a4                CyDelay
 .text.CyDelayUs
                0x000019d0       0x14 .\CortexM3\ARM_GCC_541\Debug\usb_echo.a(CyLib.o)
                0x000019d0                CyDelayUs
 .text.CyIntSetVector
                0x000019e4       0x28 .\CortexM3\ARM_GCC_541\Debug\usb_echo.a(CyLib.o)
                0x000019e4                CyIntSetVector
 .text.CyIntSetPriority
                0x00001a0c       0x30 .\CortexM3\ARM_GCC_541\Debug\usb_echo.a(CyLib.o)
                0x00001a0c                CyIntSetPriority
 .text.LCD_WrCntrlNib
                0x00001a3c       0x34 .\CortexM3\ARM_GCC_541\Debug\usb_echo.a(LCD.o)
 .text.LCD_WrDatNib
                0x00001a70       0x44 .\CortexM3\ARM_GCC_541\Debug\usb_echo.a(LCD.o)
 .text.LCD_IsReady
                0x00001ab4       0xe4 .\CortexM3\ARM_GCC_541\Debug\usb_echo.a(LCD.o)
                0x00001ab4                LCD_IsReady
 .text.LCD_WriteData
                0x00001b98       0x18 .\CortexM3\ARM_GCC_541\Debug\usb_echo.a(LCD.o)
                0x00001b98                LCD_WriteData
 .text.LCD_PutChar
                0x00001bb0        0x8 .\CortexM3\ARM_GCC_541\Debug\usb_echo.a(LCD.o)
                0x00001bb0                LCD_PutChar
 .text.LCD_WriteControl
                0x00001bb8       0x18 .\CortexM3\ARM_GCC_541\Debug\usb_echo.a(LCD.o)
                0x00001bb8                LCD_WriteControl
 .text.LCD_Init
                0x00001bd0       0x6c .\CortexM3\ARM_GCC_541\Debug\usb_echo.a(LCD.o)
                0x00001bd0                LCD_Init
 .text.LCD_Enable
                0x00001c3c       0x14 .\CortexM3\ARM_GCC_541\Debug\usb_echo.a(LCD.o)
                0x00001c3c                LCD_Enable
 .text.LCD_Start
                0x00001c50       0x1c .\CortexM3\ARM_GCC_541\Debug\usb_echo.a(LCD.o)
                0x00001c50                LCD_Start
 .text.UART_Init
                0x00001c6c       0x24 .\CortexM3\ARM_GCC_541\Debug\usb_echo.a(UART.o)
                0x00001c6c                UART_Init
 .text.UART_Enable
                0x00001c90       0x38 .\CortexM3\ARM_GCC_541\Debug\usb_echo.a(UART.o)
                0x00001c90                UART_Enable
 .text.UART_Start
                0x00001cc8       0x1c .\CortexM3\ARM_GCC_541\Debug\usb_echo.a(UART.o)
                0x00001cc8                UART_Start
 .text.UART_ReadRxData
                0x00001ce4        0xc .\CortexM3\ARM_GCC_541\Debug\usb_echo.a(UART.o)
                0x00001ce4                UART_ReadRxData
 .text.UART_ClearRxBuffer
                0x00001cf0       0x24 .\CortexM3\ARM_GCC_541\Debug\usb_echo.a(UART.o)
                0x00001cf0                UART_ClearRxBuffer
 .text.UART_PutChar
                0x00001d14       0x18 .\CortexM3\ARM_GCC_541\Debug\usb_echo.a(UART.o)
                0x00001d14                UART_PutChar
 .text.rx_int_SetVector
                0x00001d2c        0xc .\CortexM3\ARM_GCC_541\Debug\usb_echo.a(rx_int.o)
                0x00001d2c                rx_int_SetVector
 .text.rx_int_SetPriority
                0x00001d38       0x10 .\CortexM3\ARM_GCC_541\Debug\usb_echo.a(rx_int.o)
                0x00001d38                rx_int_SetPriority
 .text.rx_int_Enable
                0x00001d48        0xc .\CortexM3\ARM_GCC_541\Debug\usb_echo.a(rx_int.o)
                0x00001d48                rx_int_Enable
 .text.rx_int_Disable
                0x00001d54        0xc .\CortexM3\ARM_GCC_541\Debug\usb_echo.a(rx_int.o)
                0x00001d54                rx_int_Disable
 .text.rx_int_StartEx
                0x00001d60       0x1c .\CortexM3\ARM_GCC_541\Debug\usb_echo.a(rx_int.o)
                0x00001d60                rx_int_StartEx
 .text.UART_IntClock_Start
                0x00001d7c       0x1c .\CortexM3\ARM_GCC_541\Debug\usb_echo.a(UART_IntClock.o)
                0x00001d7c                UART_IntClock_Start
 .text          0x00001d98       0x20 .\CortexM3\ARM_GCC_541\Debug\usb_echo.a(CyBootAsmGnu.o)
                0x00001d98                CyDelayCycles
                0x00001da8                CyEnterCriticalSection
                0x00001db0                CyExitCriticalSection
 .text.USB_DispatchClassRqst
                0x00001db8       0x38 .\CortexM3\ARM_GCC_541\Debug\usb_echo.a(USB_cls.o)
                0x00001db8                USB_DispatchClassRqst
 .text.atoi     0x00001df0        0x8 c:/program files (x86)/cypress/psoc creator/4.2/psoc creator/import/gnu/arm/5.4.1/bin/../lib/gcc/arm-none-eabi/5.4.1/../../../../arm-none-eabi/lib/armv7-m\libg_nano.a(lib_a-atoi.o)
                0x00001df0                atoi
 .text.__errno  0x00001df8        0xc c:/program files (x86)/cypress/psoc creator/4.2/psoc creator/import/gnu/arm/5.4.1/bin/../lib/gcc/arm-none-eabi/5.4.1/../../../../arm-none-eabi/lib/armv7-m\libg_nano.a(lib_a-errno.o)
                0x00001df8                __errno
 .text.__libc_init_array
                0x00001e04       0x4c c:/program files (x86)/cypress/psoc creator/4.2/psoc creator/import/gnu/arm/5.4.1/bin/../lib/gcc/arm-none-eabi/5.4.1/../../../../arm-none-eabi/lib/armv7-m\libg_nano.a(lib_a-init.o)
                0x00001e04                __libc_init_array
 .text.memcpy   0x00001e50       0x16 c:/program files (x86)/cypress/psoc creator/4.2/psoc creator/import/gnu/arm/5.4.1/bin/../lib/gcc/arm-none-eabi/5.4.1/../../../../arm-none-eabi/lib/armv7-m\libg_nano.a(lib_a-memcpy-stub.o)
                0x00001e50                memcpy
 .text.memset   0x00001e66       0x10 c:/program files (x86)/cypress/psoc creator/4.2/psoc creator/import/gnu/arm/5.4.1/bin/../lib/gcc/arm-none-eabi/5.4.1/../../../../arm-none-eabi/lib/armv7-m\libg_nano.a(lib_a-memset.o)
                0x00001e66                memset
 *fill*         0x00001e76        0x2 
 .text.sprintf  0x00001e78       0x48 c:/program files (x86)/cypress/psoc creator/4.2/psoc creator/import/gnu/arm/5.4.1/bin/../lib/gcc/arm-none-eabi/5.4.1/../../../../arm-none-eabi/lib/armv7-m\libg_nano.a(lib_a-sprintf.o)
                0x00001e78                siprintf
                0x00001e78                sprintf
 .text          0x00001ec0       0x14 c:/program files (x86)/cypress/psoc creator/4.2/psoc creator/import/gnu/arm/5.4.1/bin/../lib/gcc/arm-none-eabi/5.4.1/../../../../arm-none-eabi/lib/armv7-m\libg_nano.a(lib_a-strcmp.o)
                0x00001ec0                strcmp
 .text.strcpy   0x00001ed4       0x10 c:/program files (x86)/cypress/psoc creator/4.2/psoc creator/import/gnu/arm/5.4.1/bin/../lib/gcc/arm-none-eabi/5.4.1/../../../../arm-none-eabi/lib/armv7-m\libg_nano.a(lib_a-strcpy.o)
                0x00001ed4                strcpy
 .text          0x00001ee4       0x10 c:/program files (x86)/cypress/psoc creator/4.2/psoc creator/import/gnu/arm/5.4.1/bin/../lib/gcc/arm-none-eabi/5.4.1/../../../../arm-none-eabi/lib/armv7-m\libg_nano.a(lib_a-strlen.o)
                0x00001ee4                strlen
 .text.strtok   0x00001ef4       0x64 c:/program files (x86)/cypress/psoc creator/4.2/psoc creator/import/gnu/arm/5.4.1/bin/../lib/gcc/arm-none-eabi/5.4.1/../../../../arm-none-eabi/lib/armv7-m\libg_nano.a(lib_a-strtok.o)
                0x00001ef4                strtok
 .text.__strtok_r
                0x00001f58       0x56 c:/program files (x86)/cypress/psoc creator/4.2/psoc creator/import/gnu/arm/5.4.1/bin/../lib/gcc/arm-none-eabi/5.4.1/../../../../arm-none-eabi/lib/armv7-m\libg_nano.a(lib_a-strtok_r.o)
                0x00001f58                __strtok_r
 *fill*         0x00001fae        0x2 
 .text._strtol_r
                0x00001fb0      0x10c c:/program files (x86)/cypress/psoc creator/4.2/psoc creator/import/gnu/arm/5.4.1/bin/../lib/gcc/arm-none-eabi/5.4.1/../../../../arm-none-eabi/lib/armv7-m\libg_nano.a(lib_a-strtol.o)
                0x00001fb0                _strtol_r
 .text.strtol   0x000020bc       0x14 c:/program files (x86)/cypress/psoc creator/4.2/psoc creator/import/gnu/arm/5.4.1/bin/../lib/gcc/arm-none-eabi/5.4.1/../../../../arm-none-eabi/lib/armv7-m\libg_nano.a(lib_a-strtol.o)
                0x000020bc                strtol
 .text.malloc   0x000020d0       0x10 c:/program files (x86)/cypress/psoc creator/4.2/psoc creator/import/gnu/arm/5.4.1/bin/../lib/gcc/arm-none-eabi/5.4.1/../../../../arm-none-eabi/lib/armv7-m\libg_nano.a(lib_a-malloc.o)
                0x000020d0                malloc
 .text._free_r  0x000020e0       0x98 c:/program files (x86)/cypress/psoc creator/4.2/psoc creator/import/gnu/arm/5.4.1/bin/../lib/gcc/arm-none-eabi/5.4.1/../../../../arm-none-eabi/lib/armv7-m\libg_nano.a(lib_a-nano-freer.o)
                0x000020e0                _free_r
 .text._malloc_r
                0x00002178       0xbc c:/program files (x86)/cypress/psoc creator/4.2/psoc creator/import/gnu/arm/5.4.1/bin/../lib/gcc/arm-none-eabi/5.4.1/../../../../arm-none-eabi/lib/armv7-m\libg_nano.a(lib_a-nano-mallocr.o)
                0x00002178                _malloc_r
 .text.__ssputs_r
                0x00002234       0xb2 c:/program files (x86)/cypress/psoc creator/4.2/psoc creator/import/gnu/arm/5.4.1/bin/../lib/gcc/arm-none-eabi/5.4.1/../../../../arm-none-eabi/lib/armv7-m\libg_nano.a(lib_a-nano-svfprintf.o)
                0x00002234                __ssputs_r
 *fill*         0x000022e6        0x2 
 .text._svfprintf_r
                0x000022e8      0x1e8 c:/program files (x86)/cypress/psoc creator/4.2/psoc creator/import/gnu/arm/5.4.1/bin/../lib/gcc/arm-none-eabi/5.4.1/../../../../arm-none-eabi/lib/armv7-m\libg_nano.a(lib_a-nano-svfprintf.o)
                0x000022e8                _svfiprintf_r
                0x000022e8                _svfprintf_r
 .text._printf_common
                0x000024d0       0xec c:/program files (x86)/cypress/psoc creator/4.2/psoc creator/import/gnu/arm/5.4.1/bin/../lib/gcc/arm-none-eabi/5.4.1/../../../../arm-none-eabi/lib/armv7-m\libg_nano.a(lib_a-nano-vfprintf_i.o)
                0x000024d0                _printf_common
 .text._printf_i
                0x000025bc      0x24c c:/program files (x86)/cypress/psoc creator/4.2/psoc creator/import/gnu/arm/5.4.1/bin/../lib/gcc/arm-none-eabi/5.4.1/../../../../arm-none-eabi/lib/armv7-m\libg_nano.a(lib_a-nano-vfprintf_i.o)
                0x000025bc                _printf_i
 .text._sbrk_r  0x00002808       0x20 c:/program files (x86)/cypress/psoc creator/4.2/psoc creator/import/gnu/arm/5.4.1/bin/../lib/gcc/arm-none-eabi/5.4.1/../../../../arm-none-eabi/lib/armv7-m\libg_nano.a(lib_a-sbrkr.o)
                0x00002808                _sbrk_r
 .text.memchr   0x00002828       0x1c c:/program files (x86)/cypress/psoc creator/4.2/psoc creator/import/gnu/arm/5.4.1/bin/../lib/gcc/arm-none-eabi/5.4.1/../../../../arm-none-eabi/lib/armv7-m\libg_nano.a(lib_a-memchr-stub.o)
                0x00002828                memchr
 .text.memmove  0x00002844       0x36 c:/program files (x86)/cypress/psoc creator/4.2/psoc creator/import/gnu/arm/5.4.1/bin/../lib/gcc/arm-none-eabi/5.4.1/../../../../arm-none-eabi/lib/armv7-m\libg_nano.a(lib_a-memmove.o)
                0x00002844                memmove
 .text.__malloc_lock
                0x0000287a        0x2 c:/program files (x86)/cypress/psoc creator/4.2/psoc creator/import/gnu/arm/5.4.1/bin/../lib/gcc/arm-none-eabi/5.4.1/../../../../arm-none-eabi/lib/armv7-m\libg_nano.a(lib_a-mlock.o)
                0x0000287a                __malloc_lock
 .text.__malloc_unlock
                0x0000287c        0x2 c:/program files (x86)/cypress/psoc creator/4.2/psoc creator/import/gnu/arm/5.4.1/bin/../lib/gcc/arm-none-eabi/5.4.1/../../../../arm-none-eabi/lib/armv7-m\libg_nano.a(lib_a-mlock.o)
                0x0000287c                __malloc_unlock
 .text._realloc_r
                0x0000287e       0x4c c:/program files (x86)/cypress/psoc creator/4.2/psoc creator/import/gnu/arm/5.4.1/bin/../lib/gcc/arm-none-eabi/5.4.1/../../../../arm-none-eabi/lib/armv7-m\libg_nano.a(lib_a-nano-reallocr.o)
                0x0000287e                _realloc_r
 .text._malloc_usable_size_r
                0x000028ca       0x14 c:/program files (x86)/cypress/psoc creator/4.2/psoc creator/import/gnu/arm/5.4.1/bin/../lib/gcc/arm-none-eabi/5.4.1/../../../../arm-none-eabi/lib/armv7-m\libg_nano.a(lib_a-nano-msizer.o)
                0x000028ca                _malloc_usable_size_r
 *(.plt)
 *(.gnu.warning)
 *(.glue_7t)
 .glue_7t       0x000028de        0x0 linker stubs
 *(.glue_7)
 .glue_7        0x000028de        0x0 linker stubs
 *(.vfp11_veneer)
 .vfp11_veneer  0x000028de        0x0 linker stubs
 *(.bootloader)
 *(.ARM.extab* .gnu.linkonce.armextab.*)
 *(.gcc_except_table)

.v4_bx          0x000028e0        0x0
 .v4_bx         0x000028e0        0x0 linker stubs

.iplt           0x000028e0        0x0
 .iplt          0x000028e0        0x0 c:/program files (x86)/cypress/psoc creator/4.2/psoc creator/import/gnu/arm/5.4.1/bin/../lib/gcc/arm-none-eabi/5.4.1/armv7-m/crtbegin.o

.eh_frame_hdr
 *(.eh_frame_hdr)

.eh_frame       0x000028e0        0x4
 *(.eh_frame)
 .eh_frame      0x000028e0        0x0 c:/program files (x86)/cypress/psoc creator/4.2/psoc creator/import/gnu/arm/5.4.1/bin/../lib/gcc/arm-none-eabi/5.4.1/armv7-m/crtbegin.o
 .eh_frame      0x000028e0        0x4 c:/program files (x86)/cypress/psoc creator/4.2/psoc creator/import/gnu/arm/5.4.1/bin/../lib/gcc/arm-none-eabi/5.4.1/armv7-m/crtend.o
                [!provide]                PROVIDE (__exidx_start, .)

.ARM.exidx
 *(.ARM.exidx* .gnu.linkonce.armexidx.*)
                0x000028e4                __exidx_end = .

.rodata         0x000028e4      0x424
 *(.rodata .rodata.* .gnu.linkonce.r.*)
 .rodata.str1.4
                0x000028e4      0x1c8 .\CortexM3\ARM_GCC_541\Debug\main.o
 .rodata        0x00002aac       0x36 .\CortexM3\ARM_GCC_541\Debug\cyfitter_cfg.o
 *fill*         0x00002ae2        0x2 
 .rodata        0x00002ae4       0xba .\CortexM3\ARM_GCC_541\Debug\usb_echo.a(USB_descr.o)
                0x00002ae4                USB_TABLE
                0x00002aec                USB_DEVICE0_TABLE
                0x00002b04                USB_DEVICE0_CONFIGURATION0_TABLE
                0x00002b24                USB_DEVICE0_CONFIGURATION0_INTERFACE_CLASS
                0x00002b28                USB_DEVICE0_CONFIGURATION0_EP_SETTINGS_TABLE
                0x00002b38                USB_STRING_DESCRIPTORS
                0x00002b6c                USB_DEVICE0_CONFIGURATION0_DESCR
                0x00002b8c                USB_DEVICE0_DESCR
 .rodata.str1.1
                0x00002b9e        0x2 c:/program files (x86)/cypress/psoc creator/4.2/psoc creator/import/gnu/arm/5.4.1/bin/../lib/gcc/arm-none-eabi/5.4.1/../../../../arm-none-eabi/lib/armv7-m\libg_nano.a(lib_a-impure.o)
 .rodata._ctype_
                0x00002ba0      0x101 c:/program files (x86)/cypress/psoc creator/4.2/psoc creator/import/gnu/arm/5.4.1/bin/../lib/gcc/arm-none-eabi/5.4.1/../../../../arm-none-eabi/lib/armv7-m\libg_nano.a(lib_a-ctype_.o)
                0x00002ba0                _ctype_
 .rodata.str1.1
                0x00002ca1       0x11 c:/program files (x86)/cypress/psoc creator/4.2/psoc creator/import/gnu/arm/5.4.1/bin/../lib/gcc/arm-none-eabi/5.4.1/../../../../arm-none-eabi/lib/armv7-m\libg_nano.a(lib_a-nano-svfprintf.o)
 .rodata.str1.1
                0x00002cb2       0x22 c:/program files (x86)/cypress/psoc creator/4.2/psoc creator/import/gnu/arm/5.4.1/bin/../lib/gcc/arm-none-eabi/5.4.1/../../../../arm-none-eabi/lib/armv7-m\libg_nano.a(lib_a-nano-vfprintf_i.o)
                0x00002cd4                . = ALIGN (0x4)
 *(.init)
 .init          0x00002cd4        0x4 c:/program files (x86)/cypress/psoc creator/4.2/psoc creator/import/gnu/arm/5.4.1/bin/../lib/gcc/arm-none-eabi/5.4.1/armv7-m/crti.o
                0x00002cd4                _init
 .init          0x00002cd8        0x8 c:/program files (x86)/cypress/psoc creator/4.2/psoc creator/import/gnu/arm/5.4.1/bin/../lib/gcc/arm-none-eabi/5.4.1/armv7-m/crtn.o
                0x00002ce0                . = ALIGN (0x4)
                0x00002ce0                __preinit_array_start = .
 *(.preinit_array)
                0x00002ce0                __preinit_array_end = .
                0x00002ce0                . = ALIGN (0x4)
                0x00002ce0                __init_array_start = .
 *(SORT(.init_array.*))
 *(.init_array)
 .init_array    0x00002ce0        0x4 c:/program files (x86)/cypress/psoc creator/4.2/psoc creator/import/gnu/arm/5.4.1/bin/../lib/gcc/arm-none-eabi/5.4.1/armv7-m/crtbegin.o
 .init_array    0x00002ce4        0x4 .\CortexM3\ARM_GCC_541\Debug\Cm3Start.o
                0x00002ce8                __init_array_end = .
                0x00002ce8                . = ALIGN (0x4)
 *(.fini)
 .fini          0x00002ce8        0x4 c:/program files (x86)/cypress/psoc creator/4.2/psoc creator/import/gnu/arm/5.4.1/bin/../lib/gcc/arm-none-eabi/5.4.1/armv7-m/crti.o
                0x00002ce8                _fini
 .fini          0x00002cec        0x8 c:/program files (x86)/cypress/psoc creator/4.2/psoc creator/import/gnu/arm/5.4.1/bin/../lib/gcc/arm-none-eabi/5.4.1/armv7-m/crtn.o
                0x00002cf4                . = ALIGN (0x4)
                0x00002cf4                __fini_array_start = .
 *(.fini_array)
 .fini_array    0x00002cf4        0x4 c:/program files (x86)/cypress/psoc creator/4.2/psoc creator/import/gnu/arm/5.4.1/bin/../lib/gcc/arm-none-eabi/5.4.1/armv7-m/crtbegin.o
 *(SORT(.fini_array.*))
                0x00002cf8                __fini_array_end = .
                0x00002cf8                . = ALIGN (0x4)
 *crtbegin.o(.ctors)
 *(EXCLUDE_FILE(*crtend.o) .ctors)
 *(SORT(.ctors.*))
 *crtend.o(.ctors)
                0x00002cf8                . = ALIGN (0x4)
 *crtbegin.o(.dtors)
 *(EXCLUDE_FILE(*crtend.o) .dtors)
 *(SORT(.dtors.*))
 *crtend.o(.dtors)
                0x00002cf8                . = ALIGN (0x4)
                0x00002cf8                __cy_regions = .
                0x00002cf8        0x4 LONG 0x2d08 __cy_region_init_ram
                0x00002cfc        0x4 LONG 0x1fff80c8 __cy_region_start_data
                0x00002d00        0x4 LONG 0x80 __cy_region_init_size_ram
                0x00002d04        0x4 LONG 0x1700 __cy_region_zero_size_ram
                0x00002d08                __cy_regions_end = .
                0x00002d08                . = ALIGN (0x8)
                0x00002d08                _etext = .

.cy_checksum_exclude
                0x00002d08        0x0
 *(.cy_checksum_exclude)

.ramvectors     0x1fff8000       0xc0
                0x1fff8000                __cy_region_start_ram = .
 *(.ramvectors)
 .ramvectors    0x1fff8000       0xc0 .\CortexM3\ARM_GCC_541\Debug\Cm3Start.o
                0x1fff8000                CyRamVectors

.noinit         0x1fff80c0        0x1
 *(.noinit)
 .noinit        0x1fff80c0        0x1 .\CortexM3\ARM_GCC_541\Debug\usb_echo.a(CyLib.o)
                0x1fff80c0                CyResetStatus

.data           0x1fff80c8       0x80 load address 0x00002d08
                0x1fff80c8                __cy_region_start_data = .
 *(.jcr)
 .jcr           0x1fff80c8        0x0 c:/program files (x86)/cypress/psoc creator/4.2/psoc creator/import/gnu/arm/5.4.1/bin/../lib/gcc/arm-none-eabi/5.4.1/armv7-m/crtbegin.o
 .jcr           0x1fff80c8        0x4 c:/program files (x86)/cypress/psoc creator/4.2/psoc creator/import/gnu/arm/5.4.1/bin/../lib/gcc/arm-none-eabi/5.4.1/armv7-m/crtend.o
 *(.got.plt)
 *(.got)
 *(.shdata)
 *(.data .data.* .gnu.linkonce.d.*)
 .data          0x1fff80cc        0x4 .\CortexM3\ARM_GCC_541\Debug\Cm3Start.o
 .data          0x1fff80d0       0x10 .\CortexM3\ARM_GCC_541\Debug\usb_echo.a(CyLib.o)
                0x1fff80d0                cydelay_32k_ms
                0x1fff80d4                cydelay_freq_khz
                0x1fff80d8                cydelay_freq_mhz
                0x1fff80dc                cydelay_freq_hz
 .data.impure_data
                0x1fff80e0       0x60 c:/program files (x86)/cypress/psoc creator/4.2/psoc creator/import/gnu/arm/5.4.1/bin/../lib/gcc/arm-none-eabi/5.4.1/../../../../arm-none-eabi/lib/armv7-m\libg_nano.a(lib_a-impure.o)
 .data._impure_ptr
                0x1fff8140        0x4 c:/program files (x86)/cypress/psoc creator/4.2/psoc creator/import/gnu/arm/5.4.1/bin/../lib/gcc/arm-none-eabi/5.4.1/../../../../arm-none-eabi/lib/armv7-m\libg_nano.a(lib_a-impure.o)
                0x1fff8140                _impure_ptr
 .data.__ctype_ptr__
                0x1fff8144        0x4 c:/program files (x86)/cypress/psoc creator/4.2/psoc creator/import/gnu/arm/5.4.1/bin/../lib/gcc/arm-none-eabi/5.4.1/../../../../arm-none-eabi/lib/armv7-m\libg_nano.a(lib_a-ctype_.o)
                0x1fff8144                __ctype_ptr__
                0x1fff8148                . = ALIGN (0x8)
 *(.ram)
                0x1fff8148                _edata = .

.igot.plt       0x1fff8148        0x0 load address 0x00002d88
 .igot.plt      0x1fff8148        0x0 c:/program files (x86)/cypress/psoc creator/4.2/psoc creator/import/gnu/arm/5.4.1/bin/../lib/gcc/arm-none-eabi/5.4.1/armv7-m/crtbegin.o

.bss            0x1fff8148     0x1700 load address 0x00002d88
                0x1fff8148                PROVIDE (__bss_start__, .)
 *(.shbss)
 *(.bss .bss.* .gnu.linkonce.b.*)
 .bss           0x1fff8148       0x1c c:/program files (x86)/cypress/psoc creator/4.2/psoc creator/import/gnu/arm/5.4.1/bin/../lib/gcc/arm-none-eabi/5.4.1/armv7-m/crtbegin.o
 .bss           0x1fff8164       0x11 .\CortexM3\ARM_GCC_541\Debug\main.o
                0x1fff8170                repeats
                0x1fff8174                state
 .bss           0x1fff8175        0x1 .\CortexM3\ARM_GCC_541\Debug\usb_echo.a(USB.o)
                0x1fff8175                USB_initVar
 *fill*         0x1fff8176        0x2 
 .bss           0x1fff8178        0x2 .\CortexM3\ARM_GCC_541\Debug\usb_echo.a(USB_std.o)
 .bss           0x1fff817a        0x2 .\CortexM3\ARM_GCC_541\Debug\usb_echo.a(LCD.o)
                0x1fff817a                LCD_enableState
                0x1fff817b                LCD_initVar
 .bss           0x1fff817c        0x2 .\CortexM3\ARM_GCC_541\Debug\usb_echo.a(UART.o)
                0x1fff817c                UART_initVar
 *fill*         0x1fff817e        0x2 
 .bss.__malloc_sbrk_start
                0x1fff8180        0x4 c:/program files (x86)/cypress/psoc creator/4.2/psoc creator/import/gnu/arm/5.4.1/bin/../lib/gcc/arm-none-eabi/5.4.1/../../../../arm-none-eabi/lib/armv7-m\libg_nano.a(lib_a-nano-mallocr.o)
                0x1fff8180                __malloc_sbrk_start
 .bss.__malloc_free_list
                0x1fff8184        0x4 c:/program files (x86)/cypress/psoc creator/4.2/psoc creator/import/gnu/arm/5.4.1/bin/../lib/gcc/arm-none-eabi/5.4.1/../../../../arm-none-eabi/lib/armv7-m\libg_nano.a(lib_a-nano-mallocr.o)
                0x1fff8184                __malloc_free_list
 *(COMMON)
 COMMON         0x1fff8188     0x1624 .\CortexM3\ARM_GCC_541\Debug\main.o
                0x1fff8188                cmd_sign
                0x1fff818a                length
                0x1fff818c                number
                0x1fff8190                num_lines
                0x1fff8194                buffer
                0x1fff8394                receiving
                0x1fff8395                val_byte_out
                0x1fff8398                cmd_eval_val
                0x1fff839c                cmd_val
                0x1fff83a0                current_line_num
                0x1fff83a4                cmd_motornum
                0x1fff83a5                parsing
                0x1fff83a6                inst_byte_out
                0x1fff83a7                cmd_keywrd
                0x1fff83a8                cmd
                0x1fff83ac                lines
 COMMON         0x1fff97ac       0x98 .\CortexM3\ARM_GCC_541\Debug\usb_echo.a(USB_drv.o)
                0x1fff97ac                USB_transferState
                0x1fff97ad                USB_interfaceNumber
                0x1fff97ae                USB_lastPacketSize
                0x1fff97b0                USB_interfaceClass
                0x1fff97b4                USB_interfaceSetting
                0x1fff97b5                USB_ep0Mode
                0x1fff97b6                USB_device
                0x1fff97b7                USB_deviceAddress
                0x1fff97b8                USB_ep0Toggle
                0x1fff97bc                USB_interfaceSettingLast
                0x1fff97bd                USB_configurationChanged
                0x1fff97c0                USB_interfaceStatus
                0x1fff97c2                USB_transferByteCount
                0x1fff97c4                USB_configuration
                0x1fff97c8                USB_currentTD
                0x1fff97d4                USB_ep0Count
                0x1fff97d5                USB_deviceStatus
                0x1fff97d8                USB_EP
 COMMON         0x1fff9844        0x4 c:/program files (x86)/cypress/psoc creator/4.2/psoc creator/import/gnu/arm/5.4.1/bin/../lib/gcc/arm-none-eabi/5.4.1/../../../../arm-none-eabi/lib/armv7-m\libg_nano.a(lib_a-reent.o)
                0x1fff9844                errno
                0x1fff9848                . = ALIGN (0x8)
 *(.ram.b)
                0x1fff9848                _end = .
                0x1fff9848                __end = .
                0x1fff9848                PROVIDE (end, .)
                0x1fff9848                PROVIDE (__bss_end__, .)
                0x00002d08                __cy_region_init_ram = LOADADDR (.data)
                0x00000080                __cy_region_init_size_ram = (_edata - ADDR (.data))
                0x00001700                __cy_region_zero_size_ram = (_end - _edata)

.heap           0x1fff9848       0x80 load address 0x00002d88
                0x1fff9848                . = _end
                0x1fff98c8                . = (. + 0x80)
 *fill*         0x1fff9848       0x80 
                0x1fff98c8                __cy_heap_limit = .

.stack          0x20007800      0x800
                0x20007800                __cy_stack_limit = .
                0x20008000                . = (. + 0x800)
 *fill*         0x20007800      0x800 
                0x00000001                ASSERT ((__cy_stack_limit >= __cy_heap_limit), region RAM overflowed with stack)
                0x00000000                cy_checksum_exclude_size = (CY_APPL_LOADABLE == 0x1)?SIZEOF (.cy_checksum_exclude):0x0
                0x00000001                ASSERT ((cy_checksum_exclude_size <= CY_CHECKSUM_EXCLUDE_SIZE), CY_BOOT: Section .cy_checksum_exclude size exceedes specified limit.)

.cyloadermeta
 *(.cyloadermeta)

.cyloadablemeta
 *(.cyloadablemeta)

.cyconfigecc    0x80000000      0x468
 *(.cyconfigecc)
 .cyconfigecc   0x80000000      0x468 .\CortexM3\ARM_GCC_541\Debug\cymetadata.o
                0x80000000                cy_meta_configecc

.cycustnvl      0x90000000        0x4
 *(.cycustnvl)
 .cycustnvl     0x90000000        0x4 .\CortexM3\ARM_GCC_541\Debug\cymetadata.o
                0x90000000                cy_meta_custnvl

.cywolatch      0x90100000        0x4
 *(.cywolatch)
 .cywolatch     0x90100000        0x4 .\CortexM3\ARM_GCC_541\Debug\cymetadata.o
                0x90100000                cy_meta_wonvl

.cyeeprom       0x90200000        0x0
 *(.cyeeprom)
                0x00000001                ASSERT ((. <= ((0x90200000 + ee_offset) + ee_size)), .cyeeprom data will not fit in EEPROM)

.cyflashprotect
                0x90400000      0x100
 *(.cyflashprotect)
 .cyflashprotect
                0x90400000      0x100 .\CortexM3\ARM_GCC_541\Debug\cymetadata.o
                0x90400000                cy_meta_flashprotect

.cymeta         0x90500000        0xc
 *(.cymeta)
 .cymeta        0x90500000        0xc .\CortexM3\ARM_GCC_541\Debug\cymetadata.o
                0x90500000                cy_metadata

.rel.dyn        0x00002d88        0x0 load address 0x9050000c
 .rel.iplt      0x00002d88        0x0 c:/program files (x86)/cypress/psoc creator/4.2/psoc creator/import/gnu/arm/5.4.1/bin/../lib/gcc/arm-none-eabi/5.4.1/armv7-m/crtbegin.o

.stab
 *(.stab)

.stabstr
 *(.stabstr)

.debug
 *(.debug)

.line
 *(.line)

.debug_srcinfo
 *(.debug_srcinfo)

.debug_sfnames
 *(.debug_sfnames)

.debug_aranges  0x00000000      0xaa8
 *(.debug_aranges)
 .debug_aranges
                0x00000000       0x30 .\CortexM3\ARM_GCC_541\Debug\main.o
 .debug_aranges
                0x00000030       0x58 .\CortexM3\ARM_GCC_541\Debug\cyfitter_cfg.o
 .debug_aranges
                0x00000088       0x18 .\CortexM3\ARM_GCC_541\Debug\cymetadata.o
 .debug_aranges
                0x000000a0       0x48 .\CortexM3\ARM_GCC_541\Debug\Cm3Start.o
 .debug_aranges
                0x000000e8       0xc8 .\CortexM3\ARM_GCC_541\Debug\usb_echo.a(USB.o)
 .debug_aranges
                0x000001b0       0x98 .\CortexM3\ARM_GCC_541\Debug\usb_echo.a(USB_drv.o)
 .debug_aranges
                0x00000248       0x30 .\CortexM3\ARM_GCC_541\Debug\usb_echo.a(USB_episr.o)
 .debug_aranges
                0x00000278       0x40 .\CortexM3\ARM_GCC_541\Debug\usb_echo.a(USB_pm.o)
 .debug_aranges
                0x000002b8       0x78 .\CortexM3\ARM_GCC_541\Debug\usb_echo.a(USB_std.o)
 .debug_aranges
                0x00000330       0x20 .\CortexM3\ARM_GCC_541\Debug\usb_echo.a(USB_vnd.o)
 .debug_aranges
                0x00000350       0x48 .\CortexM3\ARM_GCC_541\Debug\usb_echo.a(USB_Dp.o)
 .debug_aranges
                0x00000398      0x2a0 .\CortexM3\ARM_GCC_541\Debug\usb_echo.a(CyLib.o)
 .debug_aranges
                0x00000638       0x98 .\CortexM3\ARM_GCC_541\Debug\usb_echo.a(cyPm.o)
 .debug_aranges
                0x000006d0       0x98 .\CortexM3\ARM_GCC_541\Debug\usb_echo.a(LCD.o)
 .debug_aranges
                0x00000768       0xf0 .\CortexM3\ARM_GCC_541\Debug\usb_echo.a(UART.o)
 .debug_aranges
                0x00000858       0x80 .\CortexM3\ARM_GCC_541\Debug\usb_echo.a(rx_int.o)
 .debug_aranges
                0x000008d8       0x70 .\CortexM3\ARM_GCC_541\Debug\usb_echo.a(UART_IntClock.o)
 .debug_aranges
                0x00000948       0x20 .\CortexM3\ARM_GCC_541\Debug\usb_echo.a(CyBootAsmGnu.o)
 .debug_aranges
                0x00000968       0x20 .\CortexM3\ARM_GCC_541\Debug\usb_echo.a(USB_cls.o)
 .debug_aranges
                0x00000988       0x18 .\CortexM3\ARM_GCC_541\Debug\usb_echo.a(USB_descr.o)
 .debug_aranges
                0x000009a0       0x88 .\CortexM3\ARM_GCC_541\Debug\usb_echo.a(CyFlash.o)
 .debug_aranges
                0x00000a28       0x80 .\CortexM3\ARM_GCC_541\Debug\usb_echo.a(CySpc.o)

.debug_pubnames
 *(.debug_pubnames)

.debug_info     0x00000000     0x7528
 *(.debug_info .gnu.linkonce.wi.*)
 .debug_info    0x00000000      0x8ed .\CortexM3\ARM_GCC_541\Debug\main.o
 .debug_info    0x000008ed      0x604 .\CortexM3\ARM_GCC_541\Debug\cyfitter_cfg.o
 .debug_info    0x00000ef1      0x136 .\CortexM3\ARM_GCC_541\Debug\cymetadata.o
 .debug_info    0x00001027      0x3bb .\CortexM3\ARM_GCC_541\Debug\Cm3Start.o
 .debug_info    0x000013e2      0x93d .\CortexM3\ARM_GCC_541\Debug\usb_echo.a(USB.o)
 .debug_info    0x00001d1f      0x655 .\CortexM3\ARM_GCC_541\Debug\usb_echo.a(USB_drv.o)
 .debug_info    0x00002374      0x231 .\CortexM3\ARM_GCC_541\Debug\usb_echo.a(USB_episr.o)
 .debug_info    0x000025a5      0x2e4 .\CortexM3\ARM_GCC_541\Debug\usb_echo.a(USB_pm.o)
 .debug_info    0x00002889      0x9ed .\CortexM3\ARM_GCC_541\Debug\usb_echo.a(USB_std.o)
 .debug_info    0x00003276       0xed .\CortexM3\ARM_GCC_541\Debug\usb_echo.a(USB_vnd.o)
 .debug_info    0x00003363      0x174 .\CortexM3\ARM_GCC_541\Debug\usb_echo.a(USB_Dp.o)
 .debug_info    0x000034d7     0x1374 .\CortexM3\ARM_GCC_541\Debug\usb_echo.a(CyLib.o)
 .debug_info    0x0000484b      0xa2a .\CortexM3\ARM_GCC_541\Debug\usb_echo.a(cyPm.o)
 .debug_info    0x00005275      0x715 .\CortexM3\ARM_GCC_541\Debug\usb_echo.a(LCD.o)
 .debug_info    0x0000598a      0x60c .\CortexM3\ARM_GCC_541\Debug\usb_echo.a(UART.o)
 .debug_info    0x00005f96      0x2d2 .\CortexM3\ARM_GCC_541\Debug\usb_echo.a(rx_int.o)
 .debug_info    0x00006268      0x283 .\CortexM3\ARM_GCC_541\Debug\usb_echo.a(UART_IntClock.o)
 .debug_info    0x000064eb       0x88 .\CortexM3\ARM_GCC_541\Debug\usb_echo.a(CyBootAsmGnu.o)
 .debug_info    0x00006573      0x1ad .\CortexM3\ARM_GCC_541\Debug\usb_echo.a(USB_cls.o)
 .debug_info    0x00006720      0x26b .\CortexM3\ARM_GCC_541\Debug\usb_echo.a(USB_descr.o)
 .debug_info    0x0000698b      0x64d .\CortexM3\ARM_GCC_541\Debug\usb_echo.a(CyFlash.o)
 .debug_info    0x00006fd8      0x550 .\CortexM3\ARM_GCC_541\Debug\usb_echo.a(CySpc.o)

.debug_abbrev   0x00000000     0x1d3a
 *(.debug_abbrev)
 .debug_abbrev  0x00000000      0x1f7 .\CortexM3\ARM_GCC_541\Debug\main.o
 .debug_abbrev  0x000001f7      0x20d .\CortexM3\ARM_GCC_541\Debug\cyfitter_cfg.o
 .debug_abbrev  0x00000404       0x77 .\CortexM3\ARM_GCC_541\Debug\cymetadata.o
 .debug_abbrev  0x0000047b      0x1e8 .\CortexM3\ARM_GCC_541\Debug\Cm3Start.o
 .debug_abbrev  0x00000663      0x215 .\CortexM3\ARM_GCC_541\Debug\usb_echo.a(USB.o)
 .debug_abbrev  0x00000878      0x189 .\CortexM3\ARM_GCC_541\Debug\usb_echo.a(USB_drv.o)
 .debug_abbrev  0x00000a01      0x103 .\CortexM3\ARM_GCC_541\Debug\usb_echo.a(USB_episr.o)
 .debug_abbrev  0x00000b04      0x108 .\CortexM3\ARM_GCC_541\Debug\usb_echo.a(USB_pm.o)
 .debug_abbrev  0x00000c0c      0x1d8 .\CortexM3\ARM_GCC_541\Debug\usb_echo.a(USB_std.o)
 .debug_abbrev  0x00000de4       0x9b .\CortexM3\ARM_GCC_541\Debug\usb_echo.a(USB_vnd.o)
 .debug_abbrev  0x00000e7f       0x90 .\CortexM3\ARM_GCC_541\Debug\usb_echo.a(USB_Dp.o)
 .debug_abbrev  0x00000f0f      0x254 .\CortexM3\ARM_GCC_541\Debug\usb_echo.a(CyLib.o)
 .debug_abbrev  0x00001163      0x1ab .\CortexM3\ARM_GCC_541\Debug\usb_echo.a(cyPm.o)
 .debug_abbrev  0x0000130e      0x157 .\CortexM3\ARM_GCC_541\Debug\usb_echo.a(LCD.o)
 .debug_abbrev  0x00001465      0x175 .\CortexM3\ARM_GCC_541\Debug\usb_echo.a(UART.o)
 .debug_abbrev  0x000015da      0x173 .\CortexM3\ARM_GCC_541\Debug\usb_echo.a(rx_int.o)
 .debug_abbrev  0x0000174d      0x139 .\CortexM3\ARM_GCC_541\Debug\usb_echo.a(UART_IntClock.o)
 .debug_abbrev  0x00001886       0x14 .\CortexM3\ARM_GCC_541\Debug\usb_echo.a(CyBootAsmGnu.o)
 .debug_abbrev  0x0000189a       0xc2 .\CortexM3\ARM_GCC_541\Debug\usb_echo.a(USB_cls.o)
 .debug_abbrev  0x0000195c       0xa3 .\CortexM3\ARM_GCC_541\Debug\usb_echo.a(USB_descr.o)
 .debug_abbrev  0x000019ff      0x1a7 .\CortexM3\ARM_GCC_541\Debug\usb_echo.a(CyFlash.o)
 .debug_abbrev  0x00001ba6      0x194 .\CortexM3\ARM_GCC_541\Debug\usb_echo.a(CySpc.o)

.debug_line     0x00000000     0x2c71
 *(.debug_line)
 .debug_line    0x00000000      0x388 .\CortexM3\ARM_GCC_541\Debug\main.o
 .debug_line    0x00000388      0x1f5 .\CortexM3\ARM_GCC_541\Debug\cyfitter_cfg.o
 .debug_line    0x0000057d      0x141 .\CortexM3\ARM_GCC_541\Debug\cymetadata.o
 .debug_line    0x000006be      0x234 .\CortexM3\ARM_GCC_541\Debug\Cm3Start.o
 .debug_line    0x000008f2      0x2c4 .\CortexM3\ARM_GCC_541\Debug\usb_echo.a(USB.o)
 .debug_line    0x00000bb6      0x215 .\CortexM3\ARM_GCC_541\Debug\usb_echo.a(USB_drv.o)
 .debug_line    0x00000dcb       0xae .\CortexM3\ARM_GCC_541\Debug\usb_echo.a(USB_episr.o)
 .debug_line    0x00000e79       0xfe .\CortexM3\ARM_GCC_541\Debug\usb_echo.a(USB_pm.o)
 .debug_line    0x00000f77      0x360 .\CortexM3\ARM_GCC_541\Debug\usb_echo.a(USB_std.o)
 .debug_line    0x000012d7       0x6b .\CortexM3\ARM_GCC_541\Debug\usb_echo.a(USB_vnd.o)
 .debug_line    0x00001342       0xb7 .\CortexM3\ARM_GCC_541\Debug\usb_echo.a(USB_Dp.o)
 .debug_line    0x000013f9      0x816 .\CortexM3\ARM_GCC_541\Debug\usb_echo.a(CyLib.o)
 .debug_line    0x00001c0f      0x367 .\CortexM3\ARM_GCC_541\Debug\usb_echo.a(cyPm.o)
 .debug_line    0x00001f76      0x1dc .\CortexM3\ARM_GCC_541\Debug\usb_echo.a(LCD.o)
 .debug_line    0x00002152      0x2bc .\CortexM3\ARM_GCC_541\Debug\usb_echo.a(UART.o)
 .debug_line    0x0000240e      0x133 .\CortexM3\ARM_GCC_541\Debug\usb_echo.a(rx_int.o)
 .debug_line    0x00002541      0x17c .\CortexM3\ARM_GCC_541\Debug\usb_echo.a(UART_IntClock.o)
 .debug_line    0x000026bd       0x66 .\CortexM3\ARM_GCC_541\Debug\usb_echo.a(CyBootAsmGnu.o)
 .debug_line    0x00002723       0x7b .\CortexM3\ARM_GCC_541\Debug\usb_echo.a(USB_cls.o)
 .debug_line    0x0000279e       0x59 .\CortexM3\ARM_GCC_541\Debug\usb_echo.a(USB_descr.o)
 .debug_line    0x000027f7      0x21a .\CortexM3\ARM_GCC_541\Debug\usb_echo.a(CyFlash.o)
 .debug_line    0x00002a11      0x260 .\CortexM3\ARM_GCC_541\Debug\usb_echo.a(CySpc.o)

.debug_frame    0x00000000     0x2018
 *(.debug_frame)
 .debug_frame   0x00000000       0x80 .\CortexM3\ARM_GCC_541\Debug\main.o
 .debug_frame   0x00000080       0xe4 .\CortexM3\ARM_GCC_541\Debug\cyfitter_cfg.o
 .debug_frame   0x00000164       0xb8 .\CortexM3\ARM_GCC_541\Debug\Cm3Start.o
 .debug_frame   0x0000021c      0x1dc .\CortexM3\ARM_GCC_541\Debug\usb_echo.a(USB.o)
 .debug_frame   0x000003f8      0x194 .\CortexM3\ARM_GCC_541\Debug\usb_echo.a(USB_drv.o)
 .debug_frame   0x0000058c       0x4c .\CortexM3\ARM_GCC_541\Debug\usb_echo.a(USB_episr.o)
 .debug_frame   0x000005d8       0xa0 .\CortexM3\ARM_GCC_541\Debug\usb_echo.a(USB_pm.o)
 .debug_frame   0x00000678      0x150 .\CortexM3\ARM_GCC_541\Debug\usb_echo.a(USB_std.o)
 .debug_frame   0x000007c8       0x20 .\CortexM3\ARM_GCC_541\Debug\usb_echo.a(USB_vnd.o)
 .debug_frame   0x000007e8       0x70 .\CortexM3\ARM_GCC_541\Debug\usb_echo.a(USB_Dp.o)
 .debug_frame   0x00000858      0x738 .\CortexM3\ARM_GCC_541\Debug\usb_echo.a(CyLib.o)
 .debug_frame   0x00000f90      0x1f8 .\CortexM3\ARM_GCC_541\Debug\usb_echo.a(cyPm.o)
 .debug_frame   0x00001188      0x1e8 .\CortexM3\ARM_GCC_541\Debug\usb_echo.a(LCD.o)
 .debug_frame   0x00001370      0x250 .\CortexM3\ARM_GCC_541\Debug\usb_echo.a(UART.o)
 .debug_frame   0x000015c0      0x104 .\CortexM3\ARM_GCC_541\Debug\usb_echo.a(rx_int.o)
 .debug_frame   0x000016c4       0xe0 .\CortexM3\ARM_GCC_541\Debug\usb_echo.a(UART_IntClock.o)
 .debug_frame   0x000017a4       0x20 .\CortexM3\ARM_GCC_541\Debug\usb_echo.a(USB_cls.o)
 .debug_frame   0x000017c4      0x194 .\CortexM3\ARM_GCC_541\Debug\usb_echo.a(CyFlash.o)
 .debug_frame   0x00001958      0x180 .\CortexM3\ARM_GCC_541\Debug\usb_echo.a(CySpc.o)
 .debug_frame   0x00001ad8       0x30 c:/program files (x86)/cypress/psoc creator/4.2/psoc creator/import/gnu/arm/5.4.1/bin/../lib/gcc/arm-none-eabi/5.4.1/../../../../arm-none-eabi/lib/armv7-m\libg_nano.a(lib_a-atoi.o)
 .debug_frame   0x00001b08       0x20 c:/program files (x86)/cypress/psoc creator/4.2/psoc creator/import/gnu/arm/5.4.1/bin/../lib/gcc/arm-none-eabi/5.4.1/../../../../arm-none-eabi/lib/armv7-m\libg_nano.a(lib_a-errno.o)
 .debug_frame   0x00001b28       0x28 c:/program files (x86)/cypress/psoc creator/4.2/psoc creator/import/gnu/arm/5.4.1/bin/../lib/gcc/arm-none-eabi/5.4.1/../../../../arm-none-eabi/lib/armv7-m\libg_nano.a(lib_a-exit.o)
 .debug_frame   0x00001b50       0x2c c:/program files (x86)/cypress/psoc creator/4.2/psoc creator/import/gnu/arm/5.4.1/bin/../lib/gcc/arm-none-eabi/5.4.1/../../../../arm-none-eabi/lib/armv7-m\libg_nano.a(lib_a-init.o)
 .debug_frame   0x00001b7c       0x28 c:/program files (x86)/cypress/psoc creator/4.2/psoc creator/import/gnu/arm/5.4.1/bin/../lib/gcc/arm-none-eabi/5.4.1/../../../../arm-none-eabi/lib/armv7-m\libg_nano.a(lib_a-memcpy-stub.o)
 .debug_frame   0x00001ba4       0x20 c:/program files (x86)/cypress/psoc creator/4.2/psoc creator/import/gnu/arm/5.4.1/bin/../lib/gcc/arm-none-eabi/5.4.1/../../../../arm-none-eabi/lib/armv7-m\libg_nano.a(lib_a-memset.o)
 .debug_frame   0x00001bc4       0x70 c:/program files (x86)/cypress/psoc creator/4.2/psoc creator/import/gnu/arm/5.4.1/bin/../lib/gcc/arm-none-eabi/5.4.1/../../../../arm-none-eabi/lib/armv7-m\libg_nano.a(lib_a-sprintf.o)
 .debug_frame   0x00001c34       0x20 c:/program files (x86)/cypress/psoc creator/4.2/psoc creator/import/gnu/arm/5.4.1/bin/../lib/gcc/arm-none-eabi/5.4.1/../../../../arm-none-eabi/lib/armv7-m\libg_nano.a(lib_a-strcmp.o)
 .debug_frame   0x00001c54       0x20 c:/program files (x86)/cypress/psoc creator/4.2/psoc creator/import/gnu/arm/5.4.1/bin/../lib/gcc/arm-none-eabi/5.4.1/../../../../arm-none-eabi/lib/armv7-m\libg_nano.a(lib_a-strcpy.o)
 .debug_frame   0x00001c74       0x38 c:/program files (x86)/cypress/psoc creator/4.2/psoc creator/import/gnu/arm/5.4.1/bin/../lib/gcc/arm-none-eabi/5.4.1/../../../../arm-none-eabi/lib/armv7-m\libg_nano.a(lib_a-strtok.o)
 .debug_frame   0x00001cac       0x40 c:/program files (x86)/cypress/psoc creator/4.2/psoc creator/import/gnu/arm/5.4.1/bin/../lib/gcc/arm-none-eabi/5.4.1/../../../../arm-none-eabi/lib/armv7-m\libg_nano.a(lib_a-strtok_r.o)
 .debug_frame   0x00001cec       0x44 c:/program files (x86)/cypress/psoc creator/4.2/psoc creator/import/gnu/arm/5.4.1/bin/../lib/gcc/arm-none-eabi/5.4.1/../../../../arm-none-eabi/lib/armv7-m\libg_nano.a(lib_a-strtol.o)
 .debug_frame   0x00001d30       0x30 c:/program files (x86)/cypress/psoc creator/4.2/psoc creator/import/gnu/arm/5.4.1/bin/../lib/gcc/arm-none-eabi/5.4.1/../../../../arm-none-eabi/lib/armv7-m\libg_nano.a(lib_a-malloc.o)
 .debug_frame   0x00001d60       0x38 c:/program files (x86)/cypress/psoc creator/4.2/psoc creator/import/gnu/arm/5.4.1/bin/../lib/gcc/arm-none-eabi/5.4.1/../../../../arm-none-eabi/lib/armv7-m\libg_nano.a(lib_a-nano-freer.o)
 .debug_frame   0x00001d98       0x2c c:/program files (x86)/cypress/psoc creator/4.2/psoc creator/import/gnu/arm/5.4.1/bin/../lib/gcc/arm-none-eabi/5.4.1/../../../../arm-none-eabi/lib/armv7-m\libg_nano.a(lib_a-nano-mallocr.o)
 .debug_frame   0x00001dc4       0x90 c:/program files (x86)/cypress/psoc creator/4.2/psoc creator/import/gnu/arm/5.4.1/bin/../lib/gcc/arm-none-eabi/5.4.1/../../../../arm-none-eabi/lib/armv7-m\libg_nano.a(lib_a-nano-svfprintf.o)
 .debug_frame   0x00001e54       0x60 c:/program files (x86)/cypress/psoc creator/4.2/psoc creator/import/gnu/arm/5.4.1/bin/../lib/gcc/arm-none-eabi/5.4.1/../../../../arm-none-eabi/lib/armv7-m\libg_nano.a(lib_a-nano-vfprintf_i.o)
 .debug_frame   0x00001eb4       0x2c c:/program files (x86)/cypress/psoc creator/4.2/psoc creator/import/gnu/arm/5.4.1/bin/../lib/gcc/arm-none-eabi/5.4.1/../../../../arm-none-eabi/lib/armv7-m\libg_nano.a(lib_a-sbrkr.o)
 .debug_frame   0x00001ee0       0x28 c:/program files (x86)/cypress/psoc creator/4.2/psoc creator/import/gnu/arm/5.4.1/bin/../lib/gcc/arm-none-eabi/5.4.1/../../../../arm-none-eabi/lib/armv7-m\libg_nano.a(lib_a-memchr-stub.o)
 .debug_frame   0x00001f08       0x28 c:/program files (x86)/cypress/psoc creator/4.2/psoc creator/import/gnu/arm/5.4.1/bin/../lib/gcc/arm-none-eabi/5.4.1/../../../../arm-none-eabi/lib/armv7-m\libg_nano.a(lib_a-memmove.o)
 .debug_frame   0x00001f30       0x30 c:/program files (x86)/cypress/psoc creator/4.2/psoc creator/import/gnu/arm/5.4.1/bin/../lib/gcc/arm-none-eabi/5.4.1/../../../../arm-none-eabi/lib/armv7-m\libg_nano.a(lib_a-mlock.o)
 .debug_frame   0x00001f60       0x3c c:/program files (x86)/cypress/psoc creator/4.2/psoc creator/import/gnu/arm/5.4.1/bin/../lib/gcc/arm-none-eabi/5.4.1/../../../../arm-none-eabi/lib/armv7-m\libg_nano.a(lib_a-nano-reallocr.o)
 .debug_frame   0x00001f9c       0x5c c:/program files (x86)/cypress/psoc creator/4.2/psoc creator/import/gnu/arm/5.4.1/bin/../lib/gcc/arm-none-eabi/5.4.1/../../../../arm-none-eabi/lib/armv7-m\libg_nano.a(lib_a-reent.o)
 .debug_frame   0x00001ff8       0x20 c:/program files (x86)/cypress/psoc creator/4.2/psoc creator/import/gnu/arm/5.4.1/bin/../lib/gcc/arm-none-eabi/5.4.1/../../../../arm-none-eabi/lib/armv7-m\libg_nano.a(lib_a-nano-msizer.o)

.debug_str      0x00000000     0x2581
 *(.debug_str)
 .debug_str     0x00000000      0x366 .\CortexM3\ARM_GCC_541\Debug\main.o
                                0x3c2 (size before relaxing)
 .debug_str     0x00000366      0x1a2 .\CortexM3\ARM_GCC_541\Debug\cyfitter_cfg.o
                                0x33c (size before relaxing)
 .debug_str     0x00000508       0x7f .\CortexM3\ARM_GCC_541\Debug\cymetadata.o
                                0x1dc (size before relaxing)
 .debug_str     0x00000587      0x144 .\CortexM3\ARM_GCC_541\Debug\Cm3Start.o
                                0x302 (size before relaxing)
 .debug_str     0x000006cb      0x396 .\CortexM3\ARM_GCC_541\Debug\usb_echo.a(USB.o)
                                0x5c2 (size before relaxing)
 .debug_str     0x00000a61      0x2de .\CortexM3\ARM_GCC_541\Debug\usb_echo.a(USB_drv.o)
                                0x598 (size before relaxing)
 .debug_str     0x00000d3f       0x4f .\CortexM3\ARM_GCC_541\Debug\usb_echo.a(USB_episr.o)
                                0x292 (size before relaxing)
 .debug_str     0x00000d8e       0x9e .\CortexM3\ARM_GCC_541\Debug\usb_echo.a(USB_pm.o)
                                0x2b8 (size before relaxing)
 .debug_str     0x00000e2c      0x207 .\CortexM3\ARM_GCC_541\Debug\usb_echo.a(USB_std.o)
                                0x674 (size before relaxing)
 .debug_str     0x00001033       0x21 .\CortexM3\ARM_GCC_541\Debug\usb_echo.a(USB_vnd.o)
                                0x1d9 (size before relaxing)
 .debug_str     0x00001054       0x8c .\CortexM3\ARM_GCC_541\Debug\usb_echo.a(USB_Dp.o)
                                0x21d (size before relaxing)
 .debug_str     0x000010e0      0x7e3 .\CortexM3\ARM_GCC_541\Debug\usb_echo.a(CyLib.o)
                                0xa3f (size before relaxing)
 .debug_str     0x000018c3      0x365 .\CortexM3\ARM_GCC_541\Debug\usb_echo.a(cyPm.o)
                                0x72b (size before relaxing)
 .debug_str     0x00001c28      0x141 .\CortexM3\ARM_GCC_541\Debug\usb_echo.a(LCD.o)
                                0x323 (size before relaxing)
 .debug_str     0x00001d69      0x24e .\CortexM3\ARM_GCC_541\Debug\usb_echo.a(UART.o)
                                0x46d (size before relaxing)
 .debug_str     0x00001fb7       0xe5 .\CortexM3\ARM_GCC_541\Debug\usb_echo.a(rx_int.o)
                                0x2ac (size before relaxing)
 .debug_str     0x0000209c      0x183 .\CortexM3\ARM_GCC_541\Debug\usb_echo.a(UART_IntClock.o)
                                0x32e (size before relaxing)
 .debug_str     0x0000221f       0x21 .\CortexM3\ARM_GCC_541\Debug\usb_echo.a(USB_cls.o)
                                0x25c (size before relaxing)
 .debug_str     0x00002240       0xe1 .\CortexM3\ARM_GCC_541\Debug\usb_echo.a(USB_descr.o)
                                0x2e1 (size before relaxing)
 .debug_str     0x00002321      0x1b4 .\CortexM3\ARM_GCC_541\Debug\usb_echo.a(CyFlash.o)
                                0x3b8 (size before relaxing)
 .debug_str     0x000024d5       0xac .\CortexM3\ARM_GCC_541\Debug\usb_echo.a(CySpc.o)
                                0x330 (size before relaxing)

.debug_loc      0x00000000     0x3242
 *(.debug_loc)
 .debug_loc     0x00000000      0x1d9 .\CortexM3\ARM_GCC_541\Debug\main.o
 .debug_loc     0x000001d9      0x25a .\CortexM3\ARM_GCC_541\Debug\cyfitter_cfg.o
 .debug_loc     0x00000433      0x144 .\CortexM3\ARM_GCC_541\Debug\Cm3Start.o
 .debug_loc     0x00000577      0x3e1 .\CortexM3\ARM_GCC_541\Debug\usb_echo.a(USB.o)
 .debug_loc     0x00000958      0x171 .\CortexM3\ARM_GCC_541\Debug\usb_echo.a(USB_drv.o)
 .debug_loc     0x00000ac9       0x26 .\CortexM3\ARM_GCC_541\Debug\usb_echo.a(USB_pm.o)
 .debug_loc     0x00000aef      0x883 .\CortexM3\ARM_GCC_541\Debug\usb_echo.a(USB_std.o)
 .debug_loc     0x00001372       0x84 .\CortexM3\ARM_GCC_541\Debug\usb_echo.a(USB_Dp.o)
 .debug_loc     0x000013f6      0xa11 .\CortexM3\ARM_GCC_541\Debug\usb_echo.a(CyLib.o)
 .debug_loc     0x00001e07      0x1e4 .\CortexM3\ARM_GCC_541\Debug\usb_echo.a(cyPm.o)
 .debug_loc     0x00001feb      0x3c6 .\CortexM3\ARM_GCC_541\Debug\usb_echo.a(LCD.o)
 .debug_loc     0x000023b1      0x258 .\CortexM3\ARM_GCC_541\Debug\usb_echo.a(UART.o)
 .debug_loc     0x00002609       0x56 .\CortexM3\ARM_GCC_541\Debug\usb_echo.a(rx_int.o)
 .debug_loc     0x0000265f      0x12c .\CortexM3\ARM_GCC_541\Debug\usb_echo.a(UART_IntClock.o)
 .debug_loc     0x0000278b      0x3b2 .\CortexM3\ARM_GCC_541\Debug\usb_echo.a(CyFlash.o)
 .debug_loc     0x00002b3d      0x705 .\CortexM3\ARM_GCC_541\Debug\usb_echo.a(CySpc.o)

.debug_macinfo
 *(.debug_macinfo)

.debug_ranges   0x00000000      0x940
 *(.debug_ranges)
 .debug_ranges  0x00000000       0x20 .\CortexM3\ARM_GCC_541\Debug\main.o
 .debug_ranges  0x00000020       0x48 .\CortexM3\ARM_GCC_541\Debug\cyfitter_cfg.o
 .debug_ranges  0x00000068       0x38 .\CortexM3\ARM_GCC_541\Debug\Cm3Start.o
 .debug_ranges  0x000000a0       0xd0 .\CortexM3\ARM_GCC_541\Debug\usb_echo.a(USB.o)
 .debug_ranges  0x00000170       0x88 .\CortexM3\ARM_GCC_541\Debug\usb_echo.a(USB_drv.o)
 .debug_ranges  0x000001f8       0x20 .\CortexM3\ARM_GCC_541\Debug\usb_echo.a(USB_episr.o)
 .debug_ranges  0x00000218       0x30 .\CortexM3\ARM_GCC_541\Debug\usb_echo.a(USB_pm.o)
 .debug_ranges  0x00000248       0x68 .\CortexM3\ARM_GCC_541\Debug\usb_echo.a(USB_std.o)
 .debug_ranges  0x000002b0       0x10 .\CortexM3\ARM_GCC_541\Debug\usb_echo.a(USB_vnd.o)
 .debug_ranges  0x000002c0       0x38 .\CortexM3\ARM_GCC_541\Debug\usb_echo.a(USB_Dp.o)
 .debug_ranges  0x000002f8      0x290 .\CortexM3\ARM_GCC_541\Debug\usb_echo.a(CyLib.o)
 .debug_ranges  0x00000588       0x88 .\CortexM3\ARM_GCC_541\Debug\usb_echo.a(cyPm.o)
 .debug_ranges  0x00000610       0x88 .\CortexM3\ARM_GCC_541\Debug\usb_echo.a(LCD.o)
 .debug_ranges  0x00000698       0xe0 .\CortexM3\ARM_GCC_541\Debug\usb_echo.a(UART.o)
 .debug_ranges  0x00000778       0x70 .\CortexM3\ARM_GCC_541\Debug\usb_echo.a(rx_int.o)
 .debug_ranges  0x000007e8       0x60 .\CortexM3\ARM_GCC_541\Debug\usb_echo.a(UART_IntClock.o)
 .debug_ranges  0x00000848       0x10 .\CortexM3\ARM_GCC_541\Debug\usb_echo.a(USB_cls.o)
 .debug_ranges  0x00000858       0x78 .\CortexM3\ARM_GCC_541\Debug\usb_echo.a(CyFlash.o)
 .debug_ranges  0x000008d0       0x70 .\CortexM3\ARM_GCC_541\Debug\usb_echo.a(CySpc.o)

.comment        0x00000000       0x6e
 .comment       0x00000000       0x6e .\CortexM3\ARM_GCC_541\Debug\main.o
                                 0x6f (size before relaxing)
 .comment       0x0000006e       0x6f .\CortexM3\ARM_GCC_541\Debug\cyfitter_cfg.o
 .comment       0x0000006e       0x6f .\CortexM3\ARM_GCC_541\Debug\cymetadata.o
 .comment       0x0000006e       0x6f .\CortexM3\ARM_GCC_541\Debug\Cm3Start.o
 .comment       0x0000006e       0x6f .\CortexM3\ARM_GCC_541\Debug\usb_echo.a(USB.o)
 .comment       0x0000006e       0x6f .\CortexM3\ARM_GCC_541\Debug\usb_echo.a(USB_drv.o)
 .comment       0x0000006e       0x6f .\CortexM3\ARM_GCC_541\Debug\usb_echo.a(USB_episr.o)
 .comment       0x0000006e       0x6f .\CortexM3\ARM_GCC_541\Debug\usb_echo.a(USB_pm.o)
 .comment       0x0000006e       0x6f .\CortexM3\ARM_GCC_541\Debug\usb_echo.a(USB_std.o)
 .comment       0x0000006e       0x6f .\CortexM3\ARM_GCC_541\Debug\usb_echo.a(USB_vnd.o)
 .comment       0x0000006e       0x6f .\CortexM3\ARM_GCC_541\Debug\usb_echo.a(USB_Dp.o)
 .comment       0x0000006e       0x6f .\CortexM3\ARM_GCC_541\Debug\usb_echo.a(CyLib.o)
 .comment       0x0000006e       0x6f .\CortexM3\ARM_GCC_541\Debug\usb_echo.a(cyPm.o)
 .comment       0x0000006e       0x6f .\CortexM3\ARM_GCC_541\Debug\usb_echo.a(LCD.o)
 .comment       0x0000006e       0x6f .\CortexM3\ARM_GCC_541\Debug\usb_echo.a(UART.o)
 .comment       0x0000006e       0x6f .\CortexM3\ARM_GCC_541\Debug\usb_echo.a(rx_int.o)
 .comment       0x0000006e       0x6f .\CortexM3\ARM_GCC_541\Debug\usb_echo.a(UART_IntClock.o)
 .comment       0x0000006e       0x6f .\CortexM3\ARM_GCC_541\Debug\usb_echo.a(USB_cls.o)
 .comment       0x0000006e       0x6f .\CortexM3\ARM_GCC_541\Debug\usb_echo.a(USB_descr.o)
 .comment       0x0000006e       0x6f .\CortexM3\ARM_GCC_541\Debug\usb_echo.a(CyFlash.o)
 .comment       0x0000006e       0x6f .\CortexM3\ARM_GCC_541\Debug\usb_echo.a(CySpc.o)

.debug_weaknames
 *(.debug_weaknames)

.debug_funcnames
 *(.debug_funcnames)

.debug_typenames
 *(.debug_typenames)

.debug_varnames
 *(.debug_varnames)

.note.gnu.arm.ident
 *(.note.gnu.arm.ident)

.ARM.attributes
                0x00000000       0x29
 *(.ARM.attributes)
 .ARM.attributes
                0x00000000       0x1d c:/program files (x86)/cypress/psoc creator/4.2/psoc creator/import/gnu/arm/5.4.1/bin/../lib/gcc/arm-none-eabi/5.4.1/armv7-m/crti.o
 .ARM.attributes
                0x0000001d       0x2d c:/program files (x86)/cypress/psoc creator/4.2/psoc creator/import/gnu/arm/5.4.1/bin/../lib/gcc/arm-none-eabi/5.4.1/armv7-m/crtbegin.o
 .ARM.attributes
                0x0000004a       0x1b c:/program files (x86)/cypress/psoc creator/4.2/psoc creator/import/gnu/arm/5.4.1/bin/../lib/gcc/arm-none-eabi/5.4.1/../../../../arm-none-eabi/lib/armv7-m/crt0.o
 .ARM.attributes
                0x00000065       0x33 .\CortexM3\ARM_GCC_541\Debug\main.o
 .ARM.attributes
                0x00000098       0x33 .\CortexM3\ARM_GCC_541\Debug\cyfitter_cfg.o
 .ARM.attributes
                0x000000cb       0x33 .\CortexM3\ARM_GCC_541\Debug\cymetadata.o
 .ARM.attributes
                0x000000fe       0x33 .\CortexM3\ARM_GCC_541\Debug\Cm3Start.o
 .ARM.attributes
                0x00000131       0x33 .\CortexM3\ARM_GCC_541\Debug\usb_echo.a(USB.o)
 .ARM.attributes
                0x00000164       0x33 .\CortexM3\ARM_GCC_541\Debug\usb_echo.a(USB_drv.o)
 .ARM.attributes
                0x00000197       0x33 .\CortexM3\ARM_GCC_541\Debug\usb_echo.a(USB_episr.o)
 .ARM.attributes
                0x000001ca       0x33 .\CortexM3\ARM_GCC_541\Debug\usb_echo.a(USB_pm.o)
 .ARM.attributes
                0x000001fd       0x33 .\CortexM3\ARM_GCC_541\Debug\usb_echo.a(USB_std.o)
 .ARM.attributes
                0x00000230       0x33 .\CortexM3\ARM_GCC_541\Debug\usb_echo.a(USB_vnd.o)
 .ARM.attributes
                0x00000263       0x33 .\CortexM3\ARM_GCC_541\Debug\usb_echo.a(USB_Dp.o)
 .ARM.attributes
                0x00000296       0x33 .\CortexM3\ARM_GCC_541\Debug\usb_echo.a(CyLib.o)
 .ARM.attributes
                0x000002c9       0x33 .\CortexM3\ARM_GCC_541\Debug\usb_echo.a(cyPm.o)
 .ARM.attributes
                0x000002fc       0x33 .\CortexM3\ARM_GCC_541\Debug\usb_echo.a(LCD.o)
 .ARM.attributes
                0x0000032f       0x33 .\CortexM3\ARM_GCC_541\Debug\usb_echo.a(UART.o)
 .ARM.attributes
                0x00000362       0x33 .\CortexM3\ARM_GCC_541\Debug\usb_echo.a(rx_int.o)
 .ARM.attributes
                0x00000395       0x33 .\CortexM3\ARM_GCC_541\Debug\usb_echo.a(UART_IntClock.o)
 .ARM.attributes
                0x000003c8       0x21 .\CortexM3\ARM_GCC_541\Debug\usb_echo.a(CyBootAsmGnu.o)
 .ARM.attributes
                0x000003e9       0x33 .\CortexM3\ARM_GCC_541\Debug\usb_echo.a(USB_cls.o)
 .ARM.attributes
                0x0000041c       0x33 .\CortexM3\ARM_GCC_541\Debug\usb_echo.a(USB_descr.o)
 .ARM.attributes
                0x0000044f       0x33 .\CortexM3\ARM_GCC_541\Debug\usb_echo.a(CyFlash.o)
 .ARM.attributes
                0x00000482       0x33 .\CortexM3\ARM_GCC_541\Debug\usb_echo.a(CySpc.o)
 .ARM.attributes
                0x000004b5       0x2d c:/program files (x86)/cypress/psoc creator/4.2/psoc creator/import/gnu/arm/5.4.1/bin/../lib/gcc/arm-none-eabi/5.4.1/../../../../arm-none-eabi/lib/armv7-m\libg_nano.a(lib_a-atoi.o)
 .ARM.attributes
                0x000004e2       0x2d c:/program files (x86)/cypress/psoc creator/4.2/psoc creator/import/gnu/arm/5.4.1/bin/../lib/gcc/arm-none-eabi/5.4.1/../../../../arm-none-eabi/lib/armv7-m\libg_nano.a(lib_a-errno.o)
 .ARM.attributes
                0x0000050f       0x2d c:/program files (x86)/cypress/psoc creator/4.2/psoc creator/import/gnu/arm/5.4.1/bin/../lib/gcc/arm-none-eabi/5.4.1/../../../../arm-none-eabi/lib/armv7-m\libg_nano.a(lib_a-exit.o)
 .ARM.attributes
                0x0000053c       0x2d c:/program files (x86)/cypress/psoc creator/4.2/psoc creator/import/gnu/arm/5.4.1/bin/../lib/gcc/arm-none-eabi/5.4.1/../../../../arm-none-eabi/lib/armv7-m\libg_nano.a(lib_a-impure.o)
 .ARM.attributes
                0x00000569       0x2d c:/program files (x86)/cypress/psoc creator/4.2/psoc creator/import/gnu/arm/5.4.1/bin/../lib/gcc/arm-none-eabi/5.4.1/../../../../arm-none-eabi/lib/armv7-m\libg_nano.a(lib_a-init.o)
 .ARM.attributes
                0x00000596       0x2d c:/program files (x86)/cypress/psoc creator/4.2/psoc creator/import/gnu/arm/5.4.1/bin/../lib/gcc/arm-none-eabi/5.4.1/../../../../arm-none-eabi/lib/armv7-m\libg_nano.a(lib_a-memcpy-stub.o)
 .ARM.attributes
                0x000005c3       0x2d c:/program files (x86)/cypress/psoc creator/4.2/psoc creator/import/gnu/arm/5.4.1/bin/../lib/gcc/arm-none-eabi/5.4.1/../../../../arm-none-eabi/lib/armv7-m\libg_nano.a(lib_a-memset.o)
 .ARM.attributes
                0x000005f0       0x2d c:/program files (x86)/cypress/psoc creator/4.2/psoc creator/import/gnu/arm/5.4.1/bin/../lib/gcc/arm-none-eabi/5.4.1/../../../../arm-none-eabi/lib/armv7-m\libg_nano.a(lib_a-sprintf.o)
 .ARM.attributes
                0x0000061d       0x1b c:/program files (x86)/cypress/psoc creator/4.2/psoc creator/import/gnu/arm/5.4.1/bin/../lib/gcc/arm-none-eabi/5.4.1/../../../../arm-none-eabi/lib/armv7-m\libg_nano.a(lib_a-strcmp.o)
 .ARM.attributes
                0x00000638       0x2d c:/program files (x86)/cypress/psoc creator/4.2/psoc creator/import/gnu/arm/5.4.1/bin/../lib/gcc/arm-none-eabi/5.4.1/../../../../arm-none-eabi/lib/armv7-m\libg_nano.a(lib_a-strcpy.o)
 .ARM.attributes
                0x00000665       0x17 c:/program files (x86)/cypress/psoc creator/4.2/psoc creator/import/gnu/arm/5.4.1/bin/../lib/gcc/arm-none-eabi/5.4.1/../../../../arm-none-eabi/lib/armv7-m\libg_nano.a(lib_a-strlen.o)
 .ARM.attributes
                0x0000067c       0x2d c:/program files (x86)/cypress/psoc creator/4.2/psoc creator/import/gnu/arm/5.4.1/bin/../lib/gcc/arm-none-eabi/5.4.1/../../../../arm-none-eabi/lib/armv7-m\libg_nano.a(lib_a-strtok.o)
 .ARM.attributes
                0x000006a9       0x2d c:/program files (x86)/cypress/psoc creator/4.2/psoc creator/import/gnu/arm/5.4.1/bin/../lib/gcc/arm-none-eabi/5.4.1/../../../../arm-none-eabi/lib/armv7-m\libg_nano.a(lib_a-strtok_r.o)
 .ARM.attributes
                0x000006d6       0x2d c:/program files (x86)/cypress/psoc creator/4.2/psoc creator/import/gnu/arm/5.4.1/bin/../lib/gcc/arm-none-eabi/5.4.1/../../../../arm-none-eabi/lib/armv7-m\libg_nano.a(lib_a-strtol.o)
 .ARM.attributes
                0x00000703       0x2d c:/program files (x86)/cypress/psoc creator/4.2/psoc creator/import/gnu/arm/5.4.1/bin/../lib/gcc/arm-none-eabi/5.4.1/../../../../arm-none-eabi/lib/armv7-m\libg_nano.a(lib_a-ctype_.o)
 .ARM.attributes
                0x00000730       0x2d c:/program files (x86)/cypress/psoc creator/4.2/psoc creator/import/gnu/arm/5.4.1/bin/../lib/gcc/arm-none-eabi/5.4.1/../../../../arm-none-eabi/lib/armv7-m\libg_nano.a(lib_a-malloc.o)
 .ARM.attributes
                0x0000075d       0x2d c:/program files (x86)/cypress/psoc creator/4.2/psoc creator/import/gnu/arm/5.4.1/bin/../lib/gcc/arm-none-eabi/5.4.1/../../../../arm-none-eabi/lib/armv7-m\libg_nano.a(lib_a-nano-freer.o)
 .ARM.attributes
                0x0000078a       0x2d c:/program files (x86)/cypress/psoc creator/4.2/psoc creator/import/gnu/arm/5.4.1/bin/../lib/gcc/arm-none-eabi/5.4.1/../../../../arm-none-eabi/lib/armv7-m\libg_nano.a(lib_a-nano-mallocr.o)
 .ARM.attributes
                0x000007b7       0x2d c:/program files (x86)/cypress/psoc creator/4.2/psoc creator/import/gnu/arm/5.4.1/bin/../lib/gcc/arm-none-eabi/5.4.1/../../../../arm-none-eabi/lib/armv7-m\libg_nano.a(lib_a-nano-svfprintf.o)
 .ARM.attributes
                0x000007e4       0x2d c:/program files (x86)/cypress/psoc creator/4.2/psoc creator/import/gnu/arm/5.4.1/bin/../lib/gcc/arm-none-eabi/5.4.1/../../../../arm-none-eabi/lib/armv7-m\libg_nano.a(lib_a-nano-vfprintf_i.o)
 .ARM.attributes
                0x00000811       0x2d c:/program files (x86)/cypress/psoc creator/4.2/psoc creator/import/gnu/arm/5.4.1/bin/../lib/gcc/arm-none-eabi/5.4.1/../../../../arm-none-eabi/lib/armv7-m\libg_nano.a(lib_a-sbrkr.o)
 .ARM.attributes
                0x0000083e       0x2d c:/program files (x86)/cypress/psoc creator/4.2/psoc creator/import/gnu/arm/5.4.1/bin/../lib/gcc/arm-none-eabi/5.4.1/../../../../arm-none-eabi/lib/armv7-m\libg_nano.a(lib_a-memchr-stub.o)
 .ARM.attributes
                0x0000086b       0x2d c:/program files (x86)/cypress/psoc creator/4.2/psoc creator/import/gnu/arm/5.4.1/bin/../lib/gcc/arm-none-eabi/5.4.1/../../../../arm-none-eabi/lib/armv7-m\libg_nano.a(lib_a-memmove.o)
 .ARM.attributes
                0x00000898       0x2d c:/program files (x86)/cypress/psoc creator/4.2/psoc creator/import/gnu/arm/5.4.1/bin/../lib/gcc/arm-none-eabi/5.4.1/../../../../arm-none-eabi/lib/armv7-m\libg_nano.a(lib_a-mlock.o)
 .ARM.attributes
                0x000008c5       0x2d c:/program files (x86)/cypress/psoc creator/4.2/psoc creator/import/gnu/arm/5.4.1/bin/../lib/gcc/arm-none-eabi/5.4.1/../../../../arm-none-eabi/lib/armv7-m\libg_nano.a(lib_a-nano-reallocr.o)
 .ARM.attributes
                0x000008f2       0x2d c:/program files (x86)/cypress/psoc creator/4.2/psoc creator/import/gnu/arm/5.4.1/bin/../lib/gcc/arm-none-eabi/5.4.1/../../../../arm-none-eabi/lib/armv7-m\libg_nano.a(lib_a-reent.o)
 .ARM.attributes
                0x0000091f       0x2d c:/program files (x86)/cypress/psoc creator/4.2/psoc creator/import/gnu/arm/5.4.1/bin/../lib/gcc/arm-none-eabi/5.4.1/../../../../arm-none-eabi/lib/armv7-m\libg_nano.a(lib_a-nano-msizer.o)
 .ARM.attributes
                0x0000094c       0x2d c:/program files (x86)/cypress/psoc creator/4.2/psoc creator/import/gnu/arm/5.4.1/bin/../lib/gcc/arm-none-eabi/5.4.1/armv7-m/crtend.o
 .ARM.attributes
                0x00000979       0x1d c:/program files (x86)/cypress/psoc creator/4.2/psoc creator/import/gnu/arm/5.4.1/bin/../lib/gcc/arm-none-eabi/5.4.1/armv7-m/crtn.o

/DISCARD/
 *(.note.GNU-stack)
OUTPUT(C:\Users\Walaa\Downloads\usb_echo\usb_echo\usb_echo.cydsn\CortexM3\ARM_GCC_541\Debug\usb_echo.elf elf32-littlearm)
