Archive member included to satisfy reference by file (symbol)

.\CortexM3\ARM_GCC_541\Debug\usb_echo.a(USB.o)
                              .\CortexM3\ARM_GCC_541\Debug\main.o (USB_Start)
.\CortexM3\ARM_GCC_541\Debug\usb_echo.a(USB_drv.o)
                              .\CortexM3\ARM_GCC_541\Debug\usb_echo.a(USB.o) (USB_lastPacketSize)
.\CortexM3\ARM_GCC_541\Debug\usb_echo.a(USB_episr.o)
                              .\CortexM3\ARM_GCC_541\Debug\usb_echo.a(USB.o) (USB_EP_1_ISR)
.\CortexM3\ARM_GCC_541\Debug\usb_echo.a(USB_pm.o)
                              .\CortexM3\ARM_GCC_541\Debug\usb_echo.a(USB.o) (USB_DP_ISR)
.\CortexM3\ARM_GCC_541\Debug\usb_echo.a(USB_std.o)
                              .\CortexM3\ARM_GCC_541\Debug\usb_echo.a(USB_pm.o) (USB_ConfigReg)
.\CortexM3\ARM_GCC_541\Debug\usb_echo.a(USB_vnd.o)
                              .\CortexM3\ARM_GCC_541\Debug\usb_echo.a(USB_drv.o) (USB_HandleVendorRqst)
.\CortexM3\ARM_GCC_541\Debug\usb_echo.a(USB_Dp.o)
                              .\CortexM3\ARM_GCC_541\Debug\usb_echo.a(USB.o) (USB_Dp_ClearInterrupt)
.\CortexM3\ARM_GCC_541\Debug\usb_echo.a(CyLib.o)
                              .\CortexM3\ARM_GCC_541\Debug\Cm3Start.o (CyHalt)
.\CortexM3\ARM_GCC_541\Debug\usb_echo.a(cyPm.o)
                              .\CortexM3\ARM_GCC_541\Debug\usb_echo.a(CyLib.o) (CyPmReadStatus)
.\CortexM3\ARM_GCC_541\Debug\usb_echo.a(LCD.o)
                              .\CortexM3\ARM_GCC_541\Debug\main.o (LCD_PutChar)
.\CortexM3\ARM_GCC_541\Debug\usb_echo.a(UART.o)
                              .\CortexM3\ARM_GCC_541\Debug\main.o (UART_Start)
.\CortexM3\ARM_GCC_541\Debug\usb_echo.a(rx_int.o)
                              .\CortexM3\ARM_GCC_541\Debug\main.o (rx_int_StartEx)
.\CortexM3\ARM_GCC_541\Debug\usb_echo.a(UART_IntClock.o)
                              .\CortexM3\ARM_GCC_541\Debug\usb_echo.a(UART.o) (UART_IntClock_Start)
.\CortexM3\ARM_GCC_541\Debug\usb_echo.a(CyBootAsmGnu.o)
                              .\CortexM3\ARM_GCC_541\Debug\cyfitter_cfg.o (CyDelayCycles)
.\CortexM3\ARM_GCC_541\Debug\usb_echo.a(USB_cls.o)
                              .\CortexM3\ARM_GCC_541\Debug\usb_echo.a(USB_drv.o) (USB_DispatchClassRqst)
.\CortexM3\ARM_GCC_541\Debug\usb_echo.a(USB_descr.o)
                              .\CortexM3\ARM_GCC_541\Debug\usb_echo.a(USB_std.o) (USB_TABLE)
.\CortexM3\ARM_GCC_541\Debug\usb_echo.a(CyFlash.o)
                              .\CortexM3\ARM_GCC_541\Debug\usb_echo.a(cyPm.o) (CyFlash_SetWaitCycles)
.\CortexM3\ARM_GCC_541\Debug\usb_echo.a(CySpc.o)
                              .\CortexM3\ARM_GCC_541\Debug\usb_echo.a(CyFlash.o) (CySpcStart)
c:/program files (x86)/cypress/psoc creator/4.2/psoc creator/import/gnu/arm/5.4.1/bin/../lib/gcc/arm-none-eabi/5.4.1/../../../../arm-none-eabi/lib/armv7-m\libg_nano.a(lib_a-atoi.o)
                              .\CortexM3\ARM_GCC_541\Debug\main.o (atoi)
c:/program files (x86)/cypress/psoc creator/4.2/psoc creator/import/gnu/arm/5.4.1/bin/../lib/gcc/arm-none-eabi/5.4.1/../../../../arm-none-eabi/lib/armv7-m\libg_nano.a(lib_a-errno.o)
                              .\CortexM3\ARM_GCC_541\Debug\Cm3Start.o (__errno)
c:/program files (x86)/cypress/psoc creator/4.2/psoc creator/import/gnu/arm/5.4.1/bin/../lib/gcc/arm-none-eabi/5.4.1/../../../../arm-none-eabi/lib/armv7-m\libg_nano.a(lib_a-exit.o)
                              c:/program files (x86)/cypress/psoc creator/4.2/psoc creator/import/gnu/arm/5.4.1/bin/../lib/gcc/arm-none-eabi/5.4.1/../../../../arm-none-eabi/lib/armv7-m/crt0.o (exit)
c:/program files (x86)/cypress/psoc creator/4.2/psoc creator/import/gnu/arm/5.4.1/bin/../lib/gcc/arm-none-eabi/5.4.1/../../../../arm-none-eabi/lib/armv7-m\libg_nano.a(lib_a-impure.o)
                              c:/program files (x86)/cypress/psoc creator/4.2/psoc creator/import/gnu/arm/5.4.1/bin/../lib/gcc/arm-none-eabi/5.4.1/../../../../arm-none-eabi/lib/armv7-m\libg_nano.a(lib_a-exit.o) (_global_impure_ptr)
c:/program files (x86)/cypress/psoc creator/4.2/psoc creator/import/gnu/arm/5.4.1/bin/../lib/gcc/arm-none-eabi/5.4.1/../../../../arm-none-eabi/lib/armv7-m\libg_nano.a(lib_a-init.o)
                              c:/program files (x86)/cypress/psoc creator/4.2/psoc creator/import/gnu/arm/5.4.1/bin/../lib/gcc/arm-none-eabi/5.4.1/../../../../arm-none-eabi/lib/armv7-m/crt0.o (__libc_init_array)
c:/program files (x86)/cypress/psoc creator/4.2/psoc creator/import/gnu/arm/5.4.1/bin/../lib/gcc/arm-none-eabi/5.4.1/../../../../arm-none-eabi/lib/armv7-m\libg_nano.a(lib_a-memcpy-stub.o)
                              .\CortexM3\ARM_GCC_541\Debug\main.o (memcpy)
c:/program files (x86)/cypress/psoc creator/4.2/psoc creator/import/gnu/arm/5.4.1/bin/../lib/gcc/arm-none-eabi/5.4.1/../../../../arm-none-eabi/lib/armv7-m\libg_nano.a(lib_a-memset.o)
                              c:/program files (x86)/cypress/psoc creator/4.2/psoc creator/import/gnu/arm/5.4.1/bin/../lib/gcc/arm-none-eabi/5.4.1/../../../../arm-none-eabi/lib/armv7-m/crt0.o (memset)
[...]
Memory Configuration

Name             Origin             Length             Attributes
rom              0x00000000         0x00040000         xr
ram              0x1fff8000         0x00010000         xrw
*default*        0x00000000         0xffffffff

Linker script and memory map

LOAD c:/program files (x86)/cypress/psoc creator/4.2/psoc creator/import/gnu/arm/5.4.1/bin/../lib/gcc/arm-none-eabi/5.4.1/armv7-m/crti.o
LOAD c:/program files (x86)/cypress/psoc creator/4.2/psoc creator/import/gnu/arm/5.4.1/bin/../lib/gcc/arm-none-eabi/5.4.1/armv7-m/crtbegin.o
LOAD c:/program files (x86)/cypress/psoc creator/4.2/psoc creator/import/gnu/arm/5.4.1/bin/../lib/gcc/arm-none-eabi/5.4.1/../../../../arm-none-eabi/lib/armv7-m/crt0.o
START GROUP
LOAD .\CortexM3\ARM_GCC_541\Debug\main.o
LOAD .\CortexM3\ARM_GCC_541\Debug\cyfitter_cfg.o
LOAD .\CortexM3\ARM_GCC_541\Debug\cymetadata.o
LOAD .\CortexM3\ARM_GCC_541\Debug\Cm3Start.o
LOAD .\CortexM3\ARM_GCC_541\Debug\usb_echo.a
LOAD C:\Program Files (x86)\Cypress\PSoC Creator\4.2\PSoC Creator\psoc\content\cycomponentlibrary\CyComponentLibrary.cylib\CortexM3\ARM_GCC_541\Debug\CyComponentLibrary.a
END GROUP
START GROUP
LOAD c:/program files (x86)/cypress/psoc creator/4.2/psoc creator/import/gnu/arm/5.4.1/bin/../lib/gcc/arm-none-eabi/5.4.1/armv7-m\libgcc.a
LOAD c:/program files (x86)/cypress/psoc creator/4.2/psoc creator/import/gnu/arm/5.4.1/bin/../lib/gcc/arm-none-eabi/5.4.1/../../../../arm-none-eabi/lib/armv7-m\libg_nano.a
LOAD c:/program files (x86)/cypress/psoc creator/4.2/psoc creator/import/gnu/arm/5.4.1/bin/../lib/gcc/arm-none-eabi/5.4.1/../../../../arm-none-eabi/lib/armv7-m\libc_nano.a
END GROUP
START GROUP
LOAD c:/program files (x86)/cypress/psoc creator/4.2/psoc creator/import/gnu/arm/5.4.1/bin/../lib/gcc/arm-none-eabi/5.4.1/armv7-m\libgcc.a
LOAD c:/program files (x86)/cypress/psoc creator/4.2/psoc creator/import/gnu/arm/5.4.1/bin/../lib/gcc/arm-none-eabi/5.4.1/../../../../arm-none-eabi/lib/armv7-m\libc_nano.a
END GROUP
LOAD c:/program files (x86)/cypress/psoc creator/4.2/psoc creator/import/gnu/arm/5.4.1/bin/../lib/gcc/arm-none-eabi/5.4.1/armv7-m/crtend.o
LOAD c:/program files (x86)/cypress/psoc creator/4.2/psoc creator/import/gnu/arm/5.4.1/bin/../lib/gcc/arm-none-eabi/5.4.1/armv7-m/crtn.o
START GROUP
LOAD c:/program files (x86)/cypress/psoc creator/4.2/psoc creator/import/gnu/arm/5.4.1/bin/../lib/gcc/arm-none-eabi/5.4.1/armv7-m\libgcc.a
LOAD c:/program files (x86)/cypress/psoc creator/4.2/psoc creator/import/gnu/arm/5.4.1/bin/../lib/gcc/arm-none-eabi/5.4.1/../../../../arm-none-eabi/lib/armv7-m\libc.a
LOAD c:/program files (x86)/cypress/psoc creator/4.2/psoc creator/import/gnu/arm/5.4.1/bin/../lib/gcc/arm-none-eabi/5.4.1/../../../../arm-none-eabi/lib/armv7-m\libnosys.a
END GROUP
                0x00000000                CY_APPL_ORIGIN = 0x0
                0x00000100                CY_FLASH_ROW_SIZE = 0x100
                0x00000020                CY_ECC_ROW_SIZE = 0x20
                0x00000000                CY_EE_IN_BTLDR = 0x0
                0x00000000                CY_APPL_LOADABLE = 0x0
                0x00000800                CY_EE_SIZE = 0x800
                0x00000001                CY_APPL_NUM = 0x1
                0x00000001                CY_APPL_MAX = 0x1
                0x00000040                CY_METADATA_SIZE = 0x40
                0x00000000                CY_APPL_LOADABLE = 0x0
                0x00000000                CY_CHECKSUM_EXCLUDE_SIZE = ALIGN (0x0, CY_FLASH_ROW_SIZE)
                [!provide]                PROVIDE (__cy_heap_start, _end)
                0x00000001                PROVIDE (__cy_region_num, ((__cy_regions_end - __cy_regions) / 0x10))
                0x20008000                PROVIDE (__cy_stack, (ORIGIN (ram) + LENGTH (ram)))
                [!provide]                PROVIDE (__cy_heap_end, (__cy_stack - 0x800))

.cybootloader   0x00000000        0x0
 *(.cybootloader)
                0x00000000                appl1_start = CY_APPL_ORIGIN?CY_APPL_ORIGIN:ALIGN (CY_FLASH_ROW_SIZE)
                0x0001ff00                appl2_start = (appl1_start + ALIGN ((((LENGTH (rom) - appl1_start) - (0x2 * CY_FLASH_ROW_SIZE)) / 0x2), CY_FLASH_ROW_SIZE))
                0x00000000                appl_start = (CY_APPL_NUM == 0x1)?appl1_start:appl2_start
                0x00000000                ecc_offset = ((appl_start / CY_FLASH_ROW_SIZE) * CY_ECC_ROW_SIZE)
                0x00000000                ee_offset = (CY_APPL_LOADABLE && ! (CY_EE_IN_BTLDR))?((CY_EE_SIZE / CY_APPL_MAX) * (CY_APPL_NUM - 0x1)):0x0
                0x00000800                ee_size = (CY_APPL_LOADABLE && ! (CY_EE_IN_BTLDR))?(CY_EE_SIZE / CY_APPL_MAX):CY_EE_SIZE
                [!provide]                PROVIDE (CY_ECC_OFFSET, ecc_offset)

.text           0x00000000     0x2170
 CREATE_OBJECT_SYMBOLS
                0x00000000                PROVIDE (__cy_interrupt_vector, RomVectors)
 *(.romvectors)
 .romvectors    0x00000000       0x10 .\CortexM3\ARM_GCC_541\Debug\Cm3Start.o
                0x00000000                RomVectors
                0x00000001                ASSERT ((. != __cy_interrupt_vector), No interrupt vector)
                0x00000001                ASSERT (CY_APPL_ORIGIN?(SIZEOF (.cybootloader) <= CY_APPL_ORIGIN):0x1, Wrong image location)
                0x00000010                PROVIDE (__cy_reset, Reset)
 *(.text.Reset)
 .text.Reset    0x00000010       0x18 .\CortexM3\ARM_GCC_541\Debug\Cm3Start.o
                0x00000010                Reset
                0x00000001                ASSERT ((. != __cy_reset), No reset code)
 *(.dma_init)
                0x00000001                ASSERT ((((appl_start + .) <= 0x10000) || 0x1), DMA Init must be within the first 64k of flash)
 *(.text .text.* .gnu.linkonce.t.*)
 .text          0x00000028       0x5c c:/program files (x86)/cypress/psoc creator/4.2/psoc creator/import/gnu/arm/5.4.1/bin/../lib/gcc/arm-none-eabi/5.4.1/armv7-m/crtbegin.o
 .text.byte_to_binary
                0x00000084       0x3c .\CortexM3\ARM_GCC_541\Debug\main.o
                0x00000084                byte_to_binary
 .text.RX_INT   0x000000c0       0x78 .\CortexM3\ARM_GCC_541\Debug\main.o
                0x000000c0                RX_INT
 .text.main     0x00000138      0x438 .\CortexM3\ARM_GCC_541\Debug\main.o
                0x00000138                main
 .text.CyClockStartupError
                0x00000570        0x4 .\CortexM3\ARM_GCC_541\Debug\cyfitter_cfg.o
 .text.cfg_write_bytes32
                0x00000574       0x34 .\CortexM3\ARM_GCC_541\Debug\cyfitter_cfg.o
 .text.AnalogSetDefault
                0x000005a8       0x28 .\CortexM3\ARM_GCC_541\Debug\cyfitter_cfg.o
 .text.CYMEMZERO
                0x000005d0        0xc .\CortexM3\ARM_GCC_541\Debug\cyfitter_cfg.o
 .text.ClockSetup
                0x000005dc       0xbc .\CortexM3\ARM_GCC_541\Debug\cyfitter_cfg.o
 .text.CYCONFIGCPY
                0x00000698        0x8 .\CortexM3\ARM_GCC_541\Debug\cyfitter_cfg.o
 .text.cyfitter_cfg
                0x000006a0      0x13c .\CortexM3\ARM_GCC_541\Debug\cyfitter_cfg.o
                0x000006a0                cyfitter_cfg
 .text.IntDefaultHandler
                0x000007dc       0x10 .\CortexM3\ARM_GCC_541\Debug\Cm3Start.o
                0x000007dc                IntDefaultHandler
 .text._sbrk    0x000007ec       0x30 .\CortexM3\ARM_GCC_541\Debug\Cm3Start.o
                0x000007ec                _sbrk
 .text.Start_c  0x0000081c       0x4c .\CortexM3\ARM_GCC_541\Debug\Cm3Start.o
                0x0000081c                Start_c
 .text.initialize_psoc
                0x00000868       0x68 .\CortexM3\ARM_GCC_541\Debug\Cm3Start.o
                0x00000868                initialize_psoc
 .text.USB_Init
                0x000008d0      0x118 .\CortexM3\ARM_GCC_541\Debug\usb_echo.a(USB.o)
                0x000008d0                USB_Init
 .text.USB_InitComponent
                0x000009e8       0xb0 .\CortexM3\ARM_GCC_541\Debug\usb_echo.a(USB.o)
                0x000009e8                USB_InitComponent
 .text.USB_Start
                0x00000a98       0x24 .\CortexM3\ARM_GCC_541\Debug\usb_echo.a(USB.o)
                0x00000a98                USB_Start
 .text.USB_ReInitComponent
                0x00000abc       0x4c .\CortexM3\ARM_GCC_541\Debug\usb_echo.a(USB.o)
                0x00000abc                USB_ReInitComponent
 .text.USB_GetConfiguration
                0x00000b08        0xc .\CortexM3\ARM_GCC_541\Debug\usb_echo.a(USB.o)
                0x00000b08                USB_GetConfiguration
 .text.USB_GetEPState
                0x00000b14       0x14 .\CortexM3\ARM_GCC_541\Debug\usb_echo.a(USB.o)
                0x00000b14                USB_GetEPState
 .text.USB_GetEPCount
                0x00000b28       0x28 .\CortexM3\ARM_GCC_541\Debug\usb_echo.a(USB.o)
                0x00000b28                USB_GetEPCount
 .text.USB_LoadInEP
                0x00000b50       0x94 .\CortexM3\ARM_GCC_541\Debug\usb_echo.a(USB.o)
                0x00000b50                USB_LoadInEP
 .text.USB_EnableOutEP
                0x00000be4       0x2c .\CortexM3\ARM_GCC_541\Debug\usb_echo.a(USB.o)
                0x00000be4                USB_EnableOutEP
 .text.USB_ReadOutEP
                0x00000c10       0x50 .\CortexM3\ARM_GCC_541\Debug\usb_echo.a(USB.o)
                0x00000c10                USB_ReadOutEP
 .text.USB_LoadEP0
                0x00000c60       0x98 .\CortexM3\ARM_GCC_541\Debug\usb_echo.a(USB_drv.o)
                0x00000c60                USB_LoadEP0
 .text.USB_InitZeroLengthControlTransfer
                0x00000cf8       0x34 .\CortexM3\ARM_GCC_541\Debug\usb_echo.a(USB_drv.o)
                0x00000cf8                USB_InitZeroLengthControlTransfer
 .text.USB_ControlReadDataStage
                0x00000d2c        0x8 .\CortexM3\ARM_GCC_541\Debug\usb_echo.a(USB_drv.o)
                0x00000d2c                USB_ControlReadDataStage
 .text.USB_ControlWriteDataStage
                0x00000d34       0x84 .\CortexM3\ARM_GCC_541\Debug\usb_echo.a(USB_drv.o)
                0x00000d34                USB_ControlWriteDataStage
 .text.USB_InitNoDataControlTransfer
                0x00000db8       0x2c .\CortexM3\ARM_GCC_541\Debug\usb_echo.a(USB_drv.o)
                0x00000db8                USB_InitNoDataControlTransfer
 .text.USB_UpdateStatusBlock
                0x00000de4       0x24 .\CortexM3\ARM_GCC_541\Debug\usb_echo.a(USB_drv.o)
                0x00000de4                USB_UpdateStatusBlock
 .text.USB_HandleSetup
                0x00000e08       0x5c .\CortexM3\ARM_GCC_541\Debug\usb_echo.a(USB_drv.o)
                0x00000e08                USB_HandleSetup
 .text.USB_ControlReadStatusStage
                0x00000e64       0x38 .\CortexM3\ARM_GCC_541\Debug\usb_echo.a(USB_drv.o)
                0x00000e64                USB_ControlReadStatusStage
 .text.USB_HandleOUT
                0x00000e9c       0x38 .\CortexM3\ARM_GCC_541\Debug\usb_echo.a(USB_drv.o)
                0x00000e9c                USB_HandleOUT
 .text.USB_ControlWriteStatusStage
                0x00000ed4       0x20 .\CortexM3\ARM_GCC_541\Debug\usb_echo.a(USB_drv.o)
                0x00000ed4                USB_ControlWriteStatusStage
 .text.USB_NoDataControlStatusStage
                0x00000ef4       0x40 .\CortexM3\ARM_GCC_541\Debug\usb_echo.a(USB_drv.o)
                0x00000ef4                USB_NoDataControlStatusStage
 .text.USB_HandleIN
                0x00000f34       0x2c .\CortexM3\ARM_GCC_541\Debug\usb_echo.a(USB_drv.o)
                0x00000f34                USB_HandleIN
 .text.USB_EP_0_ISR
                0x00000f60       0xb8 .\CortexM3\ARM_GCC_541\Debug\usb_echo.a(USB_drv.o)
                0x00000f60                USB_EP_0_ISR
 .text.USB_InitializeStatusBlock
                0x00001018       0x24 .\CortexM3\ARM_GCC_541\Debug\usb_echo.a(USB_drv.o)
                0x00001018                USB_InitializeStatusBlock
 .text.USB_InitControlRead
                0x0000103c       0x50 .\CortexM3\ARM_GCC_541\Debug\usb_echo.a(USB_drv.o)
                0x0000103c                USB_InitControlRead
 .text.USB_EP_1_ISR
                0x0000108c       0x30 .\CortexM3\ARM_GCC_541\Debug\usb_echo.a(USB_episr.o)
                0x0000108c                USB_EP_1_ISR
 .text.USB_EP_2_ISR
                0x000010bc       0x34 .\CortexM3\ARM_GCC_541\Debug\usb_echo.a(USB_episr.o)
                0x000010bc                USB_EP_2_ISR
 .text.USB_BUS_RESET_ISR
                0x000010f0        0x8 .\CortexM3\ARM_GCC_541\Debug\usb_echo.a(USB_episr.o)
                0x000010f0                USB_BUS_RESET_ISR
 .text.USB_DP_ISR
                0x000010f8        0x8 .\CortexM3\ARM_GCC_541\Debug\usb_echo.a(USB_pm.o)
                0x000010f8                USB_DP_ISR
 .text.USB_ConfigReg
                0x00001100       0xa4 .\CortexM3\ARM_GCC_541\Debug\usb_echo.a(USB_std.o)
                0x00001100                USB_ConfigReg
 .text.USB_GetConfigTablePtr
                0x000011a4       0x28 .\CortexM3\ARM_GCC_541\Debug\usb_echo.a(USB_std.o)
                0x000011a4                USB_GetConfigTablePtr
 .text.USB_ConfigAltChanged
                0x000011cc      0x11c .\CortexM3\ARM_GCC_541\Debug\usb_echo.a(USB_std.o)
                0x000011cc                USB_ConfigAltChanged
 .text.USB_GetDeviceTablePtr
                0x000012e8       0x18 .\CortexM3\ARM_GCC_541\Debug\usb_echo.a(USB_std.o)
                0x000012e8                USB_GetDeviceTablePtr
 .text.USB_GetInterfaceClassTablePtr
                0x00001300       0x28 .\CortexM3\ARM_GCC_541\Debug\usb_echo.a(USB_std.o)
                0x00001300                USB_GetInterfaceClassTablePtr
 .text.USB_Config
                0x00001328      0x1c4 .\CortexM3\ARM_GCC_541\Debug\usb_echo.a(USB_std.o)
                0x00001328                USB_Config
 .text.USB_SetEndpointHalt
                0x000014ec       0x64 .\CortexM3\ARM_GCC_541\Debug\usb_echo.a(USB_std.o)
                0x000014ec                USB_SetEndpointHalt
 .text.USB_ClearEndpointHalt
                0x00001550       0xac .\CortexM3\ARM_GCC_541\Debug\usb_echo.a(USB_std.o)
                0x00001550                USB_ClearEndpointHalt
 .text.USB_ValidateAlternateSetting
                0x000015fc       0x4c .\CortexM3\ARM_GCC_541\Debug\usb_echo.a(USB_std.o)
                0x000015fc                USB_ValidateAlternateSetting
 .text.USB_HandleStandardRqst
                0x00001648      0x328 .\CortexM3\ARM_GCC_541\Debug\usb_echo.a(USB_std.o)
                0x00001648                USB_HandleStandardRqst
 .text.USB_HandleVendorRqst
                0x00001970       0x18 .\CortexM3\ARM_GCC_541\Debug\usb_echo.a(USB_vnd.o)
                0x00001970                USB_HandleVendorRqst
 .text.USB_Dp_ClearInterrupt
                0x00001988       0x10 .\CortexM3\ARM_GCC_541\Debug\usb_echo.a(USB_Dp.o)
                0x00001988                USB_Dp_ClearInterrupt
 .text.CyHalt   0x00001998        0x4 .\CortexM3\ARM_GCC_541\Debug\usb_echo.a(CyLib.o)
                0x00001998                CyHalt
 .text.CyDelay  0x0000199c       0x2c .\CortexM3\ARM_GCC_541\Debug\usb_echo.a(CyLib.o)
                0x0000199c                CyDelay
 .text.CyDelayUs
                0x000019c8       0x14 .\CortexM3\ARM_GCC_541\Debug\usb_echo.a(CyLib.o)
                0x000019c8                CyDelayUs
 .text.CyIntSetVector
                0x000019dc       0x28 .\CortexM3\ARM_GCC_541\Debug\usb_echo.a(CyLib.o)
                0x000019dc                CyIntSetVector
 .text.CyIntSetPriority
                0x00001a04       0x30 .\CortexM3\ARM_GCC_541\Debug\usb_echo.a(CyLib.o)
                0x00001a04                CyIntSetPriority
 .text.LCD_WrCntrlNib
                0x00001a34       0x34 .\CortexM3\ARM_GCC_541\Debug\usb_echo.a(LCD.o)
 .text.LCD_WrDatNib
                0x00001a68       0x44 .\CortexM3\ARM_GCC_541\Debug\usb_echo.a(LCD.o)
 .text.LCD_IsReady
                0x00001aac       0xe4 .\CortexM3\ARM_GCC_541\Debug\usb_echo.a(LCD.o)
                0x00001aac                LCD_IsReady
 .text.LCD_WriteData
                0x00001b90       0x18 .\CortexM3\ARM_GCC_541\Debug\usb_echo.a(LCD.o)
                0x00001b90                LCD_WriteData
 .text.LCD_PutChar
                0x00001ba8        0x8 .\CortexM3\ARM_GCC_541\Debug\usb_echo.a(LCD.o)
                0x00001ba8                LCD_PutChar
 .text.LCD_WriteControl
                0x00001bb0       0x18 .\CortexM3\ARM_GCC_541\Debug\usb_echo.a(LCD.o)
                0x00001bb0                LCD_WriteControl
 .text.LCD_Init
                0x00001bc8       0x6c .\CortexM3\ARM_GCC_541\Debug\usb_echo.a(LCD.o)
                0x00001bc8                LCD_Init
 .text.LCD_Enable
                0x00001c34       0x14 .\CortexM3\ARM_GCC_541\Debug\usb_echo.a(LCD.o)
                0x00001c34                LCD_Enable
 .text.LCD_Start
                0x00001c48       0x1c .\CortexM3\ARM_GCC_541\Debug\usb_echo.a(LCD.o)
                0x00001c48                LCD_Start
 .text.UART_Init
                0x00001c64       0x24 .\CortexM3\ARM_GCC_541\Debug\usb_echo.a(UART.o)
                0x00001c64                UART_Init
 .text.UART_Enable
                0x00001c88       0x38 .\CortexM3\ARM_GCC_541\Debug\usb_echo.a(UART.o)
                0x00001c88                UART_Enable
 .text.UART_Start
                0x00001cc0       0x1c .\CortexM3\ARM_GCC_541\Debug\usb_echo.a(UART.o)
                0x00001cc0                UART_Start
 .text.UART_ReadRxData
                0x00001cdc        0xc .\CortexM3\ARM_GCC_541\Debug\usb_echo.a(UART.o)
                0x00001cdc                UART_ReadRxData
 .text.UART_ClearRxBuffer
                0x00001ce8       0x24 .\CortexM3\ARM_GCC_541\Debug\usb_echo.a(UART.o)
                0x00001ce8                UART_ClearRxBuffer
 .text.UART_PutChar
                0x00001d0c       0x18 .\CortexM3\ARM_GCC_541\Debug\usb_echo.a(UART.o)
                0x00001d0c                UART_PutChar
 .text.rx_int_SetVector
                0x00001d24        0xc .\CortexM3\ARM_GCC_541\Debug\usb_echo.a(rx_int.o)
                0x00001d24                rx_int_SetVector
 .text.rx_int_SetPriority
                0x00001d30       0x10 .\CortexM3\ARM_GCC_541\Debug\usb_echo.a(rx_int.o)
                0x00001d30                rx_int_SetPriority
 .text.rx_int_Enable
                0x00001d40        0xc .\CortexM3\ARM_GCC_541\Debug\usb_echo.a(rx_int.o)
                0x00001d40                rx_int_Enable
 .text.rx_int_Disable
                0x00001d4c        0xc .\CortexM3\ARM_GCC_541\Debug\usb_echo.a(rx_int.o)
                0x00001d4c                rx_int_Disable
 .text.rx_int_StartEx
                0x00001d58       0x1c .\CortexM3\ARM_GCC_541\Debug\usb_echo.a(rx_int.o)
                0x00001d58                rx_int_StartEx
 .text.UART_IntClock_Start
                0x00001d74       0x1c .\CortexM3\ARM_GCC_541\Debug\usb_echo.a(UART_IntClock.o)
                0x00001d74                UART_IntClock_Start
 .text          0x00001d90       0x20 .\CortexM3\ARM_GCC_541\Debug\usb_echo.a(CyBootAsmGnu.o)
                0x00001d90                CyDelayCycles
                0x00001da0                CyEnterCriticalSection
                0x00001da8                CyExitCriticalSection
 .text.USB_DispatchClassRqst
                0x00001db0       0x38 .\CortexM3\ARM_GCC_541\Debug\usb_echo.a(USB_cls.o)
                0x00001db0                USB_DispatchClassRqst
 .text.atoi     0x00001de8        0x8 c:/program files (x86)/cypress/psoc creator/4.2/psoc creator/import/gnu/arm/5.4.1/bin/../lib/gcc/arm-none-eabi/5.4.1/../../../../arm-none-eabi/lib/armv7-m\libg_nano.a(lib_a-atoi.o)
                0x00001de8                atoi
 .text.__errno  0x00001df0        0xc c:/program files (x86)/cypress/psoc creator/4.2/psoc creator/import/gnu/arm/5.4.1/bin/../lib/gcc/arm-none-eabi/5.4.1/../../../../arm-none-eabi/lib/armv7-m\libg_nano.a(lib_a-errno.o)
                0x00001df0                __errno
 .text.__libc_init_array
                0x00001dfc       0x4c c:/program files (x86)/cypress/psoc creator/4.2/psoc creator/import/gnu/arm/5.4.1/bin/../lib/gcc/arm-none-eabi/5.4.1/../../../../arm-none-eabi/lib/armv7-m\libg_nano.a(lib_a-init.o)
                0x00001dfc                __libc_init_array
 .text.memcpy   0x00001e48       0x16 c:/program files (x86)/cypress/psoc creator/4.2/psoc creator/import/gnu/arm/5.4.1/bin/../lib/gcc/arm-none-eabi/5.4.1/../../../../arm-none-eabi/lib/armv7-m\libg_nano.a(lib_a-memcpy-stub.o)
                0x00001e48                memcpy
 .text.memset   0x00001e5e       0x10 c:/program files (x86)/cypress/psoc creator/4.2/psoc creator/import/gnu/arm/5.4.1/bin/../lib/gcc/arm-none-eabi/5.4.1/../../../../arm-none-eabi/lib/armv7-m\libg_nano.a(lib_a-memset.o)
                0x00001e5e                memset
 .text          0x00001e6e       0x14 c:/program files (x86)/cypress/psoc creator/4.2/psoc creator/import/gnu/arm/5.4.1/bin/../lib/gcc/arm-none-eabi/5.4.1/../../../../arm-none-eabi/lib/armv7-m\libg_nano.a(lib_a-strcmp.o)
                0x00001e6e                strcmp
 .text.strcpy   0x00001e82       0x10 c:/program files (x86)/cypress/psoc creator/4.2/psoc creator/import/gnu/arm/5.4.1/bin/../lib/gcc/arm-none-eabi/5.4.1/../../../../arm-none-eabi/lib/armv7-m\libg_nano.a(lib_a-strcpy.o)
                0x00001e82                strcpy
 .text          0x00001e92       0x10 c:/program files (x86)/cypress/psoc creator/4.2/psoc creator/import/gnu/arm/5.4.1/bin/../lib/gcc/arm-none-eabi/5.4.1/../../../../arm-none-eabi/lib/armv7-m\libg_nano.a(lib_a-strlen.o)
                0x00001e92                strlen
 *fill*         0x00001ea2        0x2 
 .text.strtok   0x00001ea4       0x64 c:/program files (x86)/cypress/psoc creator/4.2/psoc creator/import/gnu/arm/5.4.1/bin/../lib/gcc/arm-none-eabi/5.4.1/../../../../arm-none-eabi/lib/armv7-m\libg_nano.a(lib_a-strtok.o)
                0x00001ea4                strtok
 .text.__strtok_r
                0x00001f08       0x56 c:/program files (x86)/cypress/psoc creator/4.2/psoc creator/import/gnu/arm/5.4.1/bin/../lib/gcc/arm-none-eabi/5.4.1/../../../../arm-none-eabi/lib/armv7-m\libg_nano.a(lib_a-strtok_r.o)
                0x00001f08                __strtok_r
 *fill*         0x00001f5e        0x2 
 .text._strtol_r
                0x00001f60      0x10c c:/program files (x86)/cypress/psoc creator/4.2/psoc creator/import/gnu/arm/5.4.1/bin/../lib/gcc/arm-none-eabi/5.4.1/../../../../arm-none-eabi/lib/armv7-m\libg_nano.a(lib_a-strtol.o)
                0x00001f60                _strtol_r
 .text.strtol   0x0000206c       0x14 c:/program files (x86)/cypress/psoc creator/4.2/psoc creator/import/gnu/arm/5.4.1/bin/../lib/gcc/arm-none-eabi/5.4.1/../../../../arm-none-eabi/lib/armv7-m\libg_nano.a(lib_a-strtol.o)
                0x0000206c                strtol
 .text.malloc   0x00002080       0x10 c:/program files (x86)/cypress/psoc creator/4.2/psoc creator/import/gnu/arm/5.4.1/bin/../lib/gcc/arm-none-eabi/5.4.1/../../../../arm-none-eabi/lib/armv7-m\libg_nano.a(lib_a-malloc.o)
                0x00002080                malloc
 .text._malloc_r
                0x00002090       0xbc c:/program files (x86)/cypress/psoc creator/4.2/psoc creator/import/gnu/arm/5.4.1/bin/../lib/gcc/arm-none-eabi/5.4.1/../../../../arm-none-eabi/lib/armv7-m\libg_nano.a(lib_a-nano-mallocr.o)
                0x00002090                _malloc_r
 .text._sbrk_r  0x0000214c       0x20 c:/program files (x86)/cypress/psoc creator/4.2/psoc creator/import/gnu/arm/5.4.1/bin/../lib/gcc/arm-none-eabi/5.4.1/../../../../arm-none-eabi/lib/armv7-m\libg_nano.a(lib_a-sbrkr.o)
                0x0000214c                _sbrk_r
 .text.__malloc_lock
                0x0000216c        0x2 c:/program files (x86)/cypress/psoc creator/4.2/psoc creator/import/gnu/arm/5.4.1/bin/../lib/gcc/arm-none-eabi/5.4.1/../../../../arm-none-eabi/lib/armv7-m\libg_nano.a(lib_a-mlock.o)
                0x0000216c                __malloc_lock
 .text.__malloc_unlock
                0x0000216e        0x2 c:/program files (x86)/cypress/psoc creator/4.2/psoc creator/import/gnu/arm/5.4.1/bin/../lib/gcc/arm-none-eabi/5.4.1/../../../../arm-none-eabi/lib/armv7-m\libg_nano.a(lib_a-mlock.o)
                0x0000216e                __malloc_unlock
 *(.plt)
 *(.gnu.warning)
 *(.glue_7t)
 .glue_7t       0x00002170        0x0 linker stubs
 *(.glue_7)
 .glue_7        0x00002170        0x0 linker stubs
 *(.vfp11_veneer)
 .vfp11_veneer  0x00002170        0x0 linker stubs
 *(.bootloader)
 *(.ARM.extab* .gnu.linkonce.armextab.*)
 *(.gcc_except_table)

.v4_bx          0x00002170        0x0
 .v4_bx         0x00002170        0x0 linker stubs

.iplt           0x00002170        0x0
 .iplt          0x00002170        0x0 c:/program files (x86)/cypress/psoc creator/4.2/psoc creator/import/gnu/arm/5.4.1/bin/../lib/gcc/arm-none-eabi/5.4.1/armv7-m/crtbegin.o

.eh_frame_hdr
 *(.eh_frame_hdr)

.eh_frame       0x00002170        0x4
 *(.eh_frame)
 .eh_frame      0x00002170        0x0 c:/program files (x86)/cypress/psoc creator/4.2/psoc creator/import/gnu/arm/5.4.1/bin/../lib/gcc/arm-none-eabi/5.4.1/armv7-m/crtbegin.o
 .eh_frame      0x00002170        0x4 c:/program files (x86)/cypress/psoc creator/4.2/psoc creator/import/gnu/arm/5.4.1/bin/../lib/gcc/arm-none-eabi/5.4.1/armv7-m/crtend.o
                [!provide]                PROVIDE (__exidx_start, .)

.ARM.exidx
 *(.ARM.exidx* .gnu.linkonce.armexidx.*)
                0x00002174                __exidx_end = .

.rodata         0x00002174      0x43c
 *(.rodata .rodata.* .gnu.linkonce.r.*)
 .rodata.str1.4
                0x00002174      0x20c .\CortexM3\ARM_GCC_541\Debug\main.o
                                0x209 (size before relaxing)
 .rodata        0x00002380       0x36 .\CortexM3\ARM_GCC_541\Debug\cyfitter_cfg.o
 *fill*         0x000023b6        0x2 
 .rodata        0x000023b8       0xba .\CortexM3\ARM_GCC_541\Debug\usb_echo.a(USB_descr.o)
                0x000023b8                USB_TABLE
                0x000023c0                USB_DEVICE0_TABLE
                0x000023d8                USB_DEVICE0_CONFIGURATION0_TABLE
                0x000023f8                USB_DEVICE0_CONFIGURATION0_INTERFACE_CLASS
                0x000023fc                USB_DEVICE0_CONFIGURATION0_EP_SETTINGS_TABLE
                0x0000240c                USB_STRING_DESCRIPTORS
                0x00002440                USB_DEVICE0_CONFIGURATION0_DESCR
                0x00002460                USB_DEVICE0_DESCR
 .rodata.str1.1
                0x00002472        0x2 c:/program files (x86)/cypress/psoc creator/4.2/psoc creator/import/gnu/arm/5.4.1/bin/../lib/gcc/arm-none-eabi/5.4.1/../../../../arm-none-eabi/lib/armv7-m\libg_nano.a(lib_a-impure.o)
 .rodata._ctype_
                0x00002474      0x101 c:/program files (x86)/cypress/psoc creator/4.2/psoc creator/import/gnu/arm/5.4.1/bin/../lib/gcc/arm-none-eabi/5.4.1/../../../../arm-none-eabi/lib/armv7-m\libg_nano.a(lib_a-ctype_.o)
                0x00002474                _ctype_
                0x00002578                . = ALIGN (0x4)
 *fill*         0x00002575        0x3 
 *(.init)
 .init          0x00002578        0x4 c:/program files (x86)/cypress/psoc creator/4.2/psoc creator/import/gnu/arm/5.4.1/bin/../lib/gcc/arm-none-eabi/5.4.1/armv7-m/crti.o
                0x00002578                _init
 .init          0x0000257c        0x8 c:/program files (x86)/cypress/psoc creator/4.2/psoc creator/import/gnu/arm/5.4.1/bin/../lib/gcc/arm-none-eabi/5.4.1/armv7-m/crtn.o
                0x00002584                . = ALIGN (0x4)
                0x00002584                __preinit_array_start = .
 *(.preinit_array)
                0x00002584                __preinit_array_end = .
                0x00002584                . = ALIGN (0x4)
                0x00002584                __init_array_start = .
 *(SORT(.init_array.*))
 *(.init_array)
 .init_array    0x00002584        0x4 c:/program files (x86)/cypress/psoc creator/4.2/psoc creator/import/gnu/arm/5.4.1/bin/../lib/gcc/arm-none-eabi/5.4.1/armv7-m/crtbegin.o
 .init_array    0x00002588        0x4 .\CortexM3\ARM_GCC_541\Debug\Cm3Start.o
                0x0000258c                __init_array_end = .
                0x0000258c                . = ALIGN (0x4)
 *(.fini)
 .fini          0x0000258c        0x4 c:/program files (x86)/cypress/psoc creator/4.2/psoc creator/import/gnu/arm/5.4.1/bin/../lib/gcc/arm-none-eabi/5.4.1/armv7-m/crti.o
                0x0000258c                _fini
 .fini          0x00002590        0x8 c:/program files (x86)/cypress/psoc creator/4.2/psoc creator/import/gnu/arm/5.4.1/bin/../lib/gcc/arm-none-eabi/5.4.1/armv7-m/crtn.o
                0x00002598                . = ALIGN (0x4)
                0x00002598                __fini_array_start = .
 *(.fini_array)
 .fini_array    0x00002598        0x4 c:/program files (x86)/cypress/psoc creator/4.2/psoc creator/import/gnu/arm/5.4.1/bin/../lib/gcc/arm-none-eabi/5.4.1/armv7-m/crtbegin.o
 *(SORT(.fini_array.*))
                0x0000259c                __fini_array_end = .
                0x0000259c                . = ALIGN (0x4)
 *crtbegin.o(.ctors)
 *(EXCLUDE_FILE(*crtend.o) .ctors)
 *(SORT(.ctors.*))
 *crtend.o(.ctors)
                0x0000259c                . = ALIGN (0x4)
 *crtbegin.o(.dtors)
 *(EXCLUDE_FILE(*crtend.o) .dtors)
 *(SORT(.dtors.*))
 *crtend.o(.dtors)
                0x0000259c                . = ALIGN (0x4)
                0x0000259c                __cy_regions = .
                0x0000259c        0x4 LONG 0x25b0 __cy_region_init_ram
                0x000025a0        0x4 LONG 0x1fff80c8 __cy_region_start_data
                0x000025a4        0x4 LONG 0x80 __cy_region_init_size_ram
                0x000025a8        0x4 LONG 0x1700 __cy_region_zero_size_ram
                0x000025ac                __cy_regions_end = .
                0x000025b0                . = ALIGN (0x8)
 *fill*         0x000025ac        0x4 
                0x000025b0                _etext = .

.cy_checksum_exclude
                0x000025b0        0x0
 *(.cy_checksum_exclude)

.ramvectors     0x1fff8000       0xc0
                0x1fff8000                __cy_region_start_ram = .
 *(.ramvectors)
 .ramvectors    0x1fff8000       0xc0 .\CortexM3\ARM_GCC_541\Debug\Cm3Start.o
                0x1fff8000                CyRamVectors

.noinit         0x1fff80c0        0x1
 *(.noinit)
 .noinit        0x1fff80c0        0x1 .\CortexM3\ARM_GCC_541\Debug\usb_echo.a(CyLib.o)
                0x1fff80c0                CyResetStatus

.data           0x1fff80c8       0x80 load address 0x000025b0
                0x1fff80c8                __cy_region_start_data = .
 *(.jcr)
 .jcr           0x1fff80c8        0x0 c:/program files (x86)/cypress/psoc creator/4.2/psoc creator/import/gnu/arm/5.4.1/bin/../lib/gcc/arm-none-eabi/5.4.1/armv7-m/crtbegin.o
 .jcr           0x1fff80c8        0x4 c:/program files (x86)/cypress/psoc creator/4.2/psoc creator/import/gnu/arm/5.4.1/bin/../lib/gcc/arm-none-eabi/5.4.1/armv7-m/crtend.o
 *(.got.plt)
 *(.got)
 *(.shdata)
 *(.data .data.* .gnu.linkonce.d.*)
 .data          0x1fff80cc        0x4 .\CortexM3\ARM_GCC_541\Debug\Cm3Start.o
 .data          0x1fff80d0       0x10 .\CortexM3\ARM_GCC_541\Debug\usb_echo.a(CyLib.o)
                0x1fff80d0                cydelay_32k_ms
                0x1fff80d4                cydelay_freq_khz
                0x1fff80d8                cydelay_freq_mhz
                0x1fff80dc                cydelay_freq_hz
 .data.impure_data
                0x1fff80e0       0x60 c:/program files (x86)/cypress/psoc creator/4.2/psoc creator/import/gnu/arm/5.4.1/bin/../lib/gcc/arm-none-eabi/5.4.1/../../../../arm-none-eabi/lib/armv7-m\libg_nano.a(lib_a-impure.o)
 .data._impure_ptr
                0x1fff8140        0x4 c:/program files (x86)/cypress/psoc creator/4.2/psoc creator/import/gnu/arm/5.4.1/bin/../lib/gcc/arm-none-eabi/5.4.1/../../../../arm-none-eabi/lib/armv7-m\libg_nano.a(lib_a-impure.o)
                0x1fff8140                _impure_ptr
 .data.__ctype_ptr__
                0x1fff8144        0x4 c:/program files (x86)/cypress/psoc creator/4.2/psoc creator/import/gnu/arm/5.4.1/bin/../lib/gcc/arm-none-eabi/5.4.1/../../../../arm-none-eabi/lib/armv7-m\libg_nano.a(lib_a-ctype_.o)
                0x1fff8144                __ctype_ptr__
                0x1fff8148                . = ALIGN (0x8)
 *(.ram)
                0x1fff8148                _edata = .

.igot.plt       0x1fff8148        0x0 load address 0x00002630
 .igot.plt      0x1fff8148        0x0 c:/program files (x86)/cypress/psoc creator/4.2/psoc creator/import/gnu/arm/5.4.1/bin/../lib/gcc/arm-none-eabi/5.4.1/armv7-m/crtbegin.o

.bss            0x1fff8148     0x1700 load address 0x00002630
                0x1fff8148                PROVIDE (__bss_start__, .)
 *(.shbss)
 *(.bss .bss.* .gnu.linkonce.b.*)
 .bss           0x1fff8148       0x1c c:/program files (x86)/cypress/psoc creator/4.2/psoc creator/import/gnu/arm/5.4.1/bin/../lib/gcc/arm-none-eabi/5.4.1/armv7-m/crtbegin.o
 .bss           0x1fff8164       0x11 .\CortexM3\ARM_GCC_541\Debug\main.o
                0x1fff8170                repeats
                0x1fff8174                state
 .bss           0x1fff8175        0x1 .\CortexM3\ARM_GCC_541\Debug\usb_echo.a(USB.o)
                0x1fff8175                USB_initVar
 *fill*         0x1fff8176        0x2 
 .bss           0x1fff8178        0x2 .\CortexM3\ARM_GCC_541\Debug\usb_echo.a(USB_std.o)
 .bss           0x1fff817a        0x2 .\CortexM3\ARM_GCC_541\Debug\usb_echo.a(LCD.o)
                0x1fff817a                LCD_enableState
                0x1fff817b                LCD_initVar
 .bss           0x1fff817c        0x2 .\CortexM3\ARM_GCC_541\Debug\usb_echo.a(UART.o)
                0x1fff817c                UART_initVar
 *fill*         0x1fff817e        0x2 
 .bss.__malloc_sbrk_start
                0x1fff8180        0x4 c:/program files (x86)/cypress/psoc creator/4.2/psoc creator/import/gnu/arm/5.4.1/bin/../lib/gcc/arm-none-eabi/5.4.1/../../../../arm-none-eabi/lib/armv7-m\libg_nano.a(lib_a-nano-mallocr.o)
                0x1fff8180                __malloc_sbrk_start
 .bss.__malloc_free_list
                0x1fff8184        0x4 c:/program files (x86)/cypress/psoc creator/4.2/psoc creator/import/gnu/arm/5.4.1/bin/../lib/gcc/arm-none-eabi/5.4.1/../../../../arm-none-eabi/lib/armv7-m\libg_nano.a(lib_a-nano-mallocr.o)
                0x1fff8184                __malloc_free_list
 *(COMMON)
 COMMON         0x1fff8188     0x1624 .\CortexM3\ARM_GCC_541\Debug\main.o
                0x1fff8188                cmd_sign
                0x1fff818a                length
                0x1fff818c                number
                0x1fff8190                num_lines
                0x1fff8194                buffer
                0x1fff8394                receiving
                0x1fff8395                val_byte_out
                0x1fff8398                cmd_eval_val
                0x1fff839c                cmd_val
                0x1fff83a0                current_line_num
                0x1fff83a4                cmd_motornum
                0x1fff83a5                parsing
                0x1fff83a6                inst_byte_out
                0x1fff83a7                cmd_keywrd
                0x1fff83a8                cmd
                0x1fff83ac                lines
 COMMON         0x1fff97ac       0x98 .\CortexM3\ARM_GCC_541\Debug\usb_echo.a(USB_drv.o)
                0x1fff97ac                USB_transferState
                0x1fff97ad                USB_interfaceNumber
                0x1fff97ae                USB_lastPacketSize
                0x1fff97b0                USB_interfaceClass
                0x1fff97b4                USB_interfaceSetting
                0x1fff97b5                USB_ep0Mode
                0x1fff97b6                USB_device
                0x1fff97b7                USB_deviceAddress
                0x1fff97b8                USB_ep0Toggle
                0x1fff97bc                USB_interfaceSettingLast
                0x1fff97bd                USB_configurationChanged
                0x1fff97c0                USB_interfaceStatus
                0x1fff97c2                USB_transferByteCount
                0x1fff97c4                USB_configuration
                0x1fff97c8                USB_currentTD
                0x1fff97d4                USB_ep0Count
                0x1fff97d5                USB_deviceStatus
                0x1fff97d8                USB_EP
 COMMON         0x1fff9844        0x4 c:/program files (x86)/cypress/psoc creator/4.2/psoc creator/import/gnu/arm/5.4.1/bin/../lib/gcc/arm-none-eabi/5.4.1/../../../../arm-none-eabi/lib/armv7-m\libg_nano.a(lib_a-reent.o)
                0x1fff9844                errno
                0x1fff9848                . = ALIGN (0x8)
 *(.ram.b)
                0x1fff9848                _end = .
                0x1fff9848                __end = .
                0x1fff9848                PROVIDE (end, .)
                0x1fff9848                PROVIDE (__bss_end__, .)
                0x000025b0                __cy_region_init_ram = LOADADDR (.data)
                0x00000080                __cy_region_init_size_ram = (_edata - ADDR (.data))
                0x00001700                __cy_region_zero_size_ram = (_end - _edata)

.heap           0x1fff9848       0x80 load address 0x00002630
                0x1fff9848                . = _end
                0x1fff98c8                . = (. + 0x80)
 *fill*         0x1fff9848       0x80 
                0x1fff98c8                __cy_heap_limit = .

.stack          0x20007800      0x800
                0x20007800                __cy_stack_limit = .
                0x20008000                . = (. + 0x800)
 *fill*         0x20007800      0x800 
                0x00000001                ASSERT ((__cy_stack_limit >= __cy_heap_limit), region RAM overflowed with stack)
                0x00000000                cy_checksum_exclude_size = (CY_APPL_LOADABLE == 0x1)?SIZEOF (.cy_checksum_exclude):0x0
                0x00000001                ASSERT ((cy_checksum_exclude_size <= CY_CHECKSUM_EXCLUDE_SIZE), CY_BOOT: Section .cy_checksum_exclude size exceedes specified limit.)

.cyloadermeta
 *(.cyloadermeta)

.cyloadablemeta
 *(.cyloadablemeta)

.cyconfigecc    0x80000000      0x468
 *(.cyconfigecc)
 .cyconfigecc   0x80000000      0x468 .\CortexM3\ARM_GCC_541\Debug\cymetadata.o
                0x80000000                cy_meta_configecc

.cycustnvl      0x90000000        0x4
 *(.cycustnvl)
 .cycustnvl     0x90000000        0x4 .\CortexM3\ARM_GCC_541\Debug\cymetadata.o
                0x90000000                cy_meta_custnvl

.cywolatch      0x90100000        0x4
 *(.cywolatch)
 .cywolatch     0x90100000        0x4 .\CortexM3\ARM_GCC_541\Debug\cymetadata.o
                0x90100000                cy_meta_wonvl

.cyeeprom       0x90200000        0x0
 *(.cyeeprom)
                0x00000001                ASSERT ((. <= ((0x90200000 + ee_offset) + ee_size)), .cyeeprom data will not fit in EEPROM)

.cyflashprotect
                0x90400000      0x100
 *(.cyflashprotect)
 .cyflashprotect
                0x90400000      0x100 .\CortexM3\ARM_GCC_541\Debug\cymetadata.o
                0x90400000                cy_meta_flashprotect

.cymeta         0x90500000        0xc
 *(.cymeta)
 .cymeta        0x90500000        0xc .\CortexM3\ARM_GCC_541\Debug\cymetadata.o
                0x90500000                cy_metadata

.rel.dyn        0x00002630        0x0 load address 0x9050000c
 .rel.iplt      0x00002630        0x0 c:/program files (x86)/cypress/psoc creator/4.2/psoc creator/import/gnu/arm/5.4.1/bin/../lib/gcc/arm-none-eabi/5.4.1/armv7-m/crtbegin.o

.stab
 *(.stab)

.stabstr
 *(.stabstr)

.debug
 *(.debug)

.line
 *(.line)

.debug_srcinfo
 *(.debug_srcinfo)

.debug_sfnames
 *(.debug_sfnames)

.debug_aranges  0x00000000      0xaa8
 *(.debug_aranges)
 .debug_aranges
                0x00000000       0x30 .\CortexM3\ARM_GCC_541\Debug\main.o
 .debug_aranges
                0x00000030       0x58 .\CortexM3\ARM_GCC_541\Debug\cyfitter_cfg.o
 .debug_aranges
                0x00000088       0x18 .\CortexM3\ARM_GCC_541\Debug\cymetadata.o
 .debug_aranges
                0x000000a0       0x48 .\CortexM3\ARM_GCC_541\Debug\Cm3Start.o
 .debug_aranges
                0x000000e8       0xc8 .\CortexM3\ARM_GCC_541\Debug\usb_echo.a(USB.o)
 .debug_aranges
                0x000001b0       0x98 .\CortexM3\ARM_GCC_541\Debug\usb_echo.a(USB_drv.o)
 .debug_aranges
                0x00000248       0x30 .\CortexM3\ARM_GCC_541\Debug\usb_echo.a(USB_episr.o)
 .debug_aranges
                0x00000278       0x40 .\CortexM3\ARM_GCC_541\Debug\usb_echo.a(USB_pm.o)
 .debug_aranges
                0x000002b8       0x78 .\CortexM3\ARM_GCC_541\Debug\usb_echo.a(USB_std.o)
 .debug_aranges
                0x00000330       0x20 .\CortexM3\ARM_GCC_541\Debug\usb_echo.a(USB_vnd.o)
 .debug_aranges
                0x00000350       0x48 .\CortexM3\ARM_GCC_541\Debug\usb_echo.a(USB_Dp.o)
 .debug_aranges
                0x00000398      0x2a0 .\CortexM3\ARM_GCC_541\Debug\usb_echo.a(CyLib.o)
 .debug_aranges
                0x00000638       0x98 .\CortexM3\ARM_GCC_541\Debug\usb_echo.a(cyPm.o)
 .debug_aranges
                0x000006d0       0x98 .\CortexM3\ARM_GCC_541\Debug\usb_echo.a(LCD.o)
 .debug_aranges
                0x00000768       0xf0 .\CortexM3\ARM_GCC_541\Debug\usb_echo.a(UART.o)
 .debug_aranges
                0x00000858       0x80 .\CortexM3\ARM_GCC_541\Debug\usb_echo.a(rx_int.o)
 .debug_aranges
                0x000008d8       0x70 .\CortexM3\ARM_GCC_541\Debug\usb_echo.a(UART_IntClock.o)
 .debug_aranges
                0x00000948       0x20 .\CortexM3\ARM_GCC_541\Debug\usb_echo.a(CyBootAsmGnu.o)
 .debug_aranges
                0x00000968       0x20 .\CortexM3\ARM_GCC_541\Debug\usb_echo.a(USB_cls.o)
 .debug_aranges
                0x00000988       0x18 .\CortexM3\ARM_GCC_541\Debug\usb_echo.a(USB_descr.o)
 .debug_aranges
                0x000009a0       0x88 .\CortexM3\ARM_GCC_541\Debug\usb_echo.a(CyFlash.o)
 .debug_aranges
                0x00000a28       0x80 .\CortexM3\ARM_GCC_541\Debug\usb_echo.a(CySpc.o)

.debug_pubnames
 *(.debug_pubnames)

.debug_info     0x00000000     0x7453
 *(.debug_info .gnu.linkonce.wi.*)
 .debug_info    0x00000000      0x818 .\CortexM3\ARM_GCC_541\Debug\main.o
 .debug_info    0x00000818      0x604 .\CortexM3\ARM_GCC_541\Debug\cyfitter_cfg.o
 .debug_info    0x00000e1c      0x136 .\CortexM3\ARM_GCC_541\Debug\cymetadata.o
 .debug_info    0x00000f52      0x3bb .\CortexM3\ARM_GCC_541\Debug\Cm3Start.o
 .debug_info    0x0000130d      0x93d .\CortexM3\ARM_GCC_541\Debug\usb_echo.a(USB.o)
 .debug_info    0x00001c4a      0x655 .\CortexM3\ARM_GCC_541\Debug\usb_echo.a(USB_drv.o)
 .debug_info    0x0000229f      0x231 .\CortexM3\ARM_GCC_541\Debug\usb_echo.a(USB_episr.o)
 .debug_info    0x000024d0      0x2e4 .\CortexM3\ARM_GCC_541\Debug\usb_echo.a(USB_pm.o)
 .debug_info    0x000027b4      0x9ed .\CortexM3\ARM_GCC_541\Debug\usb_echo.a(USB_std.o)
 .debug_info    0x000031a1       0xed .\CortexM3\ARM_GCC_541\Debug\usb_echo.a(USB_vnd.o)
 .debug_info    0x0000328e      0x174 .\CortexM3\ARM_GCC_541\Debug\usb_echo.a(USB_Dp.o)
 .debug_info    0x00003402     0x1374 .\CortexM3\ARM_GCC_541\Debug\usb_echo.a(CyLib.o)
 .debug_info    0x00004776      0xa2a .\CortexM3\ARM_GCC_541\Debug\usb_echo.a(cyPm.o)
 .debug_info    0x000051a0      0x715 .\CortexM3\ARM_GCC_541\Debug\usb_echo.a(LCD.o)
 .debug_info    0x000058b5      0x60c .\CortexM3\ARM_GCC_541\Debug\usb_echo.a(UART.o)
 .debug_info    0x00005ec1      0x2d2 .\CortexM3\ARM_GCC_541\Debug\usb_echo.a(rx_int.o)
 .debug_info    0x00006193      0x283 .\CortexM3\ARM_GCC_541\Debug\usb_echo.a(UART_IntClock.o)
 .debug_info    0x00006416       0x88 .\CortexM3\ARM_GCC_541\Debug\usb_echo.a(CyBootAsmGnu.o)
 .debug_info    0x0000649e      0x1ad .\CortexM3\ARM_GCC_541\Debug\usb_echo.a(USB_cls.o)
 .debug_info    0x0000664b      0x26b .\CortexM3\ARM_GCC_541\Debug\usb_echo.a(USB_descr.o)
 .debug_info    0x000068b6      0x64d .\CortexM3\ARM_GCC_541\Debug\usb_echo.a(CyFlash.o)
 .debug_info    0x00006f03      0x550 .\CortexM3\ARM_GCC_541\Debug\usb_echo.a(CySpc.o)

.debug_abbrev   0x00000000     0x1d25
 *(.debug_abbrev)
 .debug_abbrev  0x00000000      0x1e2 .\CortexM3\ARM_GCC_541\Debug\main.o
 .debug_abbrev  0x000001e2      0x20d .\CortexM3\ARM_GCC_541\Debug\cyfitter_cfg.o
 .debug_abbrev  0x000003ef       0x77 .\CortexM3\ARM_GCC_541\Debug\cymetadata.o
 .debug_abbrev  0x00000466      0x1e8 .\CortexM3\ARM_GCC_541\Debug\Cm3Start.o
 .debug_abbrev  0x0000064e      0x215 .\CortexM3\ARM_GCC_541\Debug\usb_echo.a(USB.o)
 .debug_abbrev  0x00000863      0x189 .\CortexM3\ARM_GCC_541\Debug\usb_echo.a(USB_drv.o)
 .debug_abbrev  0x000009ec      0x103 .\CortexM3\ARM_GCC_541\Debug\usb_echo.a(USB_episr.o)
 .debug_abbrev  0x00000aef      0x108 .\CortexM3\ARM_GCC_541\Debug\usb_echo.a(USB_pm.o)
 .debug_abbrev  0x00000bf7      0x1d8 .\CortexM3\ARM_GCC_541\Debug\usb_echo.a(USB_std.o)
 .debug_abbrev  0x00000dcf       0x9b .\CortexM3\ARM_GCC_541\Debug\usb_echo.a(USB_vnd.o)
 .debug_abbrev  0x00000e6a       0x90 .\CortexM3\ARM_GCC_541\Debug\usb_echo.a(USB_Dp.o)
 .debug_abbrev  0x00000efa      0x254 .\CortexM3\ARM_GCC_541\Debug\usb_echo.a(CyLib.o)
 .debug_abbrev  0x0000114e      0x1ab .\CortexM3\ARM_GCC_541\Debug\usb_echo.a(cyPm.o)
 .debug_abbrev  0x000012f9      0x157 .\CortexM3\ARM_GCC_541\Debug\usb_echo.a(LCD.o)
 .debug_abbrev  0x00001450      0x175 .\CortexM3\ARM_GCC_541\Debug\usb_echo.a(UART.o)
 .debug_abbrev  0x000015c5      0x173 .\CortexM3\ARM_GCC_541\Debug\usb_echo.a(rx_int.o)
 .debug_abbrev  0x00001738      0x139 .\CortexM3\ARM_GCC_541\Debug\usb_echo.a(UART_IntClock.o)
 .debug_abbrev  0x00001871       0x14 .\CortexM3\ARM_GCC_541\Debug\usb_echo.a(CyBootAsmGnu.o)
 .debug_abbrev  0x00001885       0xc2 .\CortexM3\ARM_GCC_541\Debug\usb_echo.a(USB_cls.o)
 .debug_abbrev  0x00001947       0xa3 .\CortexM3\ARM_GCC_541\Debug\usb_echo.a(USB_descr.o)
 .debug_abbrev  0x000019ea      0x1a7 .\CortexM3\ARM_GCC_541\Debug\usb_echo.a(CyFlash.o)
 .debug_abbrev  0x00001b91      0x194 .\CortexM3\ARM_GCC_541\Debug\usb_echo.a(CySpc.o)

.debug_line     0x00000000     0x2c5b
 *(.debug_line)
 .debug_line    0x00000000      0x372 .\CortexM3\ARM_GCC_541\Debug\main.o
 .debug_line    0x00000372      0x1f5 .\CortexM3\ARM_GCC_541\Debug\cyfitter_cfg.o
 .debug_line    0x00000567      0x141 .\CortexM3\ARM_GCC_541\Debug\cymetadata.o
 .debug_line    0x000006a8      0x234 .\CortexM3\ARM_GCC_541\Debug\Cm3Start.o
 .debug_line    0x000008dc      0x2c4 .\CortexM3\ARM_GCC_541\Debug\usb_echo.a(USB.o)
 .debug_line    0x00000ba0      0x215 .\CortexM3\ARM_GCC_541\Debug\usb_echo.a(USB_drv.o)
 .debug_line    0x00000db5       0xae .\CortexM3\ARM_GCC_541\Debug\usb_echo.a(USB_episr.o)
 .debug_line    0x00000e63       0xfe .\CortexM3\ARM_GCC_541\Debug\usb_echo.a(USB_pm.o)
 .debug_line    0x00000f61      0x360 .\CortexM3\ARM_GCC_541\Debug\usb_echo.a(USB_std.o)
 .debug_line    0x000012c1       0x6b .\CortexM3\ARM_GCC_541\Debug\usb_echo.a(USB_vnd.o)
 .debug_line    0x0000132c       0xb7 .\CortexM3\ARM_GCC_541\Debug\usb_echo.a(USB_Dp.o)
 .debug_line    0x000013e3      0x816 .\CortexM3\ARM_GCC_541\Debug\usb_echo.a(CyLib.o)
 .debug_line    0x00001bf9      0x367 .\CortexM3\ARM_GCC_541\Debug\usb_echo.a(cyPm.o)
 .debug_line    0x00001f60      0x1dc .\CortexM3\ARM_GCC_541\Debug\usb_echo.a(LCD.o)
 .debug_line    0x0000213c      0x2bc .\CortexM3\ARM_GCC_541\Debug\usb_echo.a(UART.o)
 .debug_line    0x000023f8      0x133 .\CortexM3\ARM_GCC_541\Debug\usb_echo.a(rx_int.o)
 .debug_line    0x0000252b      0x17c .\CortexM3\ARM_GCC_541\Debug\usb_echo.a(UART_IntClock.o)
 .debug_line    0x000026a7       0x66 .\CortexM3\ARM_GCC_541\Debug\usb_echo.a(CyBootAsmGnu.o)
 .debug_line    0x0000270d       0x7b .\CortexM3\ARM_GCC_541\Debug\usb_echo.a(USB_cls.o)
 .debug_line    0x00002788       0x59 .\CortexM3\ARM_GCC_541\Debug\usb_echo.a(USB_descr.o)
 .debug_line    0x000027e1      0x21a .\CortexM3\ARM_GCC_541\Debug\usb_echo.a(CyFlash.o)
 .debug_line    0x000029fb      0x260 .\CortexM3\ARM_GCC_541\Debug\usb_echo.a(CySpc.o)

.debug_frame    0x00000000     0x1e0c
 *(.debug_frame)
 .debug_frame   0x00000000       0x80 .\CortexM3\ARM_GCC_541\Debug\main.o
 .debug_frame   0x00000080       0xe4 .\CortexM3\ARM_GCC_541\Debug\cyfitter_cfg.o
 .debug_frame   0x00000164       0xb8 .\CortexM3\ARM_GCC_541\Debug\Cm3Start.o
 .debug_frame   0x0000021c      0x1dc .\CortexM3\ARM_GCC_541\Debug\usb_echo.a(USB.o)
 .debug_frame   0x000003f8      0x194 .\CortexM3\ARM_GCC_541\Debug\usb_echo.a(USB_drv.o)
 .debug_frame   0x0000058c       0x4c .\CortexM3\ARM_GCC_541\Debug\usb_echo.a(USB_episr.o)
 .debug_frame   0x000005d8       0xa0 .\CortexM3\ARM_GCC_541\Debug\usb_echo.a(USB_pm.o)
 .debug_frame   0x00000678      0x150 .\CortexM3\ARM_GCC_541\Debug\usb_echo.a(USB_std.o)
 .debug_frame   0x000007c8       0x20 .\CortexM3\ARM_GCC_541\Debug\usb_echo.a(USB_vnd.o)
 .debug_frame   0x000007e8       0x70 .\CortexM3\ARM_GCC_541\Debug\usb_echo.a(USB_Dp.o)
 .debug_frame   0x00000858      0x738 .\CortexM3\ARM_GCC_541\Debug\usb_echo.a(CyLib.o)
 .debug_frame   0x00000f90      0x1f8 .\CortexM3\ARM_GCC_541\Debug\usb_echo.a(cyPm.o)
 .debug_frame   0x00001188      0x1e8 .\CortexM3\ARM_GCC_541\Debug\usb_echo.a(LCD.o)
 .debug_frame   0x00001370      0x250 .\CortexM3\ARM_GCC_541\Debug\usb_echo.a(UART.o)
 .debug_frame   0x000015c0      0x104 .\CortexM3\ARM_GCC_541\Debug\usb_echo.a(rx_int.o)
 .debug_frame   0x000016c4       0xe0 .\CortexM3\ARM_GCC_541\Debug\usb_echo.a(UART_IntClock.o)
 .debug_frame   0x000017a4       0x20 .\CortexM3\ARM_GCC_541\Debug\usb_echo.a(USB_cls.o)
 .debug_frame   0x000017c4      0x194 .\CortexM3\ARM_GCC_541\Debug\usb_echo.a(CyFlash.o)
 .debug_frame   0x00001958      0x180 .\CortexM3\ARM_GCC_541\Debug\usb_echo.a(CySpc.o)
 .debug_frame   0x00001ad8       0x30 c:/program files (x86)/cypress/psoc creator/4.2/psoc creator/import/gnu/arm/5.4.1/bin/../lib/gcc/arm-none-eabi/5.4.1/../../../../arm-none-eabi/lib/armv7-m\libg_nano.a(lib_a-atoi.o)
 .debug_frame   0x00001b08       0x20 c:/program files (x86)/cypress/psoc creator/4.2/psoc creator/import/gnu/arm/5.4.1/bin/../lib/gcc/arm-none-eabi/5.4.1/../../../../arm-none-eabi/lib/armv7-m\libg_nano.a(lib_a-errno.o)
 .debug_frame   0x00001b28       0x28 c:/program files (x86)/cypress/psoc creator/4.2/psoc creator/import/gnu/arm/5.4.1/bin/../lib/gcc/arm-none-eabi/5.4.1/../../../../arm-none-eabi/lib/armv7-m\libg_nano.a(lib_a-exit.o)
 .debug_frame   0x00001b50       0x2c c:/program files (x86)/cypress/psoc creator/4.2/psoc creator/import/gnu/arm/5.4.1/bin/../lib/gcc/arm-none-eabi/5.4.1/../../../../arm-none-eabi/lib/armv7-m\libg_nano.a(lib_a-init.o)
 .debug_frame   0x00001b7c       0x28 c:/program files (x86)/cypress/psoc creator/4.2/psoc creator/import/gnu/arm/5.4.1/bin/../lib/gcc/arm-none-eabi/5.4.1/../../../../arm-none-eabi/lib/armv7-m\libg_nano.a(lib_a-memcpy-stub.o)
 .debug_frame   0x00001ba4       0x20 c:/program files (x86)/cypress/psoc creator/4.2/psoc creator/import/gnu/arm/5.4.1/bin/../lib/gcc/arm-none-eabi/5.4.1/../../../../arm-none-eabi/lib/armv7-m\libg_nano.a(lib_a-memset.o)
 .debug_frame   0x00001bc4       0x20 c:/program files (x86)/cypress/psoc creator/4.2/psoc creator/import/gnu/arm/5.4.1/bin/../lib/gcc/arm-none-eabi/5.4.1/../../../../arm-none-eabi/lib/armv7-m\libg_nano.a(lib_a-strcmp.o)
 .debug_frame   0x00001be4       0x20 c:/program files (x86)/cypress/psoc creator/4.2/psoc creator/import/gnu/arm/5.4.1/bin/../lib/gcc/arm-none-eabi/5.4.1/../../../../arm-none-eabi/lib/armv7-m\libg_nano.a(lib_a-strcpy.o)
 .debug_frame   0x00001c04       0x38 c:/program files (x86)/cypress/psoc creator/4.2/psoc creator/import/gnu/arm/5.4.1/bin/../lib/gcc/arm-none-eabi/5.4.1/../../../../arm-none-eabi/lib/armv7-m\libg_nano.a(lib_a-strtok.o)
 .debug_frame   0x00001c3c       0x40 c:/program files (x86)/cypress/psoc creator/4.2/psoc creator/import/gnu/arm/5.4.1/bin/../lib/gcc/arm-none-eabi/5.4.1/../../../../arm-none-eabi/lib/armv7-m\libg_nano.a(lib_a-strtok_r.o)
 .debug_frame   0x00001c7c       0x44 c:/program files (x86)/cypress/psoc creator/4.2/psoc creator/import/gnu/arm/5.4.1/bin/../lib/gcc/arm-none-eabi/5.4.1/../../../../arm-none-eabi/lib/armv7-m\libg_nano.a(lib_a-strtol.o)
 .debug_frame   0x00001cc0       0x30 c:/program files (x86)/cypress/psoc creator/4.2/psoc creator/import/gnu/arm/5.4.1/bin/../lib/gcc/arm-none-eabi/5.4.1/../../../../arm-none-eabi/lib/armv7-m\libg_nano.a(lib_a-malloc.o)
 .debug_frame   0x00001cf0       0x38 c:/program files (x86)/cypress/psoc creator/4.2/psoc creator/import/gnu/arm/5.4.1/bin/../lib/gcc/arm-none-eabi/5.4.1/../../../../arm-none-eabi/lib/armv7-m\libg_nano.a(lib_a-nano-freer.o)
 .debug_frame   0x00001d28       0x2c c:/program files (x86)/cypress/psoc creator/4.2/psoc creator/import/gnu/arm/5.4.1/bin/../lib/gcc/arm-none-eabi/5.4.1/../../../../arm-none-eabi/lib/armv7-m\libg_nano.a(lib_a-nano-mallocr.o)
 .debug_frame   0x00001d54       0x2c c:/program files (x86)/cypress/psoc creator/4.2/psoc creator/import/gnu/arm/5.4.1/bin/../lib/gcc/arm-none-eabi/5.4.1/../../../../arm-none-eabi/lib/armv7-m\libg_nano.a(lib_a-sbrkr.o)
 .debug_frame   0x00001d80       0x30 c:/program files (x86)/cypress/psoc creator/4.2/psoc creator/import/gnu/arm/5.4.1/bin/../lib/gcc/arm-none-eabi/5.4.1/../../../../arm-none-eabi/lib/armv7-m\libg_nano.a(lib_a-mlock.o)
 .debug_frame   0x00001db0       0x5c c:/program files (x86)/cypress/psoc creator/4.2/psoc creator/import/gnu/arm/5.4.1/bin/../lib/gcc/arm-none-eabi/5.4.1/../../../../arm-none-eabi/lib/armv7-m\libg_nano.a(lib_a-reent.o)

.debug_str      0x00000000     0x2581
 *(.debug_str)
 .debug_str     0x00000000      0x36d .\CortexM3\ARM_GCC_541\Debug\main.o
                                0x3c9 (size before relaxing)
 .debug_str     0x0000036d      0x19b .\CortexM3\ARM_GCC_541\Debug\cyfitter_cfg.o
                                0x33c (size before relaxing)
 .debug_str     0x00000508       0x7f .\CortexM3\ARM_GCC_541\Debug\cymetadata.o
                                0x1dc (size before relaxing)
 .debug_str     0x00000587      0x144 .\CortexM3\ARM_GCC_541\Debug\Cm3Start.o
                                0x302 (size before relaxing)
 .debug_str     0x000006cb      0x396 .\CortexM3\ARM_GCC_541\Debug\usb_echo.a(USB.o)
                                0x5c2 (size before relaxing)
 .debug_str     0x00000a61      0x2de .\CortexM3\ARM_GCC_541\Debug\usb_echo.a(USB_drv.o)
                                0x598 (size before relaxing)
 .debug_str     0x00000d3f       0x4f .\CortexM3\ARM_GCC_541\Debug\usb_echo.a(USB_episr.o)
                                0x292 (size before relaxing)
 .debug_str     0x00000d8e       0x9e .\CortexM3\ARM_GCC_541\Debug\usb_echo.a(USB_pm.o)
                                0x2b8 (size before relaxing)
 .debug_str     0x00000e2c      0x207 .\CortexM3\ARM_GCC_541\Debug\usb_echo.a(USB_std.o)
                                0x674 (size before relaxing)
 .debug_str     0x00001033       0x21 .\CortexM3\ARM_GCC_541\Debug\usb_echo.a(USB_vnd.o)
                                0x1d9 (size before relaxing)
 .debug_str     0x00001054       0x8c .\CortexM3\ARM_GCC_541\Debug\usb_echo.a(USB_Dp.o)
                                0x21d (size before relaxing)
 .debug_str     0x000010e0      0x7e3 .\CortexM3\ARM_GCC_541\Debug\usb_echo.a(CyLib.o)
                                0xa3f (size before relaxing)
 .debug_str     0x000018c3      0x365 .\CortexM3\ARM_GCC_541\Debug\usb_echo.a(cyPm.o)
                                0x72b (size before relaxing)
 .debug_str     0x00001c28      0x141 .\CortexM3\ARM_GCC_541\Debug\usb_echo.a(LCD.o)
                                0x323 (size before relaxing)
 .debug_str     0x00001d69      0x24e .\CortexM3\ARM_GCC_541\Debug\usb_echo.a(UART.o)
                                0x46d (size before relaxing)
 .debug_str     0x00001fb7       0xe5 .\CortexM3\ARM_GCC_541\Debug\usb_echo.a(rx_int.o)
                                0x2ac (size before relaxing)
 .debug_str     0x0000209c      0x183 .\CortexM3\ARM_GCC_541\Debug\usb_echo.a(UART_IntClock.o)
                                0x32e (size before relaxing)
 .debug_str     0x0000221f       0x21 .\CortexM3\ARM_GCC_541\Debug\usb_echo.a(USB_cls.o)
                                0x25c (size before relaxing)
 .debug_str     0x00002240       0xe1 .\CortexM3\ARM_GCC_541\Debug\usb_echo.a(USB_descr.o)
                                0x2e1 (size before relaxing)
 .debug_str     0x00002321      0x1b4 .\CortexM3\ARM_GCC_541\Debug\usb_echo.a(CyFlash.o)
                                0x3b8 (size before relaxing)
 .debug_str     0x000024d5       0xac .\CortexM3\ARM_GCC_541\Debug\usb_echo.a(CySpc.o)
                                0x330 (size before relaxing)

.debug_loc      0x00000000     0x321a
 *(.debug_loc)
 .debug_loc     0x00000000      0x1b1 .\CortexM3\ARM_GCC_541\Debug\main.o
 .debug_loc     0x000001b1      0x25a .\CortexM3\ARM_GCC_541\Debug\cyfitter_cfg.o
 .debug_loc     0x0000040b      0x144 .\CortexM3\ARM_GCC_541\Debug\Cm3Start.o
 .debug_loc     0x0000054f      0x3e1 .\CortexM3\ARM_GCC_541\Debug\usb_echo.a(USB.o)
 .debug_loc     0x00000930      0x171 .\CortexM3\ARM_GCC_541\Debug\usb_echo.a(USB_drv.o)
 .debug_loc     0x00000aa1       0x26 .\CortexM3\ARM_GCC_541\Debug\usb_echo.a(USB_pm.o)
 .debug_loc     0x00000ac7      0x883 .\CortexM3\ARM_GCC_541\Debug\usb_echo.a(USB_std.o)
 .debug_loc     0x0000134a       0x84 .\CortexM3\ARM_GCC_541\Debug\usb_echo.a(USB_Dp.o)
 .debug_loc     0x000013ce      0xa11 .\CortexM3\ARM_GCC_541\Debug\usb_echo.a(CyLib.o)
 .debug_loc     0x00001ddf      0x1e4 .\CortexM3\ARM_GCC_541\Debug\usb_echo.a(cyPm.o)
 .debug_loc     0x00001fc3      0x3c6 .\CortexM3\ARM_GCC_541\Debug\usb_echo.a(LCD.o)
 .debug_loc     0x00002389      0x258 .\CortexM3\ARM_GCC_541\Debug\usb_echo.a(UART.o)
 .debug_loc     0x000025e1       0x56 .\CortexM3\ARM_GCC_541\Debug\usb_echo.a(rx_int.o)
 .debug_loc     0x00002637      0x12c .\CortexM3\ARM_GCC_541\Debug\usb_echo.a(UART_IntClock.o)
 .debug_loc     0x00002763      0x3b2 .\CortexM3\ARM_GCC_541\Debug\usb_echo.a(CyFlash.o)
 .debug_loc     0x00002b15      0x705 .\CortexM3\ARM_GCC_541\Debug\usb_echo.a(CySpc.o)

.debug_macinfo
 *(.debug_macinfo)

.debug_ranges   0x00000000      0x940
 *(.debug_ranges)
 .debug_ranges  0x00000000       0x20 .\CortexM3\ARM_GCC_541\Debug\main.o
 .debug_ranges  0x00000020       0x48 .\CortexM3\ARM_GCC_541\Debug\cyfitter_cfg.o
 .debug_ranges  0x00000068       0x38 .\CortexM3\ARM_GCC_541\Debug\Cm3Start.o
 .debug_ranges  0x000000a0       0xd0 .\CortexM3\ARM_GCC_541\Debug\usb_echo.a(USB.o)
 .debug_ranges  0x00000170       0x88 .\CortexM3\ARM_GCC_541\Debug\usb_echo.a(USB_drv.o)
 .debug_ranges  0x000001f8       0x20 .\CortexM3\ARM_GCC_541\Debug\usb_echo.a(USB_episr.o)
 .debug_ranges  0x00000218       0x30 .\CortexM3\ARM_GCC_541\Debug\usb_echo.a(USB_pm.o)
 .debug_ranges  0x00000248       0x68 .\CortexM3\ARM_GCC_541\Debug\usb_echo.a(USB_std.o)
 .debug_ranges  0x000002b0       0x10 .\CortexM3\ARM_GCC_541\Debug\usb_echo.a(USB_vnd.o)
 .debug_ranges  0x000002c0       0x38 .\CortexM3\ARM_GCC_541\Debug\usb_echo.a(USB_Dp.o)
 .debug_ranges  0x000002f8      0x290 .\CortexM3\ARM_GCC_541\Debug\usb_echo.a(CyLib.o)
 .debug_ranges  0x00000588       0x88 .\CortexM3\ARM_GCC_541\Debug\usb_echo.a(cyPm.o)
 .debug_ranges  0x00000610       0x88 .\CortexM3\ARM_GCC_541\Debug\usb_echo.a(LCD.o)
 .debug_ranges  0x00000698       0xe0 .\CortexM3\ARM_GCC_541\Debug\usb_echo.a(UART.o)
 .debug_ranges  0x00000778       0x70 .\CortexM3\ARM_GCC_541\Debug\usb_echo.a(rx_int.o)
 .debug_ranges  0x000007e8       0x60 .\CortexM3\ARM_GCC_541\Debug\usb_echo.a(UART_IntClock.o)
 .debug_ranges  0x00000848       0x10 .\CortexM3\ARM_GCC_541\Debug\usb_echo.a(USB_cls.o)
 .debug_ranges  0x00000858       0x78 .\CortexM3\ARM_GCC_541\Debug\usb_echo.a(CyFlash.o)
 .debug_ranges  0x000008d0       0x70 .\CortexM3\ARM_GCC_541\Debug\usb_echo.a(CySpc.o)

.comment        0x00000000       0x6e
 .comment       0x00000000       0x6e .\CortexM3\ARM_GCC_541\Debug\main.o
                                 0x6f (size before relaxing)
 .comment       0x0000006e       0x6f .\CortexM3\ARM_GCC_541\Debug\cyfitter_cfg.o
 .comment       0x0000006e       0x6f .\CortexM3\ARM_GCC_541\Debug\cymetadata.o
 .comment       0x0000006e       0x6f .\CortexM3\ARM_GCC_541\Debug\Cm3Start.o
 .comment       0x0000006e       0x6f .\CortexM3\ARM_GCC_541\Debug\usb_echo.a(USB.o)
 .comment       0x0000006e       0x6f .\CortexM3\ARM_GCC_541\Debug\usb_echo.a(USB_drv.o)
 .comment       0x0000006e       0x6f .\CortexM3\ARM_GCC_541\Debug\usb_echo.a(USB_episr.o)
 .comment       0x0000006e       0x6f .\CortexM3\ARM_GCC_541\Debug\usb_echo.a(USB_pm.o)
 .comment       0x0000006e       0x6f .\CortexM3\ARM_GCC_541\Debug\usb_echo.a(USB_std.o)
 .comment       0x0000006e       0x6f .\CortexM3\ARM_GCC_541\Debug\usb_echo.a(USB_vnd.o)
 .comment       0x0000006e       0x6f .\CortexM3\ARM_GCC_541\Debug\usb_echo.a(USB_Dp.o)
 .comment       0x0000006e       0x6f .\CortexM3\ARM_GCC_541\Debug\usb_echo.a(CyLib.o)
 .comment       0x0000006e       0x6f .\CortexM3\ARM_GCC_541\Debug\usb_echo.a(cyPm.o)
 .comment       0x0000006e       0x6f .\CortexM3\ARM_GCC_541\Debug\usb_echo.a(LCD.o)
 .comment       0x0000006e       0x6f .\CortexM3\ARM_GCC_541\Debug\usb_echo.a(UART.o)
 .comment       0x0000006e       0x6f .\CortexM3\ARM_GCC_541\Debug\usb_echo.a(rx_int.o)
 .comment       0x0000006e       0x6f .\CortexM3\ARM_GCC_541\Debug\usb_echo.a(UART_IntClock.o)
 .comment       0x0000006e       0x6f .\CortexM3\ARM_GCC_541\Debug\usb_echo.a(USB_cls.o)
 .comment       0x0000006e       0x6f .\CortexM3\ARM_GCC_541\Debug\usb_echo.a(USB_descr.o)
 .comment       0x0000006e       0x6f .\CortexM3\ARM_GCC_541\Debug\usb_echo.a(CyFlash.o)
 .comment       0x0000006e       0x6f .\CortexM3\ARM_GCC_541\Debug\usb_echo.a(CySpc.o)

.debug_weaknames
 *(.debug_weaknames)

.debug_funcnames
 *(.debug_funcnames)

.debug_typenames
 *(.debug_typenames)

.debug_varnames
 *(.debug_varnames)

.note.gnu.arm.ident
 *(.note.gnu.arm.ident)

.ARM.attributes
                0x00000000       0x29
 *(.ARM.attributes)
 .ARM.attributes
                0x00000000       0x1d c:/program files (x86)/cypress/psoc creator/4.2/psoc creator/import/gnu/arm/5.4.1/bin/../lib/gcc/arm-none-eabi/5.4.1/armv7-m/crti.o
 .ARM.attributes
                0x0000001d       0x2d c:/program files (x86)/cypress/psoc creator/4.2/psoc creator/import/gnu/arm/5.4.1/bin/../lib/gcc/arm-none-eabi/5.4.1/armv7-m/crtbegin.o
 .ARM.attributes
                0x0000004a       0x1b c:/program files (x86)/cypress/psoc creator/4.2/psoc creator/import/gnu/arm/5.4.1/bin/../lib/gcc/arm-none-eabi/5.4.1/../../../../arm-none-eabi/lib/armv7-m/crt0.o
 .ARM.attributes
                0x00000065       0x33 .\CortexM3\ARM_GCC_541\Debug\main.o
 .ARM.attributes
                0x00000098       0x33 .\CortexM3\ARM_GCC_541\Debug\cyfitter_cfg.o
 .ARM.attributes
                0x000000cb       0x33 .\CortexM3\ARM_GCC_541\Debug\cymetadata.o
 .ARM.attributes
                0x000000fe       0x33 .\CortexM3\ARM_GCC_541\Debug\Cm3Start.o
 .ARM.attributes
                0x00000131       0x33 .\CortexM3\ARM_GCC_541\Debug\usb_echo.a(USB.o)
 .ARM.attributes
                0x00000164       0x33 .\CortexM3\ARM_GCC_541\Debug\usb_echo.a(USB_drv.o)
 .ARM.attributes
                0x00000197       0x33 .\CortexM3\ARM_GCC_541\Debug\usb_echo.a(USB_episr.o)
 .ARM.attributes
                0x000001ca       0x33 .\CortexM3\ARM_GCC_541\Debug\usb_echo.a(USB_pm.o)
 .ARM.attributes
                0x000001fd       0x33 .\CortexM3\ARM_GCC_541\Debug\usb_echo.a(USB_std.o)
 .ARM.attributes
                0x00000230       0x33 .\CortexM3\ARM_GCC_541\Debug\usb_echo.a(USB_vnd.o)
 .ARM.attributes
                0x00000263       0x33 .\CortexM3\ARM_GCC_541\Debug\usb_echo.a(USB_Dp.o)
 .ARM.attributes
                0x00000296       0x33 .\CortexM3\ARM_GCC_541\Debug\usb_echo.a(CyLib.o)
 .ARM.attributes
                0x000002c9       0x33 .\CortexM3\ARM_GCC_541\Debug\usb_echo.a(cyPm.o)
 .ARM.attributes
                0x000002fc       0x33 .\CortexM3\ARM_GCC_541\Debug\usb_echo.a(LCD.o)
 .ARM.attributes
                0x0000032f       0x33 .\CortexM3\ARM_GCC_541\Debug\usb_echo.a(UART.o)
 .ARM.attributes
                0x00000362       0x33 .\CortexM3\ARM_GCC_541\Debug\usb_echo.a(rx_int.o)
 .ARM.attributes
                0x00000395       0x33 .\CortexM3\ARM_GCC_541\Debug\usb_echo.a(UART_IntClock.o)
 .ARM.attributes
                0x000003c8       0x21 .\CortexM3\ARM_GCC_541\Debug\usb_echo.a(CyBootAsmGnu.o)
 .ARM.attributes
                0x000003e9       0x33 .\CortexM3\ARM_GCC_541\Debug\usb_echo.a(USB_cls.o)
 .ARM.attributes
                0x0000041c       0x33 .\CortexM3\ARM_GCC_541\Debug\usb_echo.a(USB_descr.o)
 .ARM.attributes
                0x0000044f       0x33 .\CortexM3\ARM_GCC_541\Debug\usb_echo.a(CyFlash.o)
 .ARM.attributes
                0x00000482       0x33 .\CortexM3\ARM_GCC_541\Debug\usb_echo.a(CySpc.o)
 .ARM.attributes
                0x000004b5       0x2d c:/program files (x86)/cypress/psoc creator/4.2/psoc creator/import/gnu/arm/5.4.1/bin/../lib/gcc/arm-none-eabi/5.4.1/../../../../arm-none-eabi/lib/armv7-m\libg_nano.a(lib_a-atoi.o)
 .ARM.attributes
                0x000004e2       0x2d c:/program files (x86)/cypress/psoc creator/4.2/psoc creator/import/gnu/arm/5.4.1/bin/../lib/gcc/arm-none-eabi/5.4.1/../../../../arm-none-eabi/lib/armv7-m\libg_nano.a(lib_a-errno.o)
 .ARM.attributes
                0x0000050f       0x2d c:/program files (x86)/cypress/psoc creator/4.2/psoc creator/import/gnu/arm/5.4.1/bin/../lib/gcc/arm-none-eabi/5.4.1/../../../../arm-none-eabi/lib/armv7-m\libg_nano.a(lib_a-exit.o)
 .ARM.attributes
                0x0000053c       0x2d c:/program files (x86)/cypress/psoc creator/4.2/psoc creator/import/gnu/arm/5.4.1/bin/../lib/gcc/arm-none-eabi/5.4.1/../../../../arm-none-eabi/lib/armv7-m\libg_nano.a(lib_a-impure.o)
 .ARM.attributes
                0x00000569       0x2d c:/program files (x86)/cypress/psoc creator/4.2/psoc creator/import/gnu/arm/5.4.1/bin/../lib/gcc/arm-none-eabi/5.4.1/../../../../arm-none-eabi/lib/armv7-m\libg_nano.a(lib_a-init.o)
 .ARM.attributes
                0x00000596       0x2d c:/program files (x86)/cypress/psoc creator/4.2/psoc creator/import/gnu/arm/5.4.1/bin/../lib/gcc/arm-none-eabi/5.4.1/../../../../arm-none-eabi/lib/armv7-m\libg_nano.a(lib_a-memcpy-stub.o)
 .ARM.attributes
                0x000005c3       0x2d c:/program files (x86)/cypress/psoc creator/4.2/psoc creator/import/gnu/arm/5.4.1/bin/../lib/gcc/arm-none-eabi/5.4.1/../../../../arm-none-eabi/lib/armv7-m\libg_nano.a(lib_a-memset.o)
 .ARM.attributes
                0x000005f0       0x1b c:/program files (x86)/cypress/psoc creator/4.2/psoc creator/import/gnu/arm/5.4.1/bin/../lib/gcc/arm-none-eabi/5.4.1/../../../../arm-none-eabi/lib/armv7-m\libg_nano.a(lib_a-strcmp.o)
 .ARM.attributes
                0x0000060b       0x2d c:/program files (x86)/cypress/psoc creator/4.2/psoc creator/import/gnu/arm/5.4.1/bin/../lib/gcc/arm-none-eabi/5.4.1/../../../../arm-none-eabi/lib/armv7-m\libg_nano.a(lib_a-strcpy.o)
 .ARM.attributes
                0x00000638       0x17 c:/program files (x86)/cypress/psoc creator/4.2/psoc creator/import/gnu/arm/5.4.1/bin/../lib/gcc/arm-none-eabi/5.4.1/../../../../arm-none-eabi/lib/armv7-m\libg_nano.a(lib_a-strlen.o)
 .ARM.attributes
                0x0000064f       0x2d c:/program files (x86)/cypress/psoc creator/4.2/psoc creator/import/gnu/arm/5.4.1/bin/../lib/gcc/arm-none-eabi/5.4.1/../../../../arm-none-eabi/lib/armv7-m\libg_nano.a(lib_a-strtok.o)
 .ARM.attributes
                0x0000067c       0x2d c:/program files (x86)/cypress/psoc creator/4.2/psoc creator/import/gnu/arm/5.4.1/bin/../lib/gcc/arm-none-eabi/5.4.1/../../../../arm-none-eabi/lib/armv7-m\libg_nano.a(lib_a-strtok_r.o)
 .ARM.attributes
                0x000006a9       0x2d c:/program files (x86)/cypress/psoc creator/4.2/psoc creator/import/gnu/arm/5.4.1/bin/../lib/gcc/arm-none-eabi/5.4.1/../../../../arm-none-eabi/lib/armv7-m\libg_nano.a(lib_a-strtol.o)
 .ARM.attributes
                0x000006d6       0x2d c:/program files (x86)/cypress/psoc creator/4.2/psoc creator/import/gnu/arm/5.4.1/bin/../lib/gcc/arm-none-eabi/5.4.1/../../../../arm-none-eabi/lib/armv7-m\libg_nano.a(lib_a-ctype_.o)
 .ARM.attributes
                0x00000703       0x2d c:/program files (x86)/cypress/psoc creator/4.2/psoc creator/import/gnu/arm/5.4.1/bin/../lib/gcc/arm-none-eabi/5.4.1/../../../../arm-none-eabi/lib/armv7-m\libg_nano.a(lib_a-malloc.o)
 .ARM.attributes
                0x00000730       0x2d c:/program files (x86)/cypress/psoc creator/4.2/psoc creator/import/gnu/arm/5.4.1/bin/../lib/gcc/arm-none-eabi/5.4.1/../../../../arm-none-eabi/lib/armv7-m\libg_nano.a(lib_a-nano-freer.o)
 .ARM.attributes
                0x0000075d       0x2d c:/program files (x86)/cypress/psoc creator/4.2/psoc creator/import/gnu/arm/5.4.1/bin/../lib/gcc/arm-none-eabi/5.4.1/../../../../arm-none-eabi/lib/armv7-m\libg_nano.a(lib_a-nano-mallocr.o)
 .ARM.attributes
                0x0000078a       0x2d c:/program files (x86)/cypress/psoc creator/4.2/psoc creator/import/gnu/arm/5.4.1/bin/../lib/gcc/arm-none-eabi/5.4.1/../../../../arm-none-eabi/lib/armv7-m\libg_nano.a(lib_a-sbrkr.o)
 .ARM.attributes
                0x000007b7       0x2d c:/program files (x86)/cypress/psoc creator/4.2/psoc creator/import/gnu/arm/5.4.1/bin/../lib/gcc/arm-none-eabi/5.4.1/../../../../arm-none-eabi/lib/armv7-m\libg_nano.a(lib_a-mlock.o)
 .ARM.attributes
                0x000007e4       0x2d c:/program files (x86)/cypress/psoc creator/4.2/psoc creator/import/gnu/arm/5.4.1/bin/../lib/gcc/arm-none-eabi/5.4.1/../../../../arm-none-eabi/lib/armv7-m\libg_nano.a(lib_a-reent.o)
 .ARM.attributes
                0x00000811       0x2d c:/program files (x86)/cypress/psoc creator/4.2/psoc creator/import/gnu/arm/5.4.1/bin/../lib/gcc/arm-none-eabi/5.4.1/armv7-m/crtend.o
 .ARM.attributes
                0x0000083e       0x1d c:/program files (x86)/cypress/psoc creator/4.2/psoc creator/import/gnu/arm/5.4.1/bin/../lib/gcc/arm-none-eabi/5.4.1/armv7-m/crtn.o

/DISCARD/
 *(.note.GNU-stack)
OUTPUT(C:\Users\Walaa\Downloads\usb_echo\usb_echo\usb_echo.cydsn\CortexM3\ARM_GCC_541\Debug\usb_echo.elf elf32-littlearm)
